
> tattva-co.---indian-gourmet-products@0.0.0 test:unit
> jest "(hooks|utils)" --coverage

node.exe : PASS hooks/__tests__/useProductFilter.test.ts
At line:1 char:1
+ & "C:\Program Files\nodejs/node.exe" "C:\Users\shubh\AppData\Roaming\ ...
+ ~~~~~~~~~~~~~~~~~~~~~~~~~~~~~~~~~~~~~~~~~~~~~~~~~~~~~~~~~~~~~~~~~~~~~
    + CategoryInfo          : NotSpecified: (PASS hooks/__te...tFilter.test.ts:String) [], RemoteException
    + FullyQualifiedErrorId : NativeCommandError
 
FAIL hooks/__tests__/useCart.test.ts (12.238 s)
  ΓùÅ useCart ΓÇ║ removeFromCart ΓÇ║ should only remove specified variant

    expect(received).toHaveLength(expected)

    Expected length: 2
    Received length: 1
    Received array:  [{"product": {"category": "spices", "description": "Finest quality saffron", "id": 1, "images": 
["/images/products/saffron-1.svg"], "name": "Premium Saffron", "origin": "Kashmir", "reviews": [], "tags": ["organic", "premium"], 
"variants": []}, "quantity": 1, "selectedVariant": {"id": 2, "name": "10g", "price": 5499, "salePrice": 4999, "stock": 5}}]

    Ignored nodes: comments, script, style
    [36m<html>[39m
      [36m<head />[39m
      [36m<body>[39m
        [36m<div />[39m
      [36m</body>[39m
    [36m</html>[39m

    [0m [90m 249 |[39m
     [90m 250 |[39m       [36mawait[39m waitFor(() [33m=>[39m {
    [31m[1m>[22m[39m[90m 251 |[39m         
expect(result[33m.[39mcurrent[33m.[39mcartItems)[33m.[39mtoHaveLength([35m2[39m)[33m;[39m
     [90m     |[39m                                          [31m[1m^[22m[39m
     [90m 252 |[39m       })[33m;[39m
     [90m 253 |[39m
     [90m 254 |[39m       act(() [33m=>[39m {[0m

      at hooks/__tests__/useCart.test.ts:251:42
      at runWithExpensiveErrorDiagnosticsDisabled (node_modules/@testing-library/dom/dist/config.js:47:12)
      at checkCallback (node_modules/@testing-library/dom/dist/wait-for.js:124:77)
      at checkRealTimersCallback (node_modules/@testing-library/dom/dist/wait-for.js:118:16)
      at Timeout.task [as _onTimeout] (node_modules/jsdom/lib/jsdom/browser/Window.js:579:19)

  ΓùÅ useCart ΓÇ║ removeFromCart ΓÇ║ should not affect other products when removing

    expect(received).toHaveLength(expected)

    Expected length: 2
    Received length: 1
    Received array:  [{"product": {"category": "spices", "description": "Finest quality saffron", "id": 2, "images": 
["/images/products/saffron-1.svg"], "name": "Black Pepper", "origin": "Kashmir", "reviews": [], "tags": ["organic", "premium"], "variants": 
[]}, "quantity": 1, "selectedVariant": {"id": 1, "name": "5g", "price": 2999, "salePrice": 2499, "stock": 10}}]

    Ignored nodes: comments, script, style
    [36m<html>[39m
      [36m<head />[39m
      [36m<body>[39m
        [36m<div />[39m
      [36m</body>[39m
    [36m</html>[39m

    [0m [90m 271 |[39m
     [90m 272 |[39m       [36mawait[39m waitFor(() [33m=>[39m {
    [31m[1m>[22m[39m[90m 273 |[39m         
expect(result[33m.[39mcurrent[33m.[39mcartItems)[33m.[39mtoHaveLength([35m2[39m)[33m;[39m
     [90m     |[39m                                          [31m[1m^[22m[39m
     [90m 274 |[39m       })[33m;[39m
     [90m 275 |[39m
     [90m 276 |[39m       act(() [33m=>[39m {[0m

      at hooks/__tests__/useCart.test.ts:273:42
      at runWithExpensiveErrorDiagnosticsDisabled (node_modules/@testing-library/dom/dist/config.js:47:12)
      at checkCallback (node_modules/@testing-library/dom/dist/wait-for.js:124:77)
      at checkRealTimersCallback (node_modules/@testing-library/dom/dist/wait-for.js:118:16)
      at Timeout.task [as _onTimeout] (node_modules/jsdom/lib/jsdom/browser/Window.js:579:19)

  ΓùÅ useCart ΓÇ║ clearCart ΓÇ║ should remove all items from cart

    expect(received).toHaveLength(expected)

    Expected length: 3
    Received length: 1
    Received array:  [{"product": {"category": "spices", "description": "Finest quality saffron", "id": 2, "images": 
["/images/products/saffron-1.svg"], "name": "Black Pepper", "origin": "Kashmir", "reviews": [], "tags": ["organic", "premium"], "variants": 
[]}, "quantity": 3, "selectedVariant": {"id": 1, "name": "5g", "price": 2999, "salePrice": 2499, "stock": 10}}]

    Ignored nodes: comments, script, style
    [36m<html>[39m
      [36m<head />[39m
      [36m<body>[39m
        [36m<div />[39m
      [36m</body>[39m
    [36m</html>[39m

    [0m [90m 379 |[39m
     [90m 380 |[39m       [36mawait[39m waitFor(() [33m=>[39m {
    [31m[1m>[22m[39m[90m 381 |[39m         
expect(result[33m.[39mcurrent[33m.[39mcartItems)[33m.[39mtoHaveLength([35m3[39m)[33m;[39m
     [90m     |[39m                                          [31m[1m^[22m[39m
     [90m 382 |[39m       })[33m;[39m
     [90m 383 |[39m
     [90m 384 |[39m       act(() [33m=>[39m {[0m

      at hooks/__tests__/useCart.test.ts:381:42
      at runWithExpensiveErrorDiagnosticsDisabled (node_modules/@testing-library/dom/dist/config.js:47:12)
      at checkCallback (node_modules/@testing-library/dom/dist/wait-for.js:124:77)
      at checkRealTimersCallback (node_modules/@testing-library/dom/dist/wait-for.js:118:16)
      at Timeout.task [as _onTimeout] (node_modules/jsdom/lib/jsdom/browser/Window.js:579:19)

  ΓùÅ useCart ΓÇ║ cartItemCount ΓÇ║ should calculate total item count

    expect(received).toBe(expected) // Object.is equality

    Expected: 6
    Received: 1

    Ignored nodes: comments, script, style
    [36m<html>[39m
      [36m<head />[39m
      [36m<body>[39m
        [36m<div />[39m
      [36m</body>[39m
    [36m</html>[39m

    [0m [90m 457 |[39m
     [90m 458 |[39m       [36mawait[39m waitFor(() [33m=>[39m {
    [31m[1m>[22m[39m[90m 459 |[39m         
expect(result[33m.[39mcurrent[33m.[39mcartItemCount)[33m.[39mtoBe([35m6[39m)[33m;[39m
     [90m     |[39m                                              [31m[1m^[22m[39m
     [90m 460 |[39m       })[33m;[39m
     [90m 461 |[39m     })[33m;[39m
     [90m 462 |[39m[0m

      at hooks/__tests__/useCart.test.ts:459:46
      at runWithExpensiveErrorDiagnosticsDisabled (node_modules/@testing-library/dom/dist/config.js:47:12)
      at checkCallback (node_modules/@testing-library/dom/dist/wait-for.js:124:77)
      at checkRealTimersCallback (node_modules/@testing-library/dom/dist/wait-for.js:118:16)
      at Timeout.task [as _onTimeout] (node_modules/jsdom/lib/jsdom/browser/Window.js:579:19)

  ΓùÅ useCart ΓÇ║ subtotal ΓÇ║ should calculate subtotal for multiple items

    expect(received).toBe(expected) // Object.is equality

    Expected: 9997
    Received: 4999

    Ignored nodes: comments, script, style
    [36m<html>[39m
      [36m<head />[39m
      [36m<body>[39m
        [36m<div />[39m
      [36m</body>[39m
    [36m</html>[39m

    [0m [90m 521 |[39m
     [90m 522 |[39m       [36mawait[39m waitFor(() [33m=>[39m {
    [31m[1m>[22m[39m[90m 523 |[39m         
expect(result[33m.[39mcurrent[33m.[39msubtotal)[33m.[39mtoBe([35m9997[39m)[33m;[39m
     [90m     |[39m                                         [31m[1m^[22m[39m
     [90m 524 |[39m       })[33m;[39m
     [90m 525 |[39m     })[33m;[39m
     [90m 526 |[39m[0m

      at hooks/__tests__/useCart.test.ts:523:41
      at runWithExpensiveErrorDiagnosticsDisabled (node_modules/@testing-library/dom/dist/config.js:47:12)
      at checkCallback (node_modules/@testing-library/dom/dist/wait-for.js:124:77)
      at checkRealTimersCallback (node_modules/@testing-library/dom/dist/wait-for.js:118:16)
      at Timeout.task [as _onTimeout] (node_modules/jsdom/lib/jsdom/browser/Window.js:579:19)

  ΓùÅ useCart ΓÇ║ Edge Cases ΓÇ║ should maintain state across multiple operations

    expect(received).toHaveLength(expected)

    Expected length: 2
    Received length: 1
    Received array:  [{"product": {"category": "spices", "description": "Finest quality saffron", "id": 2, "images": 
["/images/products/saffron-1.svg"], "name": "Black Pepper", "origin": "Kashmir", "reviews": [], "tags": ["organic", "premium"], "variants": 
[]}, "quantity": 3, "selectedVariant": {"id": 1, "name": "5g", "price": 2999, "salePrice": 2499, "stock": 10}}]

    Ignored nodes: comments, script, style
    [36m<html>[39m
      [36m<head />[39m
      [36m<body>[39m
        [36m<div />[39m
      [36m</body>[39m
    [36m</html>[39m

    [0m [90m 604 |[39m
     [90m 605 |[39m       [36mawait[39m waitFor(() [33m=>[39m {
    [31m[1m>[22m[39m[90m 606 |[39m         
expect(result[33m.[39mcurrent[33m.[39mcartItems)[33m.[39mtoHaveLength([35m2[39m)[33m;[39m
     [90m     |[39m                                          [31m[1m^[22m[39m
     [90m 607 |[39m       })[33m;[39m
     [90m 608 |[39m
     [90m 609 |[39m       [90m// Update quantity[39m[0m

      at hooks/__tests__/useCart.test.ts:606:42
      at runWithExpensiveErrorDiagnosticsDisabled (node_modules/@testing-library/dom/dist/config.js:47:12)
      at checkCallback (node_modules/@testing-library/dom/dist/wait-for.js:124:77)
      at checkRealTimersCallback (node_modules/@testing-library/dom/dist/wait-for.js:118:16)
      at Timeout.task [as _onTimeout] (node_modules/jsdom/lib/jsdom/browser/Window.js:579:19)

FAIL hooks/__tests__/useWishlist.test.ts (18.366 s)
  ΓùÅ useWishlist ΓÇ║ Initial State ΓÇ║ should load wishlist from localStorage on initialization

    expect(received).toEqual(expected) // deep equality

    - Expected  - 29
    + Received  +  1

    - Array [
    -   Object {
    -     "category": "spices",
    -     "description": "Finest quality saffron",
    -     "id": 1,
    -     "images": Array [
    -       "/images/products/saffron-1.svg",
    -     ],
    -     "name": "Premium Saffron",
    -     "origin": "Kashmir",
    -     "reviews": Array [],
    -     "tags": Array [
    -       "organic",
    -       "premium",
    -     ],
    -     "variants": Array [],
    -   },
    -   Object {
    -     "category": "spices",
    -     "description": "Organic black pepper",
    -     "id": 2,
    -     "images": Array [
    -       "/images/products/pepper-1.svg",
    -     ],
    -     "name": "Black Pepper",
    -     "reviews": Array [],
    -     "variants": Array [],
    -   },
    - ]
    + Array []

    [0m [90m 72 |[39m       [36mconst[39m { result } [33m=[39m renderHook(() [33m=>[39m useWishlist()[33m,[39m { 
wrapper[33m:[39m createWrapper() })[33m;[39m
     [90m 73 |[39m
    [31m[1m>[22m[39m[90m 74 |[39m       
expect(result[33m.[39mcurrent[33m.[39mwishlistItems)[33m.[39mtoEqual(savedWishlist)[33m;[39m
     [90m    |[39m                                            [31m[1m^[22m[39m
     [90m 75 |[39m       expect(result[33m.[39mcurrent[33m.[39mwishlistItemCount)[33m.[39mtoBe([35m2[39m)[33m;[39m
     [90m 76 |[39m     })[33m;[39m
     [90m 77 |[39m[0m

      at Object.<anonymous> (hooks/__tests__/useWishlist.test.ts:74:44)

  ΓùÅ useWishlist ΓÇ║ toggleWishlist ΓÇ║ should add multiple products to wishlist

    expect(received).toHaveLength(expected)

    Expected length: 3
    Received length: 1
    Received array:  [{"category": "spices", "description": "Pure turmeric powder", "id": 3, "images": ["/images/products/turmeric-1.svg"], 
"name": "Turmeric Powder", "reviews": [], "variants": []}]

    Ignored nodes: comments, script, style
    [36m<html>[39m
      [36m<head />[39m
      [36m<body>[39m
        [36m<div />[39m
      [36m</body>[39m
    [36m</html>[39m

    [0m [90m 144 |[39m
     [90m 145 |[39m       [36mawait[39m waitFor(() [33m=>[39m {
    [31m[1m>[22m[39m[90m 146 |[39m         
expect(result[33m.[39mcurrent[33m.[39mwishlistItems)[33m.[39mtoHaveLength([35m3[39m)[33m;[39m
     [90m     |[39m                                              [31m[1m^[22m[39m
     [90m 147 |[39m       })[33m;[39m
     [90m 148 |[39m       expect(result[33m.[39mcurrent[33m.[39mwishlistItems)[33m.[39mtoEqual([mockProduct1[33m,[39m 
mockProduct2[33m,[39m mockProduct3])[33m;[39m
     [90m 149 |[39m     })[33m;[39m[0m

      at hooks/__tests__/useWishlist.test.ts:146:46
      at runWithExpensiveErrorDiagnosticsDisabled (node_modules/@testing-library/dom/dist/config.js:47:12)
      at checkCallback (node_modules/@testing-library/dom/dist/wait-for.js:124:77)
      at checkRealTimersCallback (node_modules/@testing-library/dom/dist/wait-for.js:118:16)
      at Timeout.task [as _onTimeout] (node_modules/jsdom/lib/jsdom/browser/Window.js:579:19)

  ΓùÅ useWishlist ΓÇ║ toggleWishlist ΓÇ║ should only remove specified product

    expect(received).toHaveLength(expected)

    Expected length: 3
    Received length: 1
    Received array:  [{"category": "spices", "description": "Pure turmeric powder", "id": 3, "images": ["/images/products/turmeric-1.svg"], 
"name": "Turmeric Powder", "reviews": [], "variants": []}]

    Ignored nodes: comments, script, style
    [36m<html>[39m
      [36m<head />[39m
      [36m<body>[39m
        [36m<div />[39m
      [36m</body>[39m
    [36m</html>[39m

    [0m [90m 159 |[39m
     [90m 160 |[39m       [36mawait[39m waitFor(() [33m=>[39m {
    [31m[1m>[22m[39m[90m 161 |[39m         
expect(result[33m.[39mcurrent[33m.[39mwishlistItems)[33m.[39mtoHaveLength([35m3[39m)[33m;[39m
     [90m     |[39m                                              [31m[1m^[22m[39m
     [90m 162 |[39m       })[33m;[39m
     [90m 163 |[39m
     [90m 164 |[39m       act(() [33m=>[39m {[0m

      at hooks/__tests__/useWishlist.test.ts:161:46
      at runWithExpensiveErrorDiagnosticsDisabled (node_modules/@testing-library/dom/dist/config.js:47:12)
      at checkCallback (node_modules/@testing-library/dom/dist/wait-for.js:124:77)
      at checkRealTimersCallback (node_modules/@testing-library/dom/dist/wait-for.js:118:16)
      at Timeout.task [as _onTimeout] (node_modules/jsdom/lib/jsdom/browser/Window.js:579:19)

  ΓùÅ useWishlist ΓÇ║ toggleWishlist ΓÇ║ should persist wishlist to localStorage when removing

    expect(received).toHaveLength(expected)

    Expected length: 2
    Received length: 1
    Received array:  [{"category": "spices", "description": "Organic black pepper", "id": 2, "images": ["/images/products/pepper-1.svg"], 
"name": "Black Pepper", "reviews": [], "variants": []}]

    Ignored nodes: comments, script, style
    [36m<html>[39m
      [36m<head />[39m
      [36m<body>[39m
        [36m<div />[39m
      [36m</body>[39m
    [36m</html>[39m

    [0m [90m 196 |[39m
     [90m 197 |[39m       [36mawait[39m waitFor(() [33m=>[39m {
    [31m[1m>[22m[39m[90m 198 |[39m         
expect(result[33m.[39mcurrent[33m.[39mwishlistItems)[33m.[39mtoHaveLength([35m2[39m)[33m;[39m
     [90m     |[39m                                              [31m[1m^[22m[39m
     [90m 199 |[39m       }[33m,[39m { timeout[33m:[39m [35m2000[39m })[33m;[39m
     [90m 200 |[39m
     [90m 201 |[39m       act(() [33m=>[39m {[0m

      at timeout (hooks/__tests__/useWishlist.test.ts:198:46)
      at runWithExpensiveErrorDiagnosticsDisabled (node_modules/@testing-library/dom/dist/config.js:47:12)
      at checkCallback (node_modules/@testing-library/dom/dist/wait-for.js:124:77)
      at checkRealTimersCallback (node_modules/@testing-library/dom/dist/wait-for.js:118:16)
      at Timeout.task [as _onTimeout] (node_modules/jsdom/lib/jsdom/browser/Window.js:579:19)

  ΓùÅ useWishlist ΓÇ║ isInWishlist ΓÇ║ should correctly identify multiple products

    expect(received).toBe(expected) // Object.is equality

    Expected: true
    Received: false

    Ignored nodes: comments, script, style
    [36m<html>[39m
      [36m<head />[39m
      [36m<body>[39m
        [36m<div />[39m
      [36m</body>[39m
    [36m</html>[39m

    [0m [90m 259 |[39m
     [90m 260 |[39m       [36mawait[39m waitFor(() [33m=>[39m {
    [31m[1m>[22m[39m[90m 261 |[39m         
expect(result[33m.[39mcurrent[33m.[39misInWishlist(mockProduct1[33m.[39mid))[33m.[39mtoBe([36mtrue[39m)[33m;[39m
     [90m     |[39m                                                              [31m[1m^[22m[39m
     [90m 262 |[39m         
expect(result[33m.[39mcurrent[33m.[39misInWishlist(mockProduct2[33m.[39mid))[33m.[39mtoBe([36mfalse[39m)[33m;[39m
     [90m 263 |[39m         
expect(result[33m.[39mcurrent[33m.[39misInWishlist(mockProduct3[33m.[39mid))[33m.[39mtoBe([36mtrue[39m)[33m;[39m
     [90m 264 |[39m       })[33m;[39m[0m

      at hooks/__tests__/useWishlist.test.ts:261:62
      at runWithExpensiveErrorDiagnosticsDisabled (node_modules/@testing-library/dom/dist/config.js:47:12)
      at checkCallback (node_modules/@testing-library/dom/dist/wait-for.js:124:77)
      at checkRealTimersCallback (node_modules/@testing-library/dom/dist/wait-for.js:118:16)
      at Timeout.task [as _onTimeout] (node_modules/jsdom/lib/jsdom/browser/Window.js:579:19)

  ΓùÅ useWishlist ΓÇ║ clearWishlist ΓÇ║ should remove all items from wishlist

    expect(received).toHaveLength(expected)

    Expected length: 3
    Received length: 1
    Received array:  [{"category": "spices", "description": "Pure turmeric powder", "id": 3, "images": ["/images/products/turmeric-1.svg"], 
"name": "Turmeric Powder", "reviews": [], "variants": []}]

    Ignored nodes: comments, script, style
    [36m<html>[39m
      [36m<head />[39m
      [36m<body>[39m
        [36m<div />[39m
      [36m</body>[39m
    [36m</html>[39m

    [0m [90m 277 |[39m
     [90m 278 |[39m       [36mawait[39m waitFor(() [33m=>[39m {
    [31m[1m>[22m[39m[90m 279 |[39m         
expect(result[33m.[39mcurrent[33m.[39mwishlistItems)[33m.[39mtoHaveLength([35m3[39m)[33m;[39m
     [90m     |[39m                                              [31m[1m^[22m[39m
     [90m 280 |[39m       })[33m;[39m
     [90m 281 |[39m
     [90m 282 |[39m       act(() [33m=>[39m {[0m

      at hooks/__tests__/useWishlist.test.ts:279:46
      at runWithExpensiveErrorDiagnosticsDisabled (node_modules/@testing-library/dom/dist/config.js:47:12)
      at checkCallback (node_modules/@testing-library/dom/dist/wait-for.js:124:77)
      at checkRealTimersCallback (node_modules/@testing-library/dom/dist/wait-for.js:118:16)
      at Timeout.task [as _onTimeout] (node_modules/jsdom/lib/jsdom/browser/Window.js:579:19)

  ΓùÅ useWishlist ΓÇ║ wishlistItemCount ΓÇ║ should return correct count of items

    expect(received).toBe(expected) // Object.is equality

    Expected: 3
    Received: 2

    Ignored nodes: comments, script, style
    [36m<html>[39m
      [36m<head />[39m
      [36m<body>[39m
        [36m<div />[39m
      [36m</body>[39m
    [36m</html>[39m

    [0m [90m 341 |[39m
     [90m 342 |[39m       [36mawait[39m waitFor(() [33m=>[39m {
    [31m[1m>[22m[39m[90m 343 |[39m         
expect(result[33m.[39mcurrent[33m.[39mwishlistItemCount)[33m.[39mtoBe([35m3[39m)[33m;[39m
     [90m     |[39m                                                  [31m[1m^[22m[39m
     [90m 344 |[39m       })[33m;[39m
     [90m 345 |[39m     })[33m;[39m
     [90m 346 |[39m[0m

      at hooks/__tests__/useWishlist.test.ts:343:50
      at runWithExpensiveErrorDiagnosticsDisabled (node_modules/@testing-library/dom/dist/config.js:47:12)
      at checkCallback (node_modules/@testing-library/dom/dist/wait-for.js:124:77)
      at checkRealTimersCallback (node_modules/@testing-library/dom/dist/wait-for.js:118:16)
      at Timeout.task [as _onTimeout] (node_modules/jsdom/lib/jsdom/browser/Window.js:579:19)

  ΓùÅ useWishlist ΓÇ║ wishlistItemCount ΓÇ║ should update count when items are removed

    expect(received).toBe(expected) // Object.is equality

    Expected: 2
    Received: 1

    Ignored nodes: comments, script, style
    [36m<html>[39m
      [36m<head />[39m
      [36m<body>[39m
        [36m<div />[39m
      [36m</body>[39m
    [36m</html>[39m

    [0m [90m 354 |[39m
     [90m 355 |[39m       [36mawait[39m waitFor(() [33m=>[39m {
    [31m[1m>[22m[39m[90m 356 |[39m         
expect(result[33m.[39mcurrent[33m.[39mwishlistItemCount)[33m.[39mtoBe([35m2[39m)[33m;[39m
     [90m     |[39m                                                  [31m[1m^[22m[39m
     [90m 357 |[39m       })[33m;[39m
     [90m 358 |[39m
     [90m 359 |[39m       act(() [33m=>[39m {[0m

      at hooks/__tests__/useWishlist.test.ts:356:50
      at runWithExpensiveErrorDiagnosticsDisabled (node_modules/@testing-library/dom/dist/config.js:47:12)
      at checkCallback (node_modules/@testing-library/dom/dist/wait-for.js:124:77)
      at checkRealTimersCallback (node_modules/@testing-library/dom/dist/wait-for.js:118:16)
      at Timeout.task [as _onTimeout] (node_modules/jsdom/lib/jsdom/browser/Window.js:579:19)

  ΓùÅ useWishlist ΓÇ║ wishlistItemCount ΓÇ║ should be 0 after clearing wishlist

    expect(received).toBe(expected) // Object.is equality

    Expected: 2
    Received: 1

    Ignored nodes: comments, script, style
    [36m<html>[39m
      [36m<head />[39m
      [36m<body>[39m
        [36m<div />[39m
      [36m</body>[39m
    [36m</html>[39m

    [0m [90m 375 |[39m
     [90m 376 |[39m       [36mawait[39m waitFor(() [33m=>[39m {
    [31m[1m>[22m[39m[90m 377 |[39m         
expect(result[33m.[39mcurrent[33m.[39mwishlistItemCount)[33m.[39mtoBe([35m2[39m)[33m;[39m
     [90m     |[39m                                                  [31m[1m^[22m[39m
     [90m 378 |[39m       })[33m;[39m
     [90m 379 |[39m
     [90m 380 |[39m       act(() [33m=>[39m {[0m

      at hooks/__tests__/useWishlist.test.ts:377:50
      at runWithExpensiveErrorDiagnosticsDisabled (node_modules/@testing-library/dom/dist/config.js:47:12)
      at checkCallback (node_modules/@testing-library/dom/dist/wait-for.js:124:77)
      at checkRealTimersCallback (node_modules/@testing-library/dom/dist/wait-for.js:118:16)
      at Timeout.task [as _onTimeout] (node_modules/jsdom/lib/jsdom/browser/Window.js:579:19)

  ΓùÅ useWishlist ΓÇ║ LocalStorage Integration ΓÇ║ should handle localStorage errors gracefully when saving

    expect(received).toHaveLength(expected)

    Expected length: 1
    Received length: 0
    Received array:  []

    Ignored nodes: comments, script, style
    [36m<html>[39m
      [36m<head />[39m
      [36m<body>[39m
        [36m<div />[39m
      [36m</body>[39m
    [36m</html>[39m

    [0m [90m 405 |[39m       [90m// Should not crash - wishlist state should still update in memory[39m
     [90m 406 |[39m       [36mawait[39m waitFor(() [33m=>[39m {
    [31m[1m>[22m[39m[90m 407 |[39m         
expect(result[33m.[39mcurrent[33m.[39mwishlistItems)[33m.[39mtoHaveLength([35m1[39m)[33m;[39m
     [90m     |[39m                                              [31m[1m^[22m[39m
     [90m 408 |[39m       })[33m;[39m
     [90m 409 |[39m       [90m// Console.error might be called depending on error handling[39m
     [90m 410 |[39m[0m

      at hooks/__tests__/useWishlist.test.ts:407:46
      at runWithExpensiveErrorDiagnosticsDisabled (node_modules/@testing-library/dom/dist/config.js:47:12)
      at checkCallback (node_modules/@testing-library/dom/dist/wait-for.js:124:77)
      at checkRealTimersCallback (node_modules/@testing-library/dom/dist/wait-for.js:118:16)
      at Timeout.task [as _onTimeout] (node_modules/jsdom/lib/jsdom/browser/Window.js:579:19)

  ΓùÅ useWishlist ΓÇ║ LocalStorage Integration ΓÇ║ should persist complete wishlist state

    expect(received).toBeTruthy()

    Received: null

    Ignored nodes: comments, script, style
    [36m<html>[39m
      [36m<head />[39m
      [36m<body>[39m
        [36m<div />[39m
      [36m</body>[39m
    [36m</html>[39m

    [0m [90m 424 |[39m         [90m// Check localStorage directly[39m
     [90m 425 |[39m         [36mconst[39m saved [33m=[39m localStorage[33m.[39mgetItem([32m'tattva_wishlist'[39m)[33m;[39m
    [31m[1m>[22m[39m[90m 426 |[39m         expect(saved)[33m.[39mtoBeTruthy()[33m;[39m
     [90m     |[39m                       [31m[1m^[22m[39m
     [90m 427 |[39m         [36mconst[39m savedData [33m=[39m [33mJSON[39m[33m.[39mparse(saved[33m![39m)[33m;[39m
     [90m 428 |[39m         expect(savedData)[33m.[39mtoEqual([mockProduct1[33m,[39m mockProduct2])[33m;[39m
     [90m 429 |[39m       })[33m;[39m[0m

      at hooks/__tests__/useWishlist.test.ts:426:23
      at runWithExpensiveErrorDiagnosticsDisabled (node_modules/@testing-library/dom/dist/config.js:47:12)
      at checkCallback (node_modules/@testing-library/dom/dist/wait-for.js:124:77)
      at checkRealTimersCallback (node_modules/@testing-library/dom/dist/wait-for.js:118:16)
      at Timeout.task [as _onTimeout] (node_modules/jsdom/lib/jsdom/browser/Window.js:579:19)

  ΓùÅ useWishlist ΓÇ║ Edge Cases ΓÇ║ should handle toggling same product multiple times

    expect(received).toHaveLength(expected)

    Expected length: 1
    Received length: 0
    Received array:  []

    Ignored nodes: comments, script, style
    [36m<html>[39m
      [36m<head />[39m
      [36m<body>[39m
        [36m<div />[39m
      [36m</body>[39m
    [36m</html>[39m

    [0m [90m 442 |[39m
     [90m 443 |[39m       [36mawait[39m waitFor(() [33m=>[39m {
    [31m[1m>[22m[39m[90m 444 |[39m         
expect(result[33m.[39mcurrent[33m.[39mwishlistItems)[33m.[39mtoHaveLength([35m1[39m)[33m;[39m
     [90m     |[39m                                              [31m[1m^[22m[39m
     [90m 445 |[39m         
expect(result[33m.[39mcurrent[33m.[39misInWishlist(mockProduct1[33m.[39mid))[33m.[39mtoBe([36mtrue[39m)[33m;[39m
     [90m 446 |[39m       })[33m;[39m
     [90m 447 |[39m     })[33m;[39m[0m

      at hooks/__tests__/useWishlist.test.ts:444:46
      at runWithExpensiveErrorDiagnosticsDisabled (node_modules/@testing-library/dom/dist/config.js:47:12)
      at checkCallback (node_modules/@testing-library/dom/dist/wait-for.js:124:77)
      at checkRealTimersCallback (node_modules/@testing-library/dom/dist/wait-for.js:118:16)
      at Timeout.task [as _onTimeout] (node_modules/jsdom/lib/jsdom/browser/Window.js:579:19)

  ΓùÅ useWishlist ΓÇ║ Edge Cases ΓÇ║ should maintain wishlist state across multiple operations

    expect(received).toHaveLength(expected)

    Expected length: 3
    Received length: 0
    Received array:  []

    Ignored nodes: comments, script, style
    [36m<html>[39m
      [36m<head />[39m
      [36m<body>[39m
        [36m<div />[39m
      [36m</body>[39m
    [36m</html>[39m

    [0m [90m 458 |[39m
     [90m 459 |[39m       [36mawait[39m waitFor(() [33m=>[39m {
    [31m[1m>[22m[39m[90m 460 |[39m         
expect(result[33m.[39mcurrent[33m.[39mwishlistItems)[33m.[39mtoHaveLength([35m3[39m)[33m;[39m
     [90m     |[39m                                              [31m[1m^[22m[39m
     [90m 461 |[39m       })[33m;[39m
     [90m 462 |[39m
     [90m 463 |[39m       [90m// Remove one[39m[0m

      at hooks/__tests__/useWishlist.test.ts:460:46
      at runWithExpensiveErrorDiagnosticsDisabled (node_modules/@testing-library/dom/dist/config.js:47:12)
      at checkCallback (node_modules/@testing-library/dom/dist/wait-for.js:124:77)
      at checkRealTimersCallback (node_modules/@testing-library/dom/dist/wait-for.js:118:16)
      at Timeout.task [as _onTimeout] (node_modules/jsdom/lib/jsdom/browser/Window.js:579:19)

  ΓùÅ useWishlist ΓÇ║ Edge Cases ΓÇ║ should handle product with same properties but different ID

    expect(received).toHaveLength(expected)

    Expected length: 2
    Received length: 0
    Received array:  []

    Ignored nodes: comments, script, style
    [36m<html>[39m
      [36m<head />[39m
      [36m<body>[39m
        [36m<div />[39m
      [36m</body>[39m
    [36m</html>[39m

    [0m [90m 496 |[39m
     [90m 497 |[39m       [36mawait[39m waitFor(() [33m=>[39m {
    [31m[1m>[22m[39m[90m 498 |[39m         
expect(result[33m.[39mcurrent[33m.[39mwishlistItems)[33m.[39mtoHaveLength([35m2[39m)[33m;[39m
     [90m     |[39m                                              [31m[1m^[22m[39m
     [90m 499 |[39m         
expect(result[33m.[39mcurrent[33m.[39misInWishlist(mockProduct1[33m.[39mid))[33m.[39mtoBe([36mtrue[39m)[33m;[39m
     [90m 500 |[39m         
expect(result[33m.[39mcurrent[33m.[39misInWishlist(similarProduct[33m.[39mid))[33m.[39mtoBe([36mtrue[39m)[33m;[39m
     [90m 501 |[39m       })[33m;[39m[0m

      at hooks/__tests__/useWishlist.test.ts:498:46
      at runWithExpensiveErrorDiagnosticsDisabled (node_modules/@testing-library/dom/dist/config.js:47:12)
      at checkCallback (node_modules/@testing-library/dom/dist/wait-for.js:124:77)
      at checkRealTimersCallback (node_modules/@testing-library/dom/dist/wait-for.js:118:16)
      at Timeout.task [as _onTimeout] (node_modules/jsdom/lib/jsdom/browser/Window.js:579:19)

-------------------------------|---------|----------|---------|---------|-----------------------------------------------------
File                           | % Stmts | % Branch | % Funcs | % Lines | Uncovered Line #s                                   
-------------------------------|---------|----------|---------|---------|-----------------------------------------------------
All files                      |    4.69 |     3.42 |    5.27 |    4.38 |                                                     
 components                    |       0 |        0 |       0 |       0 |                                                     
  APIErrorDisplay.tsx          |       0 |        0 |       0 |       0 | 1-158                                               
  AboutPage.tsx                |       0 |      100 |       0 |       0 | 1-48                                                
  AdminDashboard.tsx           |       0 |        0 |       0 |       0 | 1-743                                               
  AdvancedFilters.tsx          |       0 |        0 |       0 |       0 | 1-346                                               
  AuthModal.tsx                |       0 |        0 |       0 |       0 | 1-166                                               
  BadgeCollection.tsx          |       0 |        0 |       0 |       0 | 1-249                                               
  BlogPage.tsx                 |       0 |      100 |       0 |       0 | 1-30                                                
  BlogPostCard.tsx             |       0 |      100 |       0 |       0 | 1-51                                                
  BlogPostPage.tsx             |       0 |        0 |       0 |       0 | 1-98                                                
  BrandStory.tsx               |       0 |      100 |       0 |       0 | 1-77                                                
  Cart.tsx                     |       0 |        0 |       0 |       0 | 1-353                                               
  CategoryFilter.tsx           |       0 |        0 |       0 |       0 | 1-33                                                
  CategorySEO.tsx              |       0 |        0 |       0 |       0 | 1-10                                                
  CategoryShowcase.tsx         |       0 |        0 |       0 |       0 | 1-53                                                
  CheckoutPage.tsx             |       0 |        0 |       0 |       0 | 1-922                                               
  ComparisonBar.tsx            |       0 |        0 |       0 |       0 | 1-71                                                
  ComparisonModal.tsx          |       0 |        0 |       0 |       0 | 1-122                                               
  ContactPage.tsx              |       0 |      100 |       0 |       0 | 1-95                                                
  DatabaseSeeder.tsx           |       0 |        0 |       0 |       0 | 1-192                                               
  EmailVerificationPage.tsx    |       0 |        0 |       0 |       0 | 1-228                                               
  ErrorBoundary.tsx            |       0 |        0 |       0 |       0 | 1-60                                                
  ExitIntentModal.tsx          |       0 |      100 |       0 |       0 | 1-64                                                
  FAQsPage.tsx                 |       0 |        0 |       0 |       0 | 1-96                                                
  FeaturedCollection.tsx       |       0 |        0 |       0 |       0 | 1-52                                                
  Footer.tsx                   |       0 |      100 |       0 |       0 | 1-211                                               
  ForgotPasswordPage.tsx       |       0 |        0 |       0 |       0 | 1-244                                               
  FreeShippingBanner.tsx       |       0 |        0 |       0 |       0 | 1-21                                                
  FrequentlyBoughtTogether.tsx |       0 |        0 |       0 |       0 | 1-127                                               
  Header.tsx                   |       0 |        0 |       0 |       0 | 1-437                                               
  Hero.tsx                     |       0 |      100 |       0 |       0 | 1-126                                               
  ImageGallery.tsx             |       0 |        0 |       0 |       0 | 1-201                                               
  LazyImage.tsx                |       0 |        0 |       0 |       0 | 1-70                                                
  LoginPage.tsx                |       0 |        0 |       0 |       0 | 1-292                                               
  LoyaltyPointsTracker.tsx     |       0 |        0 |       0 |       0 | 1-284                                               
  MessagingShowcase.tsx        |       0 |      100 |       0 |       0 | 1-57                                                
  MiniCart.tsx                 |       0 |        0 |       0 |       0 | 1-68                                                
  MobileBottomNav.tsx          |       0 |        0 |       0 |       0 | 1-88                                                
  MobileMenu.tsx               |       0 |        0 |       0 |       0 | 1-223                                               
  Navigation.tsx               |       0 |        0 |       0 |       0 | 1-102                                               
  OAuthButtons.tsx             |       0 |        0 |       0 |       0 | 1-112                                               
  OptimizedImage.tsx           |       0 |        0 |       0 |       0 | 2-159                                               
  OrderDetailModal.tsx         |       0 |        0 |       0 |       0 | 1-332                                               
  OrderHistory.tsx             |       0 |        0 |       0 |       0 | 1-249                                               
  PEACECards.tsx               |       0 |      100 |       0 |       0 | 1-61                                                
  PaymentModal.tsx             |       0 |        0 |       0 |       0 | 1-173                                               
  PincodeChecker.tsx           |       0 |        0 |       0 |       0 | 1-138                                               
  PrivacyPolicyPage.tsx        |       0 |      100 |       0 |       0 | 1-64                                                
  ProductCard.tsx              |       0 |        0 |       0 |       0 | 1-257                                               
  ProductCardSkeleton.tsx      |       0 |      100 |       0 |       0 | 1-22                                                
  ProductDetailModal.tsx       |       0 |        0 |       0 |       0 | 1-1222                                              
  ProductFormModal.tsx         |       0 |        0 |       0 |       0 | 1-341                                               
  ProductGrid.tsx              |       0 |        0 |       0 |       0 | 1-148                                               
  ProductSlider.tsx            |       0 |        0 |       0 |       0 | 1-59                                                
  PromotionalBanner.tsx        |       0 |      100 |       0 |       0 | 1-23                                                
  QnA.tsx                      |       0 |        0 |       0 |       0 | 1-89                                                
  QuizModule.tsx               |       0 |        0 |       0 |       0 | 1-323                                               
  RecipeDetailModal.tsx        |       0 |        0 |       0 |       0 | 1-180                                               
  RecipesPage.tsx              |       0 |      100 |       0 |       0 | 1-61                                                
  RecommendedProducts.tsx      |       0 |        0 |       0 |       0 | 1-77                                                
  RefundPolicyPage.tsx         |       0 |      100 |       0 |       0 | 1-53                                                
  ResponsiveImage.tsx          |       0 |        0 |       0 |       0 | 1-77                                                
  ReturnRequestModal.tsx       |       0 |        0 |       0 |       0 | 1-473                                               
  ReviewForm.tsx               |       0 |        0 |       0 |       0 | 1-154                                               
  ReviewList.tsx               |       0 |        0 |       0 |       0 | 1-207                                               
  ReviewSummary.tsx            |       0 |        0 |       0 |       0 | 1-78                                                
  SEO.tsx                      |       0 |        0 |       0 |       0 | 1-79                                                
  SideModal.tsx                |       0 |        0 |       0 |       0 | 1-79                                                
  SignOutButton.tsx            |       0 |        0 |       0 |       0 | 1-35                                                
  SignUpPage.tsx               |       0 |        0 |       0 |       0 | 1-406                                               
  SocialProofNotifications.tsx |       0 |        0 |       0 |       0 | 1-152                                               
  SortDropdown.tsx             |       0 |      100 |       0 |       0 | 1-46                                                
  StarRating.tsx               |       0 |        0 |       0 |       0 | 1-95                                                
  StockBadge.tsx               |       0 |        0 |       0 |       0 | 1-92                                                
  TermsOfServicePage.tsx       |       0 |      100 |       0 |       0 | 1-53                                                
  Testimonials.tsx             |       0 |        0 |       0 |       0 | 1-123                                               
  TrustBadges.tsx              |       0 |      100 |       0 |       0 | 1-151                                               
  TrustSignals.tsx             |       0 |      100 |       0 |       0 | 1-43                                                
  TwoFactorSetupPage.tsx       |       0 |        0 |       0 |       0 | 1-369                                               
  UserProfile.tsx              |       0 |        0 |       0 |       0 | 1-516                                               
  VerifiedBadge.tsx            |       0 |        0 |       0 |       0 | 1-32                                                
  Wishlist.tsx                 |       0 |        0 |       0 |       0 | 1-116                                               
 components/account            |       0 |        0 |       0 |       0 |                                                     
  AccountOverview.tsx          |       0 |        0 |       0 |       0 | 1-100                                               
  AccountWishlist.tsx          |       0 |        0 |       0 |       0 | 1-51                                                
  AddressBook.tsx              |       0 |        0 |       0 |       0 | 1-250                                               
  OrdersList.tsx               |       0 |        0 |       0 |       0 | 1-123                                               
 components/icons              |       0 |        0 |       0 |       0 |                                                     
  AlertTriangleIcon.tsx        |       0 |        0 |       0 |       0 | 1-4                                                 
  ArrowRightIcon.tsx           |       0 |        0 |       0 |       0 | 1-4                                                 
  BeakerIcon.tsx               |       0 |        0 |       0 |       0 | 1-4                                                 
  CalendarIcon.tsx             |       0 |        0 |       0 |       0 | 1-4                                                 
  CheckBadgeIcon.tsx           |       0 |        0 |       0 |       0 | 1-4                                                 
  CheckCircleIcon.tsx          |       0 |      100 |       0 |       0 | 1-4                                                 
  ChefHatIcon.tsx              |       0 |        0 |       0 |       0 | 1-4                                                 
  ChevronDownIcon.tsx          |       0 |        0 |       0 |       0 | 1-4                                                 
  ChevronLeftIcon.tsx          |       0 |      100 |       0 |       0 | 1-4                                                 
  ChevronRightIcon.tsx         |       0 |      100 |       0 |       0 | 1-4                                                 
  ClipboardListIcon.tsx        |       0 |        0 |       0 |       0 | 1-4                                                 
  ClockIcon.tsx                |       0 |        0 |       0 |       0 | 1-4                                                 
  CogIcon.tsx                  |       0 |        0 |       0 |       0 | 1-4                                                 
  CompareIcon.tsx              |       0 |        0 |       0 |       0 | 1-4                                                 
  CurrencyDollarIcon.tsx       |       0 |        0 |       0 |       0 | 1-4                                                 
  ExclamationCircleIcon.tsx    |       0 |      100 |       0 |       0 | 1-4                                                 
  EyeIcon.tsx                  |       0 |        0 |       0 |       0 | 1-4                                                 
  FacebookIcon.tsx             |       0 |        0 |       0 |       0 | 1-4                                                 
  GiftIcon.tsx                 |       0 |        0 |       0 |       0 | 1-4                                                 
  GlobeIcon.tsx                |       0 |        0 |       0 |       0 | 1-4                                                 
  HeartIcon.tsx                |       0 |      100 |       0 |       0 | 1-4                                                 
  HomeIcon.tsx                 |       0 |        0 |       0 |       0 | 1-4                                                 
  InstagramIcon.tsx            |       0 |        0 |       0 |       0 | 1-4                                                 
  LeafIcon.tsx                 |       0 |        0 |       0 |       0 | 1-4                                                 
  LightbulbIcon.tsx            |       0 |        0 |       0 |       0 | 1-4                                                 
  LocationMarkerIcon.tsx       |       0 |        0 |       0 |       0 | 1-4                                                 
  MailIcon.tsx                 |       0 |        0 |       0 |       0 | 1-4                                                 
  MenuIcon.tsx                 |       0 |        0 |       0 |       0 | 1-4                                                 
  MinusIcon.tsx                |       0 |      100 |       0 |       0 | 1-4                                                 
  MoonIcon.tsx                 |       0 |        0 |       0 |       0 | 1-8                                                 
  PencilIcon.tsx               |       0 |        0 |       0 |       0 | 1-4                                                 
  PhoneIcon.tsx                |       0 |        0 |       0 |       0 | 1-4                                                 
  PinterestIcon.tsx            |       0 |        0 |       0 |       0 | 1-4                                                 
  PlayIcon.tsx                 |       0 |        0 |       0 |       0 | 1-4                                                 
  PlusIcon.tsx                 |       0 |      100 |       0 |       0 | 1-4                                                 
  SearchIcon.tsx               |       0 |        0 |       0 |       0 | 1-4                                                 
  ShieldCheckIcon.tsx          |       0 |        0 |       0 |       0 | 1-4                                                 
  ShoppingBagIcon.tsx          |       0 |        0 |       0 |       0 | 1-4                                                 
  ShoppingCartIcon.tsx         |       0 |        0 |       0 |       0 | 1-4                                                 
  SparklesIcon.tsx             |       0 |        0 |       0 |       0 | 1-4                                                 
  StarIcon.tsx                 |       0 |      100 |       0 |       0 | 1-4                                                 
  SunIcon.tsx                  |       0 |        0 |       0 |       0 | 1-8                                                 
  TagIcon.tsx                  |       0 |        0 |       0 |       0 | 1-4                                                 
  TrashIcon.tsx                |       0 |      100 |       0 |       0 | 1-4                                                 
  TruckIcon.tsx                |       0 |        0 |       0 |       0 | 1-4                                                 
  TwitterIcon.tsx              |       0 |        0 |       0 |       0 | 1-4                                                 
  UserIcon.tsx                 |       0 |        0 |       0 |       0 | 1-4                                                 
  UsersIcon.tsx                |       0 |        0 |       0 |       0 | 1-4                                                 
  XCircleIcon.tsx              |       0 |      100 |       0 |       0 | 1-4                                                 
  XIcon.tsx                    |       0 |      100 |       0 |       0 | 1-4                                                 
 components/layouts            |       0 |        0 |       0 |       0 |                                                     
  AccountLayout.tsx            |       0 |        0 |       0 |       0 | 1-66                                                
 components/ui                 |       0 |        0 |       0 |       0 |                                                     
  Badge.tsx                    |       0 |        0 |       0 |       0 | 1-32                                                
  Breadcrumbs.tsx              |       0 |        0 |       0 |       0 | 1-64                                                
  Button.tsx                   |       0 |        0 |       0 |       0 | 1-50                                                
  Card.tsx                     |       0 |        0 |       0 |       0 | 1-25                                                
  Input.tsx                    |       0 |        0 |       0 |       0 | 1-45                                                
  Modal.tsx                    |       0 |        0 |       0 |       0 | 1-43                                                
  Toast.tsx                    |       0 |        0 |       0 |       0 | 1-69                                                
  ToastContainer.tsx           |       0 |      100 |       0 |       0 | 1-18                                                
 hooks                         |   38.44 |    38.91 |   40.13 |   37.93 |                                                     
  useAPI.ts                    |       0 |        0 |       0 |       0 | 6-254                                               
  useAddresses.ts              |       0 |        0 |       0 |       0 | 1-43                                                
  useCart.ts                   |   87.14 |    78.12 |   84.61 |   86.76 | 30-35,128-132,176                                   
  useDarkMode.ts               |       0 |        0 |       0 |       0 | 1-30                                                
  useProductFilter.ts          |   79.61 |    69.62 |    67.5 |    82.5 | 88-89,95-96,102-103,109-110,116-117,123-124,130,135 
  useProducts.ts               |       0 |        0 |       0 |       0 | 1-230                                               
  useSiteConfig.ts             |       0 |      100 |       0 |       0 | 9-21                                                
  useUserOrders.ts             |       0 |        0 |       0 |       0 | 1-31                                                
  useViewingHistory.ts         |       0 |        0 |       0 |       0 | 1-44                                                
  useWishlist.ts               |   96.77 |    85.71 |     100 |     100 | 23                                                  
 utils                         |    3.45 |     1.34 |    2.23 |    2.92 |                                                     
  analytics.ts                 |       0 |        0 |       0 |       0 | 13-17                                               
  analyticsHelpers.ts          |       0 |        0 |       0 |       0 | 17-79                                               
  api.ts                       |       0 |        0 |       0 |       0 | 30-246                                              
  apiService.ts                |       0 |        0 |       0 |       0 | 6-1284                                              
  authService.ts               |       0 |        0 |       0 |       0 | 74-470                                              
  backend.ts                   |       0 |        0 |       0 |       0 | 1-43                                                
  formatPrice.ts               |       0 |        0 |       0 |       0 | 12-61                                               
  imageHelpers.ts              |       0 |        0 |       0 |       0 | 8-32                                                
  imageOptimization.ts         |       0 |        0 |       0 |       0 | 25-265                                              
  paymentService.ts            |       0 |        0 |       0 |       0 | 1-203                                               
  performance.ts               |       0 |        0 |       0 |       0 | 1-160                                               
  recommendations.ts           |       0 |        0 |       0 |       0 | 7-45                                                
  returnAPI.ts                 |       0 |        0 |       0 |       0 | 1-254                                               
  searchUtils.ts               |   83.72 |    58.82 |   71.42 |   83.87 | 84-91                                               
  seo.ts                       |       0 |        0 |       0 |       0 | 97-590                                              
-------------------------------|---------|----------|---------|---------|-----------------------------------------------------
Test Suites: 2 failed, 1 passed, 3 total
Tests:       20 failed, 75 passed, 95 total
Snapshots:   0 total
Time:        33.32 s
Ran all test suites matching (hooks|utils).
