
> tattva-co.---indian-gourmet-products@0.0.0 test
> jest components/__tests__/Cart.test.tsx

  console.error
    Warning: span: `key` is not a prop. Trying to access it will result in `undefined` being returned. If you need to access the same value within the child component, you should pass it as a different prop. (https://reactjs.org/link/special-props)
        at span (C:\Users\shubh\grocerywebsite\grocerywebsite\components\__tests__\Cart.test.tsx:19:14)
        at div
        at div
        at div (C:\Users\shubh\grocerywebsite\grocerywebsite\components\__tests__\Cart.test.tsx:13:13)
        at AnimatePresence (C:\Users\shubh\grocerywebsite\grocerywebsite\components\__tests__\Cart.test.tsx:24:30)
        at div
        at div
        at Cart (C:\Users\shubh\grocerywebsite\grocerywebsite\components\Cart.tsx:50:3)

    [0m [90m 17 |[39m       [33m<[39m[33m/[39m[33mbutton[39m[33m>[39m
     [90m 18 |[39m     )[33m,[39m
    [31m[1m>[22m[39m[90m 19 |[39m     span[33m:[39m ({ children[33m,[39m layout[33m,[39m initial[33m,[39m animate[33m,[39m exit[33m,[39m transition[33m,[39m whileHover[33m,[39m whileTap[33m,[39m key[33m,[39m [33m...[39mprops }[33m:[39m any) [33m=>[39m [33m<[39m[33mspan[39m {[33m...[39mprops}[33m>[39m{children}[33m<[39m[33m/[39m[33mspan[39m[33m>[39m[33m,[39m
     [90m    |[39m                                                                                          [31m[1m^[22m[39m
     [90m 20 |[39m     a[33m:[39m ({ children[33m,[39m layout[33m,[39m initial[33m,[39m animate[33m,[39m exit[33m,[39m transition[33m,[39m whileHover[33m,[39m whileTap[33m,[39m [33m...[39mprops }[33m:[39m any) [33m=>[39m [33m<[39m[33ma[39m {[33m...[39mprops}[33m>[39m{children}[33m<[39m[33m/[39m[33ma[39m[33m>[39m[33m,[39m
     [90m 21 |[39m     p[33m:[39m ({ children[33m,[39m layout[33m,[39m initial[33m,[39m animate[33m,[39m exit[33m,[39m transition[33m,[39m whileHover[33m,[39m whileTap[33m,[39m [33m...[39mprops }[33m:[39m any) [33m=>[39m [33m<[39m[33mp[39m {[33m...[39mprops}[33m>[39m{children}[33m<[39m[33m/[39m[33mp[39m[33m>[39m[33m,[39m
     [90m 22 |[39m   }[33m;[39m[0m

      at printWarning (node_modules/react/cjs/react-jsx-runtime.development.js:87:30)
      at error (node_modules/react/cjs/react-jsx-runtime.development.js:61:7)
      at Object.warnAboutAccessingKey (node_modules/react/cjs/react-jsx-runtime.development.js:776:9)
      at span (components/__tests__/Cart.test.tsx:19:90)
      at renderWithHooks (node_modules/react-dom/cjs/react-dom.development.js:16305:18)
      at mountIndeterminateComponent (node_modules/react-dom/cjs/react-dom.development.js:20074:13)
      at beginWork (node_modules/react-dom/cjs/react-dom.development.js:21587:16)
      at beginWork$1 (node_modules/react-dom/cjs/react-dom.development.js:27426:14)
      at performUnitOfWork (node_modules/react-dom/cjs/react-dom.development.js:26560:12)
      at workLoopSync (node_modules/react-dom/cjs/react-dom.development.js:26466:5)
      at renderRootSync (node_modules/react-dom/cjs/react-dom.development.js:26434:7)
      at performConcurrentWorkOnRoot (node_modules/react-dom/cjs/react-dom.development.js:25738:74)
      at flushActQueue (node_modules/react/cjs/react.development.js:2667:24)
      at act (node_modules/react/cjs/react.development.js:2582:11)
      at node_modules/@testing-library/react/dist/act-compat.js:47:25
      at renderRoot (node_modules/@testing-library/react/dist/pure.js:190:26)
      at render (node_modules/@testing-library/react/dist/pure.js:292:10)
      at Object.<anonymous> (components/__tests__/Cart.test.tsx:163:13)

node.exe : PASS compon
ents/__tests__/Cart.te
st.tsx
At line:1 char:1
+ & "C:\Program Files\
nodejs/node.exe" "C:\U
sers\shubh\AppData\Roa
ming\ ...
+ ~~~~~~~~~~~~~~~~~~~~
~~~~~~~~~~~~~~~~~~~~~~
~~~~~~~~~~~~~~~~~~~~~~
~~~~~
    + CategoryInfo    
          : NotSpeci  
  fied: (PASS compo   
 nents/__tests__/C    
art.test.tsx:Stri    
ng) [], RemoteExc    
eption
    + FullyQualifiedE 
   rrorId : NativeCo  
  mmandError
 
  Cart
    Empty Cart
      ΓêÜ should 
display empty cart 
message when no items 
(117 ms)
      ΓêÜ should show 
Continue Shopping 
button in empty cart 
(226 ms)
      ΓêÜ should call 
onClose when Continue 
Shopping is clicked 
(43 ms)
    Cart with Items
      ΓêÜ should 
render all cart items 
(270 ms)
      ΓêÜ should 
display item variant 
names (38 ms)
      ΓêÜ should 
display item prices 
(31 ms)
      ΓêÜ should 
display item 
quantities (25 ms)
      ΓêÜ should 
render product images 
(29 ms)
    Quantity 
Management
      ΓêÜ should 
increase quantity 
when plus button is 
clicked (147 ms)
      ΓêÜ should 
decrease quantity 
when minus button is 
clicked (98 ms)
      ΓêÜ should 
disable plus button 
when quantity reaches 
stock limit (50 ms)
      ΓêÜ should show 
loading spinner 
during quantity 
update (89 ms)
    Item Removal
      ΓêÜ should show 
confirmation dialog 
when decreasing 
quantity to zero (98 
ms)
      ΓêÜ should 
remove item when 
trash button is 
clicked and confirmed 
(93 ms)
      ΓêÜ should not 
remove item when 
confirmation is 
cancelled (82 ms)
    Promo Code
      ΓêÜ should 
render promo code 
input (29 ms)
      ΓêÜ should call 
onPromoCodeChange 
when input value 
changes (18 ms)
      ΓêÜ should 
display current promo 
code value (15 ms)
      ΓêÜ should call 
onApplyPromoCode when 
Apply button is 
clicked (65 ms)
      ΓêÜ should 
disable promo input 
and button during 
loading (82 ms)
    Price Calculations
      ΓêÜ should 
display subtotal 
correctly (37 ms)
      ΓêÜ should 
display discount when 
applied (19 ms)
      ΓêÜ should not 
display discount row 
when discount is zero 
(16 ms)
      ΓêÜ should 
display Free shipping 
when shipping cost is 
zero (16 ms)
      ΓêÜ should 
display shipping cost 
when not free (17 ms)
      ΓêÜ should 
calculate and display 
tax (8%) (18 ms)
      ΓêÜ should 
calculate total 
correctly (20 ms)
      ΓêÜ should 
calculate total with 
discount and shipping 
(19 ms)
    Checkout
      ΓêÜ should 
display Proceed to 
Checkout button when 
items exist (16 ms)
      ΓêÜ should 
enable checkout 
button when items 
exist (17 ms)
      ΓêÜ should call 
onClose when checkout 
button is clicked (26 
ms)
      ΓêÜ should show 
guest checkout 
message when not 
logged in (19 ms)
      ΓêÜ should not 
show guest message 
when logged in (25 ms)
    Edge Cases
      ΓêÜ should 
handle single item in 
cart (15 ms)
      ΓêÜ should 
handle items with 
same product but 
different variants 
(26 ms)
      ΓêÜ should not 
break with large 
quantities (13 ms)
      ΓêÜ should 
handle very large 
subtotals (15 ms)
      ΓêÜ should 
format decimal prices 
correctly (21 ms)

Test Suites: 1 
passed, 1 total
Tests:       38 
passed, 38 total
Snapshots:   0 total
Time:        6.374 s
Ran all test suites 
matching components/__
tests__/Cart.test.tsx.
