  console.error
    Error: Uncaught [Error: useNavigate() may be used only in the context of a <Router> component.]
        at reportException (C:\Users\shubh\grocerywebsite\grocerywebsite\node_modules\jsdom\lib\jsdom\living\helpers\runtime-script-errors.js:66:24)
        at innerInvokeEventListeners (C:\Users\shubh\grocerywebsite\grocerywebsite\node_modules\jsdom\lib\jsdom\living\events\EventTarget-impl.js:353:9)
        at invokeEventListeners (C:\Users\shubh\grocerywebsite\grocerywebsite\node_modules\jsdom\lib\jsdom\living\events\EventTarget-impl.js:286:3)
        at HTMLUnknownElementImpl._dispatch (C:\Users\shubh\grocerywebsite\grocerywebsite\node_modules\jsdom\lib\jsdom\living\events\EventTarget-impl.js:233:9)
        at HTMLUnknownElementImpl.dispatchEvent (C:\Users\shubh\grocerywebsite\grocerywebsite\node_modules\jsdom\lib\jsdom\living\events\EventTarget-impl.js:104:17)
        at HTMLUnknownElement.dispatchEvent (C:\Users\shubh\grocerywebsite\grocerywebsite\node_modules\jsdom\lib\jsdom\living\generated\EventTarget.js:241:34)
        at Object.invokeGuardedCallbackDev (C:\Users\shubh\grocerywebsite\grocerywebsite\node_modules\react-dom\cjs\react-dom.development.js:4213:16)
        at invokeGuardedCallback (C:\Users\shubh\grocerywebsite\grocerywebsite\node_modules\react-dom\cjs\react-dom.development.js:4277:31)
        at beginWork$1 (C:\Users\shubh\grocerywebsite\grocerywebsite\node_modules\react-dom\cjs\react-dom.development.js:27490:7)
        at performUnitOfWork (C:\Users\shubh\grocerywebsite\grocerywebsite\node_modules\react-dom\cjs\react-dom.development.js:26599:12)
        at workLoopConcurrent (C:\Users\shubh\grocerywebsite\grocerywebsite\node_modules\react-dom\cjs\react-dom.development.js:26582:5)
        at renderRootConcurrent (C:\Users\shubh\grocerywebsite\grocerywebsite\node_modules\react-dom\cjs\react-dom.development.js:26544:7)
        at performConcurrentWorkOnRoot (C:\Users\shubh\grocerywebsite\grocerywebsite\node_modules\react-dom\cjs\react-dom.development.js:25777:38)
        at workLoop (C:\Users\shubh\grocerywebsite\grocerywebsite\node_modules\scheduler\cjs\scheduler.development.js:266:34)
        at flushWork (C:\Users\shubh\grocerywebsite\grocerywebsite\node_modules\scheduler\cjs\scheduler.development.js:239:14)
        at performWorkUntilDeadline (C:\Users\shubh\grocerywebsite\grocerywebsite\node_modules\scheduler\cjs\scheduler.development.js:533:21)
        at Timeout.task [as _onTimeout] (C:\Users\shubh\grocerywebsite\grocerywebsite\node_modules\jsdom\lib\jsdom\browser\Window.js:579:19)
        at listOnTimeout (node:internal/timers:608:17)
        at processTimers (node:internal/timers:543:7) {
      detail: Error: useNavigate() may be used only in the context of a <Router> component.
          at invariant (C:\Users\shubh\grocerywebsite\grocerywebsite\node_modules\react-router\dist\development\chunk-RBZI3ZHD.js:188:11)
          at useNavigateUnstable (C:\Users\shubh\grocerywebsite\grocerywebsite\node_modules\react-router\dist\development\chunk-RBZI3ZHD.js:6597:3)
          at useNavigate (C:\Users\shubh\grocerywebsite\grocerywebsite\node_modules\react-router\dist\development\chunk-RBZI3ZHD.js:6594:46)
          at SubscriptionBanner (C:\Users\shubh\grocerywebsite\grocerywebsite\components\SubscriptionBanner.tsx:5:31)
          at renderWithHooks (C:\Users\shubh\grocerywebsite\grocerywebsite\node_modules\react-dom\cjs\react-dom.development.js:15486:18)
          at updateFunctionComponent (C:\Users\shubh\grocerywebsite\grocerywebsite\node_modules\react-dom\cjs\react-dom.development.js:19617:20)
          at mountLazyComponent (C:\Users\shubh\grocerywebsite\grocerywebsite\node_modules\react-dom\cjs\react-dom.development.js:19988:17)
          at beginWork (C:\Users\shubh\grocerywebsite\grocerywebsite\node_modules\react-dom\cjs\react-dom.development.js:21632:16)
          at HTMLUnknownElement.callCallback (C:\Users\shubh\grocerywebsite\grocerywebsite\node_modules\react-dom\cjs\react-dom.development.js:4164:14)
          at HTMLUnknownElement.callTheUserObjectsOperation (C:\Users\shubh\grocerywebsite\grocerywebsite\node_modules\jsdom\lib\jsdom\living\generated\EventListener.js:26:30)
          at innerInvokeEventListeners (C:\Users\shubh\grocerywebsite\grocerywebsite\node_modules\jsdom\lib\jsdom\living\events\EventTarget-impl.js:350:25)
          at invokeEventListeners (C:\Users\shubh\grocerywebsite\grocerywebsite\node_modules\jsdom\lib\jsdom\living\events\EventTarget-impl.js:286:3)
          at HTMLUnknownElementImpl._dispatch (C:\Users\shubh\grocerywebsite\grocerywebsite\node_modules\jsdom\lib\jsdom\living\events\EventTarget-impl.js:233:9)
          at HTMLUnknownElementImpl.dispatchEvent (C:\Users\shubh\grocerywebsite\grocerywebsite\node_modules\jsdom\lib\jsdom\living\events\EventTarget-impl.js:104:17)
          at HTMLUnknownElement.dispatchEvent (C:\Users\shubh\grocerywebsite\grocerywebsite\node_modules\jsdom\lib\jsdom\living\generated\EventTarget.js:241:34)
          at Object.invokeGuardedCallbackDev (C:\Users\shubh\grocerywebsite\grocerywebsite\node_modules\react-dom\cjs\react-dom.development.js:4213:16)
          at invokeGuardedCallback (C:\Users\shubh\grocerywebsite\grocerywebsite\node_modules\react-dom\cjs\react-dom.development.js:4277:31)
          at beginWork$1 (C:\Users\shubh\grocerywebsite\grocerywebsite\node_modules\react-dom\cjs\react-dom.development.js:27490:7)
          at performUnitOfWork (C:\Users\shubh\grocerywebsite\grocerywebsite\node_modules\react-dom\cjs\react-dom.development.js:26599:12)
          at workLoopConcurrent (C:\Users\shubh\grocerywebsite\grocerywebsite\node_modules\react-dom\cjs\react-dom.development.js:26582:5)
          at renderRootConcurrent (C:\Users\shubh\grocerywebsite\grocerywebsite\node_modules\react-dom\cjs\react-dom.development.js:26544:7)
          at performConcurrentWorkOnRoot (C:\Users\shubh\grocerywebsite\grocerywebsite\node_modules\react-dom\cjs\react-dom.development.js:25777:38)
          at workLoop (C:\Users\shubh\grocerywebsite\grocerywebsite\node_modules\scheduler\cjs\scheduler.development.js:266:34)
          at flushWork (C:\Users\shubh\grocerywebsite\grocerywebsite\node_modules\scheduler\cjs\scheduler.development.js:239:14)
          at performWorkUntilDeadline (C:\Users\shubh\grocerywebsite\grocerywebsite\node_modules\scheduler\cjs\scheduler.development.js:533:21)
          at Timeout.task [as _onTimeout] (C:\Users\shubh\grocerywebsite\grocerywebsite\node_modules\jsdom\lib\jsdom\browser\Window.js:579:19)
          at listOnTimeout (node:internal/timers:608:17)
          at processTimers (node:internal/timers:543:7),
      type: 'unhandled exception'
    }

      at VirtualConsole.<anonymous> (node_modules/@jest/environment-jsdom-abstract/build/index.js:87:23)
      at reportException (node_modules/jsdom/lib/jsdom/living/helpers/runtime-script-errors.js:70:28)
      at innerInvokeEventListeners (node_modules/jsdom/lib/jsdom/living/events/EventTarget-impl.js:353:9)
      at invokeEventListeners (node_modules/jsdom/lib/jsdom/living/events/EventTarget-impl.js:286:3)
      at HTMLUnknownElementImpl._dispatch (node_modules/jsdom/lib/jsdom/living/events/EventTarget-impl.js:233:9)
      at HTMLUnknownElementImpl.dispatchEvent (node_modules/jsdom/lib/jsdom/living/events/EventTarget-impl.js:104:17)
      at HTMLUnknownElement.dispatchEvent (node_modules/jsdom/lib/jsdom/living/generated/EventTarget.js:241:34)
      at Object.invokeGuardedCallbackDev (node_modules/react-dom/cjs/react-dom.development.js:4213:16)
      at invokeGuardedCallback (node_modules/react-dom/cjs/react-dom.development.js:4277:31)
      at beginWork$1 (node_modules/react-dom/cjs/react-dom.development.js:27490:7)
      at performUnitOfWork (node_modules/react-dom/cjs/react-dom.development.js:26599:12)
      at workLoopConcurrent (node_modules/react-dom/cjs/react-dom.development.js:26582:5)
      at renderRootConcurrent (node_modules/react-dom/cjs/react-dom.development.js:26544:7)
      at performConcurrentWorkOnRoot (node_modules/react-dom/cjs/react-dom.development.js:25777:38)
      at workLoop (node_modules/scheduler/cjs/scheduler.development.js:266:34)
      at flushWork (node_modules/scheduler/cjs/scheduler.development.js:239:14)
      at performWorkUntilDeadline (node_modules/scheduler/cjs/scheduler.development.js:533:21)
      at Timeout.task [as _onTimeout] (node_modules/jsdom/lib/jsdom/browser/Window.js:579:19)

  console.error
    Error: Uncaught [TypeError: Cannot destructure property 'basename' of 'React.useContext(...)' as it is null.]
        at reportException (C:\Users\shubh\grocerywebsite\grocerywebsite\node_modules\jsdom\lib\jsdom\living\helpers\runtime-script-errors.js:66:24)
        at innerInvokeEventListeners (C:\Users\shubh\grocerywebsite\grocerywebsite\node_modules\jsdom\lib\jsdom\living\events\EventTarget-impl.js:353:9)
        at invokeEventListeners (C:\Users\shubh\grocerywebsite\grocerywebsite\node_modules\jsdom\lib\jsdom\living\events\EventTarget-impl.js:286:3)
        at HTMLUnknownElementImpl._dispatch (C:\Users\shubh\grocerywebsite\grocerywebsite\node_modules\jsdom\lib\jsdom\living\events\EventTarget-impl.js:233:9)
        at HTMLUnknownElementImpl.dispatchEvent (C:\Users\shubh\grocerywebsite\grocerywebsite\node_modules\jsdom\lib\jsdom\living\events\EventTarget-impl.js:104:17)
        at HTMLUnknownElement.dispatchEvent (C:\Users\shubh\grocerywebsite\grocerywebsite\node_modules\jsdom\lib\jsdom\living\generated\EventTarget.js:241:34)
        at Object.invokeGuardedCallbackDev (C:\Users\shubh\grocerywebsite\grocerywebsite\node_modules\react-dom\cjs\react-dom.development.js:4213:16)
        at invokeGuardedCallback (C:\Users\shubh\grocerywebsite\grocerywebsite\node_modules\react-dom\cjs\react-dom.development.js:4277:31)
        at beginWork$1 (C:\Users\shubh\grocerywebsite\grocerywebsite\node_modules\react-dom\cjs\react-dom.development.js:27490:7)
        at performUnitOfWork (C:\Users\shubh\grocerywebsite\grocerywebsite\node_modules\react-dom\cjs\react-dom.development.js:26599:12)
        at workLoopConcurrent (C:\Users\shubh\grocerywebsite\grocerywebsite\node_modules\react-dom\cjs\react-dom.development.js:26582:5)
        at renderRootConcurrent (C:\Users\shubh\grocerywebsite\grocerywebsite\node_modules\react-dom\cjs\react-dom.development.js:26544:7)
        at performConcurrentWorkOnRoot (C:\Users\shubh\grocerywebsite\grocerywebsite\node_modules\react-dom\cjs\react-dom.development.js:25777:38)
        at workLoop (C:\Users\shubh\grocerywebsite\grocerywebsite\node_modules\scheduler\cjs\scheduler.development.js:266:34)
        at flushWork (C:\Users\shubh\grocerywebsite\grocerywebsite\node_modules\scheduler\cjs\scheduler.development.js:239:14)
        at performWorkUntilDeadline (C:\Users\shubh\grocerywebsite\grocerywebsite\node_modules\scheduler\cjs\scheduler.development.js:533:21)
        at Timeout.task [as _onTimeout] (C:\Users\shubh\grocerywebsite\grocerywebsite\node_modules\jsdom\lib\jsdom\browser\Window.js:579:19)
        at listOnTimeout (node:internal/timers:608:17)
        at processTimers (node:internal/timers:543:7) {
      detail: TypeError: Cannot destructure property 'basename' of 'React.useContext(...)' as it is null.
          at LinkWithRef (C:\Users\shubh\grocerywebsite\grocerywebsite\node_modules\react-router\dist\development\chunk-HMTWJNYB.js:394:11)
          at renderWithHooks (C:\Users\shubh\grocerywebsite\grocerywebsite\node_modules\react-dom\cjs\react-dom.development.js:15486:18)
          at updateForwardRef (C:\Users\shubh\grocerywebsite\grocerywebsite\node_modules\react-dom\cjs\react-dom.development.js:19245:20)
          at beginWork (C:\Users\shubh\grocerywebsite\grocerywebsite\node_modules\react-dom\cjs\react-dom.development.js:21675:16)
          at HTMLUnknownElement.callCallback (C:\Users\shubh\grocerywebsite\grocerywebsite\node_modules\react-dom\cjs\react-dom.development.js:4164:14)
          at HTMLUnknownElement.callTheUserObjectsOperation (C:\Users\shubh\grocerywebsite\grocerywebsite\node_modules\jsdom\lib\jsdom\living\generated\EventListener.js:26:30)
          at innerInvokeEventListeners (C:\Users\shubh\grocerywebsite\grocerywebsite\node_modules\jsdom\lib\jsdom\living\events\EventTarget-impl.js:350:25)
          at invokeEventListeners (C:\Users\shubh\grocerywebsite\grocerywebsite\node_modules\jsdom\lib\jsdom\living\events\EventTarget-impl.js:286:3)
          at HTMLUnknownElementImpl._dispatch (C:\Users\shubh\grocerywebsite\grocerywebsite\node_modules\jsdom\lib\jsdom\living\events\EventTarget-impl.js:233:9)
          at HTMLUnknownElementImpl.dispatchEvent (C:\Users\shubh\grocerywebsite\grocerywebsite\node_modules\jsdom\lib\jsdom\living\events\EventTarget-impl.js:104:17)
          at HTMLUnknownElement.dispatchEvent (C:\Users\shubh\grocerywebsite\grocerywebsite\node_modules\jsdom\lib\jsdom\living\generated\EventTarget.js:241:34)
          at Object.invokeGuardedCallbackDev (C:\Users\shubh\grocerywebsite\grocerywebsite\node_modules\react-dom\cjs\react-dom.development.js:4213:16)
          at invokeGuardedCallback (C:\Users\shubh\grocerywebsite\grocerywebsite\node_modules\react-dom\cjs\react-dom.development.js:4277:31)
          at beginWork$1 (C:\Users\shubh\grocerywebsite\grocerywebsite\node_modules\react-dom\cjs\react-dom.development.js:27490:7)
          at performUnitOfWork (C:\Users\shubh\grocerywebsite\grocerywebsite\node_modules\react-dom\cjs\react-dom.development.js:26599:12)
          at workLoopConcurrent (C:\Users\shubh\grocerywebsite\grocerywebsite\node_modules\react-dom\cjs\react-dom.development.js:26582:5)
          at renderRootConcurrent (C:\Users\shubh\grocerywebsite\grocerywebsite\node_modules\react-dom\cjs\react-dom.development.js:26544:7)
          at performConcurrentWorkOnRoot (C:\Users\shubh\grocerywebsite\grocerywebsite\node_modules\react-dom\cjs\react-dom.development.js:25777:38)
          at workLoop (C:\Users\shubh\grocerywebsite\grocerywebsite\node_modules\scheduler\cjs\scheduler.development.js:266:34)
          at flushWork (C:\Users\shubh\grocerywebsite\grocerywebsite\node_modules\scheduler\cjs\scheduler.development.js:239:14)
          at performWorkUntilDeadline (C:\Users\shubh\grocerywebsite\grocerywebsite\node_modules\scheduler\cjs\scheduler.development.js:533:21)
          at Timeout.task [as _onTimeout] (C:\Users\shubh\grocerywebsite\grocerywebsite\node_modules\jsdom\lib\jsdom\browser\Window.js:579:19)
          at listOnTimeout (node:internal/timers:608:17)
          at processTimers (node:internal/timers:543:7),
      type: 'unhandled exception'
    }

      at VirtualConsole.<anonymous> (node_modules/@jest/environment-jsdom-abstract/build/index.js:87:23)
      at reportException (node_modules/jsdom/lib/jsdom/living/helpers/runtime-script-errors.js:70:28)
      at innerInvokeEventListeners (node_modules/jsdom/lib/jsdom/living/events/EventTarget-impl.js:353:9)
      at invokeEventListeners (node_modules/jsdom/lib/jsdom/living/events/EventTarget-impl.js:286:3)
      at HTMLUnknownElementImpl._dispatch (node_modules/jsdom/lib/jsdom/living/events/EventTarget-impl.js:233:9)
      at HTMLUnknownElementImpl.dispatchEvent (node_modules/jsdom/lib/jsdom/living/events/EventTarget-impl.js:104:17)
      at HTMLUnknownElement.dispatchEvent (node_modules/jsdom/lib/jsdom/living/generated/EventTarget.js:241:34)
      at Object.invokeGuardedCallbackDev (node_modules/react-dom/cjs/react-dom.development.js:4213:16)
      at invokeGuardedCallback (node_modules/react-dom/cjs/react-dom.development.js:4277:31)
      at beginWork$1 (node_modules/react-dom/cjs/react-dom.development.js:27490:7)
      at performUnitOfWork (node_modules/react-dom/cjs/react-dom.development.js:26599:12)
      at workLoopConcurrent (node_modules/react-dom/cjs/react-dom.development.js:26582:5)
      at renderRootConcurrent (node_modules/react-dom/cjs/react-dom.development.js:26544:7)
      at performConcurrentWorkOnRoot (node_modules/react-dom/cjs/react-dom.development.js:25777:38)
      at workLoop (node_modules/scheduler/cjs/scheduler.development.js:266:34)
      at flushWork (node_modules/scheduler/cjs/scheduler.development.js:239:14)
      at performWorkUntilDeadline (node_modules/scheduler/cjs/scheduler.development.js:533:21)
      at Timeout.task [as _onTimeout] (node_modules/jsdom/lib/jsdom/browser/Window.js:579:19)

  console.error
    Error: Uncaught [TypeError: Cannot destructure property 'basename' of 'React.useContext(...)' as it is null.]
        at reportException (C:\Users\shubh\grocerywebsite\grocerywebsite\node_modules\jsdom\lib\jsdom\living\helpers\runtime-script-errors.js:66:24)
        at innerInvokeEventListeners (C:\Users\shubh\grocerywebsite\grocerywebsite\node_modules\jsdom\lib\jsdom\living\events\EventTarget-impl.js:353:9)
        at invokeEventListeners (C:\Users\shubh\grocerywebsite\grocerywebsite\node_modules\jsdom\lib\jsdom\living\events\EventTarget-impl.js:286:3)
        at HTMLUnknownElementImpl._dispatch (C:\Users\shubh\grocerywebsite\grocerywebsite\node_modules\jsdom\lib\jsdom\living\events\EventTarget-impl.js:233:9)
        at HTMLUnknownElementImpl.dispatchEvent (C:\Users\shubh\grocerywebsite\grocerywebsite\node_modules\jsdom\lib\jsdom\living\events\EventTarget-impl.js:104:17)
        at HTMLUnknownElement.dispatchEvent (C:\Users\shubh\grocerywebsite\grocerywebsite\node_modules\jsdom\lib\jsdom\living\generated\EventTarget.js:241:34)
        at Object.invokeGuardedCallbackDev (C:\Users\shubh\grocerywebsite\grocerywebsite\node_modules\react-dom\cjs\react-dom.development.js:4213:16)
        at invokeGuardedCallback (C:\Users\shubh\grocerywebsite\grocerywebsite\node_modules\react-dom\cjs\react-dom.development.js:4277:31)
        at beginWork$1 (C:\Users\shubh\grocerywebsite\grocerywebsite\node_modules\react-dom\cjs\react-dom.development.js:27490:7)
        at performUnitOfWork (C:\Users\shubh\grocerywebsite\grocerywebsite\node_modules\react-dom\cjs\react-dom.development.js:26599:12)
        at workLoopConcurrent (C:\Users\shubh\grocerywebsite\grocerywebsite\node_modules\react-dom\cjs\react-dom.development.js:26582:5)
        at renderRootConcurrent (C:\Users\shubh\grocerywebsite\grocerywebsite\node_modules\react-dom\cjs\react-dom.development.js:26544:7)
        at performConcurrentWorkOnRoot (C:\Users\shubh\grocerywebsite\grocerywebsite\node_modules\react-dom\cjs\react-dom.development.js:25777:38)
        at workLoop (C:\Users\shubh\grocerywebsite\grocerywebsite\node_modules\scheduler\cjs\scheduler.development.js:266:34)
        at flushWork (C:\Users\shubh\grocerywebsite\grocerywebsite\node_modules\scheduler\cjs\scheduler.development.js:239:14)
        at performWorkUntilDeadline (C:\Users\shubh\grocerywebsite\grocerywebsite\node_modules\scheduler\cjs\scheduler.development.js:533:21)
        at Timeout.task [as _onTimeout] (C:\Users\shubh\grocerywebsite\grocerywebsite\node_modules\jsdom\lib\jsdom\browser\Window.js:579:19)
        at listOnTimeout (node:internal/timers:608:17)
        at processTimers (node:internal/timers:543:7) {
      detail: TypeError: Cannot destructure property 'basename' of 'React.useContext(...)' as it is null.
          at LinkWithRef (C:\Users\shubh\grocerywebsite\grocerywebsite\node_modules\react-router\dist\development\chunk-HMTWJNYB.js:394:11)
          at renderWithHooks (C:\Users\shubh\grocerywebsite\grocerywebsite\node_modules\react-dom\cjs\react-dom.development.js:15486:18)
          at updateForwardRef (C:\Users\shubh\grocerywebsite\grocerywebsite\node_modules\react-dom\cjs\react-dom.development.js:19245:20)
          at beginWork (C:\Users\shubh\grocerywebsite\grocerywebsite\node_modules\react-dom\cjs\react-dom.development.js:21675:16)
          at HTMLUnknownElement.callCallback (C:\Users\shubh\grocerywebsite\grocerywebsite\node_modules\react-dom\cjs\react-dom.development.js:4164:14)
          at HTMLUnknownElement.callTheUserObjectsOperation (C:\Users\shubh\grocerywebsite\grocerywebsite\node_modules\jsdom\lib\jsdom\living\generated\EventListener.js:26:30)
          at innerInvokeEventListeners (C:\Users\shubh\grocerywebsite\grocerywebsite\node_modules\jsdom\lib\jsdom\living\events\EventTarget-impl.js:350:25)
          at invokeEventListeners (C:\Users\shubh\grocerywebsite\grocerywebsite\node_modules\jsdom\lib\jsdom\living\events\EventTarget-impl.js:286:3)
          at HTMLUnknownElementImpl._dispatch (C:\Users\shubh\grocerywebsite\grocerywebsite\node_modules\jsdom\lib\jsdom\living\events\EventTarget-impl.js:233:9)
          at HTMLUnknownElementImpl.dispatchEvent (C:\Users\shubh\grocerywebsite\grocerywebsite\node_modules\jsdom\lib\jsdom\living\events\EventTarget-impl.js:104:17)
          at HTMLUnknownElement.dispatchEvent (C:\Users\shubh\grocerywebsite\grocerywebsite\node_modules\jsdom\lib\jsdom\living\generated\EventTarget.js:241:34)
          at Object.invokeGuardedCallbackDev (C:\Users\shubh\grocerywebsite\grocerywebsite\node_modules\react-dom\cjs\react-dom.development.js:4213:16)
          at invokeGuardedCallback (C:\Users\shubh\grocerywebsite\grocerywebsite\node_modules\react-dom\cjs\react-dom.development.js:4277:31)
          at beginWork$1 (C:\Users\shubh\grocerywebsite\grocerywebsite\node_modules\react-dom\cjs\react-dom.development.js:27490:7)
          at performUnitOfWork (C:\Users\shubh\grocerywebsite\grocerywebsite\node_modules\react-dom\cjs\react-dom.development.js:26599:12)
          at workLoopConcurrent (C:\Users\shubh\grocerywebsite\grocerywebsite\node_modules\react-dom\cjs\react-dom.development.js:26582:5)
          at renderRootConcurrent (C:\Users\shubh\grocerywebsite\grocerywebsite\node_modules\react-dom\cjs\react-dom.development.js:26544:7)
          at performConcurrentWorkOnRoot (C:\Users\shubh\grocerywebsite\grocerywebsite\node_modules\react-dom\cjs\react-dom.development.js:25777:38)
          at workLoop (C:\Users\shubh\grocerywebsite\grocerywebsite\node_modules\scheduler\cjs\scheduler.development.js:266:34)
          at flushWork (C:\Users\shubh\grocerywebsite\grocerywebsite\node_modules\scheduler\cjs\scheduler.development.js:239:14)
          at performWorkUntilDeadline (C:\Users\shubh\grocerywebsite\grocerywebsite\node_modules\scheduler\cjs\scheduler.development.js:533:21)
          at Timeout.task [as _onTimeout] (C:\Users\shubh\grocerywebsite\grocerywebsite\node_modules\jsdom\lib\jsdom\browser\Window.js:579:19)
          at listOnTimeout (node:internal/timers:608:17)
          at processTimers (node:internal/timers:543:7),
      type: 'unhandled exception'
    }

      at VirtualConsole.<anonymous> (node_modules/@jest/environment-jsdom-abstract/build/index.js:87:23)
      at reportException (node_modules/jsdom/lib/jsdom/living/helpers/runtime-script-errors.js:70:28)
      at innerInvokeEventListeners (node_modules/jsdom/lib/jsdom/living/events/EventTarget-impl.js:353:9)
      at invokeEventListeners (node_modules/jsdom/lib/jsdom/living/events/EventTarget-impl.js:286:3)
      at HTMLUnknownElementImpl._dispatch (node_modules/jsdom/lib/jsdom/living/events/EventTarget-impl.js:233:9)
      at HTMLUnknownElementImpl.dispatchEvent (node_modules/jsdom/lib/jsdom/living/events/EventTarget-impl.js:104:17)
      at HTMLUnknownElement.dispatchEvent (node_modules/jsdom/lib/jsdom/living/generated/EventTarget.js:241:34)
      at Object.invokeGuardedCallbackDev (node_modules/react-dom/cjs/react-dom.development.js:4213:16)
      at invokeGuardedCallback (node_modules/react-dom/cjs/react-dom.development.js:4277:31)
      at beginWork$1 (node_modules/react-dom/cjs/react-dom.development.js:27490:7)
      at performUnitOfWork (node_modules/react-dom/cjs/react-dom.development.js:26599:12)
      at workLoopConcurrent (node_modules/react-dom/cjs/react-dom.development.js:26582:5)
      at renderRootConcurrent (node_modules/react-dom/cjs/react-dom.development.js:26544:7)
      at performConcurrentWorkOnRoot (node_modules/react-dom/cjs/react-dom.development.js:25777:38)
      at workLoop (node_modules/scheduler/cjs/scheduler.development.js:266:34)
      at flushWork (node_modules/scheduler/cjs/scheduler.development.js:239:14)
      at performWorkUntilDeadline (node_modules/scheduler/cjs/scheduler.development.js:533:21)
      at Timeout.task [as _onTimeout] (node_modules/jsdom/lib/jsdom/browser/Window.js:579:19)

  console.error
    Error: Uncaught [Error: useNavigate() may be used only in the context of a <Router> component.]
        at reportException (C:\Users\shubh\grocerywebsite\grocerywebsite\node_modules\jsdom\lib\jsdom\living\helpers\runtime-script-errors.js:66:24)
        at innerInvokeEventListeners (C:\Users\shubh\grocerywebsite\grocerywebsite\node_modules\jsdom\lib\jsdom\living\events\EventTarget-impl.js:353:9)
        at invokeEventListeners (C:\Users\shubh\grocerywebsite\grocerywebsite\node_modules\jsdom\lib\jsdom\living\events\EventTarget-impl.js:286:3)
        at HTMLUnknownElementImpl._dispatch (C:\Users\shubh\grocerywebsite\grocerywebsite\node_modules\jsdom\lib\jsdom\living\events\EventTarget-impl.js:233:9)
        at HTMLUnknownElementImpl.dispatchEvent (C:\Users\shubh\grocerywebsite\grocerywebsite\node_modules\jsdom\lib\jsdom\living\events\EventTarget-impl.js:104:17)
        at HTMLUnknownElement.dispatchEvent (C:\Users\shubh\grocerywebsite\grocerywebsite\node_modules\jsdom\lib\jsdom\living\generated\EventTarget.js:241:34)
        at Object.invokeGuardedCallbackDev (C:\Users\shubh\grocerywebsite\grocerywebsite\node_modules\react-dom\cjs\react-dom.development.js:4213:16)
        at invokeGuardedCallback (C:\Users\shubh\grocerywebsite\grocerywebsite\node_modules\react-dom\cjs\react-dom.development.js:4277:31)
        at beginWork$1 (C:\Users\shubh\grocerywebsite\grocerywebsite\node_modules\react-dom\cjs\react-dom.development.js:27490:7)
        at performUnitOfWork (C:\Users\shubh\grocerywebsite\grocerywebsite\node_modules\react-dom\cjs\react-dom.development.js:26599:12)
        at workLoopSync (C:\Users\shubh\grocerywebsite\grocerywebsite\node_modules\react-dom\cjs\react-dom.development.js:26505:5)
        at renderRootSync (C:\Users\shubh\grocerywebsite\grocerywebsite\node_modules\react-dom\cjs\react-dom.development.js:26473:7)
        at recoverFromConcurrentError (C:\Users\shubh\grocerywebsite\grocerywebsite\node_modules\react-dom\cjs\react-dom.development.js:25889:20)
        at performConcurrentWorkOnRoot (C:\Users\shubh\grocerywebsite\grocerywebsite\node_modules\react-dom\cjs\react-dom.development.js:25789:22)
        at workLoop (C:\Users\shubh\grocerywebsite\grocerywebsite\node_modules\scheduler\cjs\scheduler.development.js:266:34)
        at flushWork (C:\Users\shubh\grocerywebsite\grocerywebsite\node_modules\scheduler\cjs\scheduler.development.js:239:14)
        at performWorkUntilDeadline (C:\Users\shubh\grocerywebsite\grocerywebsite\node_modules\scheduler\cjs\scheduler.development.js:533:21)
        at Timeout.task [as _onTimeout] (C:\Users\shubh\grocerywebsite\grocerywebsite\node_modules\jsdom\lib\jsdom\browser\Window.js:579:19)
        at listOnTimeout (node:internal/timers:608:17)
        at processTimers (node:internal/timers:543:7) {
      detail: Error: useNavigate() may be used only in the context of a <Router> component.
          at invariant (C:\Users\shubh\grocerywebsite\grocerywebsite\node_modules\react-router\dist\development\chunk-RBZI3ZHD.js:188:11)
          at useNavigateUnstable (C:\Users\shubh\grocerywebsite\grocerywebsite\node_modules\react-router\dist\development\chunk-RBZI3ZHD.js:6597:3)
          at useNavigate (C:\Users\shubh\grocerywebsite\grocerywebsite\node_modules\react-router\dist\development\chunk-RBZI3ZHD.js:6594:46)
          at SubscriptionBanner (C:\Users\shubh\grocerywebsite\grocerywebsite\components\SubscriptionBanner.tsx:5:31)
          at renderWithHooks (C:\Users\shubh\grocerywebsite\grocerywebsite\node_modules\react-dom\cjs\react-dom.development.js:15486:18)
          at updateFunctionComponent (C:\Users\shubh\grocerywebsite\grocerywebsite\node_modules\react-dom\cjs\react-dom.development.js:19617:20)
          at mountLazyComponent (C:\Users\shubh\grocerywebsite\grocerywebsite\node_modules\react-dom\cjs\react-dom.development.js:19988:17)
          at beginWork (C:\Users\shubh\grocerywebsite\grocerywebsite\node_modules\react-dom\cjs\react-dom.development.js:21632:16)
          at HTMLUnknownElement.callCallback (C:\Users\shubh\grocerywebsite\grocerywebsite\node_modules\react-dom\cjs\react-dom.development.js:4164:14)
          at HTMLUnknownElement.callTheUserObjectsOperation (C:\Users\shubh\grocerywebsite\grocerywebsite\node_modules\jsdom\lib\jsdom\living\generated\EventListener.js:26:30)
          at innerInvokeEventListeners (C:\Users\shubh\grocerywebsite\grocerywebsite\node_modules\jsdom\lib\jsdom\living\events\EventTarget-impl.js:350:25)
          at invokeEventListeners (C:\Users\shubh\grocerywebsite\grocerywebsite\node_modules\jsdom\lib\jsdom\living\events\EventTarget-impl.js:286:3)
          at HTMLUnknownElementImpl._dispatch (C:\Users\shubh\grocerywebsite\grocerywebsite\node_modules\jsdom\lib\jsdom\living\events\EventTarget-impl.js:233:9)
          at HTMLUnknownElementImpl.dispatchEvent (C:\Users\shubh\grocerywebsite\grocerywebsite\node_modules\jsdom\lib\jsdom\living\events\EventTarget-impl.js:104:17)
          at HTMLUnknownElement.dispatchEvent (C:\Users\shubh\grocerywebsite\grocerywebsite\node_modules\jsdom\lib\jsdom\living\generated\EventTarget.js:241:34)
          at Object.invokeGuardedCallbackDev (C:\Users\shubh\grocerywebsite\grocerywebsite\node_modules\react-dom\cjs\react-dom.development.js:4213:16)
          at invokeGuardedCallback (C:\Users\shubh\grocerywebsite\grocerywebsite\node_modules\react-dom\cjs\react-dom.development.js:4277:31)
          at beginWork$1 (C:\Users\shubh\grocerywebsite\grocerywebsite\node_modules\react-dom\cjs\react-dom.development.js:27490:7)
          at performUnitOfWork (C:\Users\shubh\grocerywebsite\grocerywebsite\node_modules\react-dom\cjs\react-dom.development.js:26599:12)
          at workLoopSync (C:\Users\shubh\grocerywebsite\grocerywebsite\node_modules\react-dom\cjs\react-dom.development.js:26505:5)
          at renderRootSync (C:\Users\shubh\grocerywebsite\grocerywebsite\node_modules\react-dom\cjs\react-dom.development.js:26473:7)
          at recoverFromConcurrentError (C:\Users\shubh\grocerywebsite\grocerywebsite\node_modules\react-dom\cjs\react-dom.development.js:25889:20)
          at performConcurrentWorkOnRoot (C:\Users\shubh\grocerywebsite\grocerywebsite\node_modules\react-dom\cjs\react-dom.development.js:25789:22)
          at workLoop (C:\Users\shubh\grocerywebsite\grocerywebsite\node_modules\scheduler\cjs\scheduler.development.js:266:34)
          at flushWork (C:\Users\shubh\grocerywebsite\grocerywebsite\node_modules\scheduler\cjs\scheduler.development.js:239:14)
          at performWorkUntilDeadline (C:\Users\shubh\grocerywebsite\grocerywebsite\node_modules\scheduler\cjs\scheduler.development.js:533:21)
          at Timeout.task [as _onTimeout] (C:\Users\shubh\grocerywebsite\grocerywebsite\node_modules\jsdom\lib\jsdom\browser\Window.js:579:19)
          at listOnTimeout (node:internal/timers:608:17)
          at processTimers (node:internal/timers:543:7),
      type: 'unhandled exception'
    }

      at VirtualConsole.<anonymous> (node_modules/@jest/environment-jsdom-abstract/build/index.js:87:23)
      at reportException (node_modules/jsdom/lib/jsdom/living/helpers/runtime-script-errors.js:70:28)
      at innerInvokeEventListeners (node_modules/jsdom/lib/jsdom/living/events/EventTarget-impl.js:353:9)
      at invokeEventListeners (node_modules/jsdom/lib/jsdom/living/events/EventTarget-impl.js:286:3)
      at HTMLUnknownElementImpl._dispatch (node_modules/jsdom/lib/jsdom/living/events/EventTarget-impl.js:233:9)
      at HTMLUnknownElementImpl.dispatchEvent (node_modules/jsdom/lib/jsdom/living/events/EventTarget-impl.js:104:17)
      at HTMLUnknownElement.dispatchEvent (node_modules/jsdom/lib/jsdom/living/generated/EventTarget.js:241:34)
      at Object.invokeGuardedCallbackDev (node_modules/react-dom/cjs/react-dom.development.js:4213:16)
      at invokeGuardedCallback (node_modules/react-dom/cjs/react-dom.development.js:4277:31)
      at beginWork$1 (node_modules/react-dom/cjs/react-dom.development.js:27490:7)
      at performUnitOfWork (node_modules/react-dom/cjs/react-dom.development.js:26599:12)
      at workLoopSync (node_modules/react-dom/cjs/react-dom.development.js:26505:5)
      at renderRootSync (node_modules/react-dom/cjs/react-dom.development.js:26473:7)
      at recoverFromConcurrentError (node_modules/react-dom/cjs/react-dom.development.js:25889:20)
      at performConcurrentWorkOnRoot (node_modules/react-dom/cjs/react-dom.development.js:25789:22)
      at workLoop (node_modules/scheduler/cjs/scheduler.development.js:266:34)
      at flushWork (node_modules/scheduler/cjs/scheduler.development.js:239:14)
      at performWorkUntilDeadline (node_modules/scheduler/cjs/scheduler.development.js:533:21)
      at Timeout.task [as _onTimeout] (node_modules/jsdom/lib/jsdom/browser/Window.js:579:19)

  console.error
    Error: Uncaught [TypeError: Cannot destructure property 'basename' of 'React.useContext(...)' as it is null.]
        at reportException (C:\Users\shubh\grocerywebsite\grocerywebsite\node_modules\jsdom\lib\jsdom\living\helpers\runtime-script-errors.js:66:24)
        at innerInvokeEventListeners (C:\Users\shubh\grocerywebsite\grocerywebsite\node_modules\jsdom\lib\jsdom\living\events\EventTarget-impl.js:353:9)
        at invokeEventListeners (C:\Users\shubh\grocerywebsite\grocerywebsite\node_modules\jsdom\lib\jsdom\living\events\EventTarget-impl.js:286:3)
        at HTMLUnknownElementImpl._dispatch (C:\Users\shubh\grocerywebsite\grocerywebsite\node_modules\jsdom\lib\jsdom\living\events\EventTarget-impl.js:233:9)
        at HTMLUnknownElementImpl.dispatchEvent (C:\Users\shubh\grocerywebsite\grocerywebsite\node_modules\jsdom\lib\jsdom\living\events\EventTarget-impl.js:104:17)
        at HTMLUnknownElement.dispatchEvent (C:\Users\shubh\grocerywebsite\grocerywebsite\node_modules\jsdom\lib\jsdom\living\generated\EventTarget.js:241:34)
        at Object.invokeGuardedCallbackDev (C:\Users\shubh\grocerywebsite\grocerywebsite\node_modules\react-dom\cjs\react-dom.development.js:4213:16)
        at invokeGuardedCallback (C:\Users\shubh\grocerywebsite\grocerywebsite\node_modules\react-dom\cjs\react-dom.development.js:4277:31)
        at beginWork$1 (C:\Users\shubh\grocerywebsite\grocerywebsite\node_modules\react-dom\cjs\react-dom.development.js:27490:7)
        at performUnitOfWork (C:\Users\shubh\grocerywebsite\grocerywebsite\node_modules\react-dom\cjs\react-dom.development.js:26599:12)
        at workLoopSync (C:\Users\shubh\grocerywebsite\grocerywebsite\node_modules\react-dom\cjs\react-dom.development.js:26505:5)
        at renderRootSync (C:\Users\shubh\grocerywebsite\grocerywebsite\node_modules\react-dom\cjs\react-dom.development.js:26473:7)
        at recoverFromConcurrentError (C:\Users\shubh\grocerywebsite\grocerywebsite\node_modules\react-dom\cjs\react-dom.development.js:25889:20)
        at performConcurrentWorkOnRoot (C:\Users\shubh\grocerywebsite\grocerywebsite\node_modules\react-dom\cjs\react-dom.development.js:25789:22)
        at workLoop (C:\Users\shubh\grocerywebsite\grocerywebsite\node_modules\scheduler\cjs\scheduler.development.js:266:34)
        at flushWork (C:\Users\shubh\grocerywebsite\grocerywebsite\node_modules\scheduler\cjs\scheduler.development.js:239:14)
        at performWorkUntilDeadline (C:\Users\shubh\grocerywebsite\grocerywebsite\node_modules\scheduler\cjs\scheduler.development.js:533:21)
        at Timeout.task [as _onTimeout] (C:\Users\shubh\grocerywebsite\grocerywebsite\node_modules\jsdom\lib\jsdom\browser\Window.js:579:19)
        at listOnTimeout (node:internal/timers:608:17)
        at processTimers (node:internal/timers:543:7) {
      detail: TypeError: Cannot destructure property 'basename' of 'React.useContext(...)' as it is null.
          at LinkWithRef (C:\Users\shubh\grocerywebsite\grocerywebsite\node_modules\react-router\dist\development\chunk-HMTWJNYB.js:394:11)
          at renderWithHooks (C:\Users\shubh\grocerywebsite\grocerywebsite\node_modules\react-dom\cjs\react-dom.development.js:15486:18)
          at updateForwardRef (C:\Users\shubh\grocerywebsite\grocerywebsite\node_modules\react-dom\cjs\react-dom.development.js:19245:20)
          at beginWork (C:\Users\shubh\grocerywebsite\grocerywebsite\node_modules\react-dom\cjs\react-dom.development.js:21675:16)
          at HTMLUnknownElement.callCallback (C:\Users\shubh\grocerywebsite\grocerywebsite\node_modules\react-dom\cjs\react-dom.development.js:4164:14)
          at HTMLUnknownElement.callTheUserObjectsOperation (C:\Users\shubh\grocerywebsite\grocerywebsite\node_modules\jsdom\lib\jsdom\living\generated\EventListener.js:26:30)
          at innerInvokeEventListeners (C:\Users\shubh\grocerywebsite\grocerywebsite\node_modules\jsdom\lib\jsdom\living\events\EventTarget-impl.js:350:25)
          at invokeEventListeners (C:\Users\shubh\grocerywebsite\grocerywebsite\node_modules\jsdom\lib\jsdom\living\events\EventTarget-impl.js:286:3)
          at HTMLUnknownElementImpl._dispatch (C:\Users\shubh\grocerywebsite\grocerywebsite\node_modules\jsdom\lib\jsdom\living\events\EventTarget-impl.js:233:9)
          at HTMLUnknownElementImpl.dispatchEvent (C:\Users\shubh\grocerywebsite\grocerywebsite\node_modules\jsdom\lib\jsdom\living\events\EventTarget-impl.js:104:17)
          at HTMLUnknownElement.dispatchEvent (C:\Users\shubh\grocerywebsite\grocerywebsite\node_modules\jsdom\lib\jsdom\living\generated\EventTarget.js:241:34)
          at Object.invokeGuardedCallbackDev (C:\Users\shubh\grocerywebsite\grocerywebsite\node_modules\react-dom\cjs\react-dom.development.js:4213:16)
          at invokeGuardedCallback (C:\Users\shubh\grocerywebsite\grocerywebsite\node_modules\react-dom\cjs\react-dom.development.js:4277:31)
          at beginWork$1 (C:\Users\shubh\grocerywebsite\grocerywebsite\node_modules\react-dom\cjs\react-dom.development.js:27490:7)
          at performUnitOfWork (C:\Users\shubh\grocerywebsite\grocerywebsite\node_modules\react-dom\cjs\react-dom.development.js:26599:12)
          at workLoopSync (C:\Users\shubh\grocerywebsite\grocerywebsite\node_modules\react-dom\cjs\react-dom.development.js:26505:5)
          at renderRootSync (C:\Users\shubh\grocerywebsite\grocerywebsite\node_modules\react-dom\cjs\react-dom.development.js:26473:7)
          at recoverFromConcurrentError (C:\Users\shubh\grocerywebsite\grocerywebsite\node_modules\react-dom\cjs\react-dom.development.js:25889:20)
          at performConcurrentWorkOnRoot (C:\Users\shubh\grocerywebsite\grocerywebsite\node_modules\react-dom\cjs\react-dom.development.js:25789:22)
          at workLoop (C:\Users\shubh\grocerywebsite\grocerywebsite\node_modules\scheduler\cjs\scheduler.development.js:266:34)
          at flushWork (C:\Users\shubh\grocerywebsite\grocerywebsite\node_modules\scheduler\cjs\scheduler.development.js:239:14)
          at performWorkUntilDeadline (C:\Users\shubh\grocerywebsite\grocerywebsite\node_modules\scheduler\cjs\scheduler.development.js:533:21)
          at Timeout.task [as _onTimeout] (C:\Users\shubh\grocerywebsite\grocerywebsite\node_modules\jsdom\lib\jsdom\browser\Window.js:579:19)
          at listOnTimeout (node:internal/timers:608:17)
          at processTimers (node:internal/timers:543:7),
      type: 'unhandled exception'
    }

      at VirtualConsole.<anonymous> (node_modules/@jest/environment-jsdom-abstract/build/index.js:87:23)
      at reportException (node_modules/jsdom/lib/jsdom/living/helpers/runtime-script-errors.js:70:28)
      at innerInvokeEventListeners (node_modules/jsdom/lib/jsdom/living/events/EventTarget-impl.js:353:9)
      at invokeEventListeners (node_modules/jsdom/lib/jsdom/living/events/EventTarget-impl.js:286:3)
      at HTMLUnknownElementImpl._dispatch (node_modules/jsdom/lib/jsdom/living/events/EventTarget-impl.js:233:9)
      at HTMLUnknownElementImpl.dispatchEvent (node_modules/jsdom/lib/jsdom/living/events/EventTarget-impl.js:104:17)
      at HTMLUnknownElement.dispatchEvent (node_modules/jsdom/lib/jsdom/living/generated/EventTarget.js:241:34)
      at Object.invokeGuardedCallbackDev (node_modules/react-dom/cjs/react-dom.development.js:4213:16)
      at invokeGuardedCallback (node_modules/react-dom/cjs/react-dom.development.js:4277:31)
      at beginWork$1 (node_modules/react-dom/cjs/react-dom.development.js:27490:7)
      at performUnitOfWork (node_modules/react-dom/cjs/react-dom.development.js:26599:12)
      at workLoopSync (node_modules/react-dom/cjs/react-dom.development.js:26505:5)
      at renderRootSync (node_modules/react-dom/cjs/react-dom.development.js:26473:7)
      at recoverFromConcurrentError (node_modules/react-dom/cjs/react-dom.development.js:25889:20)
      at performConcurrentWorkOnRoot (node_modules/react-dom/cjs/react-dom.development.js:25789:22)
      at workLoop (node_modules/scheduler/cjs/scheduler.development.js:266:34)
      at flushWork (node_modules/scheduler/cjs/scheduler.development.js:239:14)
      at performWorkUntilDeadline (node_modules/scheduler/cjs/scheduler.development.js:533:21)
      at Timeout.task [as _onTimeout] (node_modules/jsdom/lib/jsdom/browser/Window.js:579:19)

  console.error
    Error: Uncaught [TypeError: Cannot destructure property 'basename' of 'React.useContext(...)' as it is null.]
        at reportException (C:\Users\shubh\grocerywebsite\grocerywebsite\node_modules\jsdom\lib\jsdom\living\helpers\runtime-script-errors.js:66:24)
        at innerInvokeEventListeners (C:\Users\shubh\grocerywebsite\grocerywebsite\node_modules\jsdom\lib\jsdom\living\events\EventTarget-impl.js:353:9)
        at invokeEventListeners (C:\Users\shubh\grocerywebsite\grocerywebsite\node_modules\jsdom\lib\jsdom\living\events\EventTarget-impl.js:286:3)
        at HTMLUnknownElementImpl._dispatch (C:\Users\shubh\grocerywebsite\grocerywebsite\node_modules\jsdom\lib\jsdom\living\events\EventTarget-impl.js:233:9)
        at HTMLUnknownElementImpl.dispatchEvent (C:\Users\shubh\grocerywebsite\grocerywebsite\node_modules\jsdom\lib\jsdom\living\events\EventTarget-impl.js:104:17)
        at HTMLUnknownElement.dispatchEvent (C:\Users\shubh\grocerywebsite\grocerywebsite\node_modules\jsdom\lib\jsdom\living\generated\EventTarget.js:241:34)
        at Object.invokeGuardedCallbackDev (C:\Users\shubh\grocerywebsite\grocerywebsite\node_modules\react-dom\cjs\react-dom.development.js:4213:16)
        at invokeGuardedCallback (C:\Users\shubh\grocerywebsite\grocerywebsite\node_modules\react-dom\cjs\react-dom.development.js:4277:31)
        at beginWork$1 (C:\Users\shubh\grocerywebsite\grocerywebsite\node_modules\react-dom\cjs\react-dom.development.js:27490:7)
        at performUnitOfWork (C:\Users\shubh\grocerywebsite\grocerywebsite\node_modules\react-dom\cjs\react-dom.development.js:26599:12)
        at workLoopSync (C:\Users\shubh\grocerywebsite\grocerywebsite\node_modules\react-dom\cjs\react-dom.development.js:26505:5)
        at renderRootSync (C:\Users\shubh\grocerywebsite\grocerywebsite\node_modules\react-dom\cjs\react-dom.development.js:26473:7)
        at recoverFromConcurrentError (C:\Users\shubh\grocerywebsite\grocerywebsite\node_modules\react-dom\cjs\react-dom.development.js:25889:20)
        at performConcurrentWorkOnRoot (C:\Users\shubh\grocerywebsite\grocerywebsite\node_modules\react-dom\cjs\react-dom.development.js:25789:22)
        at workLoop (C:\Users\shubh\grocerywebsite\grocerywebsite\node_modules\scheduler\cjs\scheduler.development.js:266:34)
        at flushWork (C:\Users\shubh\grocerywebsite\grocerywebsite\node_modules\scheduler\cjs\scheduler.development.js:239:14)
        at performWorkUntilDeadline (C:\Users\shubh\grocerywebsite\grocerywebsite\node_modules\scheduler\cjs\scheduler.development.js:533:21)
        at Timeout.task [as _onTimeout] (C:\Users\shubh\grocerywebsite\grocerywebsite\node_modules\jsdom\lib\jsdom\browser\Window.js:579:19)
        at listOnTimeout (node:internal/timers:608:17)
        at processTimers (node:internal/timers:543:7) {
      detail: TypeError: Cannot destructure property 'basename' of 'React.useContext(...)' as it is null.
          at LinkWithRef (C:\Users\shubh\grocerywebsite\grocerywebsite\node_modules\react-router\dist\development\chunk-HMTWJNYB.js:394:11)
          at renderWithHooks (C:\Users\shubh\grocerywebsite\grocerywebsite\node_modules\react-dom\cjs\react-dom.development.js:15486:18)
          at updateForwardRef (C:\Users\shubh\grocerywebsite\grocerywebsite\node_modules\react-dom\cjs\react-dom.development.js:19245:20)
          at beginWork (C:\Users\shubh\grocerywebsite\grocerywebsite\node_modules\react-dom\cjs\react-dom.development.js:21675:16)
          at HTMLUnknownElement.callCallback (C:\Users\shubh\grocerywebsite\grocerywebsite\node_modules\react-dom\cjs\react-dom.development.js:4164:14)
          at HTMLUnknownElement.callTheUserObjectsOperation (C:\Users\shubh\grocerywebsite\grocerywebsite\node_modules\jsdom\lib\jsdom\living\generated\EventListener.js:26:30)
          at innerInvokeEventListeners (C:\Users\shubh\grocerywebsite\grocerywebsite\node_modules\jsdom\lib\jsdom\living\events\EventTarget-impl.js:350:25)
          at invokeEventListeners (C:\Users\shubh\grocerywebsite\grocerywebsite\node_modules\jsdom\lib\jsdom\living\events\EventTarget-impl.js:286:3)
          at HTMLUnknownElementImpl._dispatch (C:\Users\shubh\grocerywebsite\grocerywebsite\node_modules\jsdom\lib\jsdom\living\events\EventTarget-impl.js:233:9)
          at HTMLUnknownElementImpl.dispatchEvent (C:\Users\shubh\grocerywebsite\grocerywebsite\node_modules\jsdom\lib\jsdom\living\events\EventTarget-impl.js:104:17)
          at HTMLUnknownElement.dispatchEvent (C:\Users\shubh\grocerywebsite\grocerywebsite\node_modules\jsdom\lib\jsdom\living\generated\EventTarget.js:241:34)
          at Object.invokeGuardedCallbackDev (C:\Users\shubh\grocerywebsite\grocerywebsite\node_modules\react-dom\cjs\react-dom.development.js:4213:16)
          at invokeGuardedCallback (C:\Users\shubh\grocerywebsite\grocerywebsite\node_modules\react-dom\cjs\react-dom.development.js:4277:31)
          at beginWork$1 (C:\Users\shubh\grocerywebsite\grocerywebsite\node_modules\react-dom\cjs\react-dom.development.js:27490:7)
          at performUnitOfWork (C:\Users\shubh\grocerywebsite\grocerywebsite\node_modules\react-dom\cjs\react-dom.development.js:26599:12)
          at workLoopSync (C:\Users\shubh\grocerywebsite\grocerywebsite\node_modules\react-dom\cjs\react-dom.development.js:26505:5)
          at renderRootSync (C:\Users\shubh\grocerywebsite\grocerywebsite\node_modules\react-dom\cjs\react-dom.development.js:26473:7)
          at recoverFromConcurrentError (C:\Users\shubh\grocerywebsite\grocerywebsite\node_modules\react-dom\cjs\react-dom.development.js:25889:20)
          at performConcurrentWorkOnRoot (C:\Users\shubh\grocerywebsite\grocerywebsite\node_modules\react-dom\cjs\react-dom.development.js:25789:22)
          at workLoop (C:\Users\shubh\grocerywebsite\grocerywebsite\node_modules\scheduler\cjs\scheduler.development.js:266:34)
          at flushWork (C:\Users\shubh\grocerywebsite\grocerywebsite\node_modules\scheduler\cjs\scheduler.development.js:239:14)
          at performWorkUntilDeadline (C:\Users\shubh\grocerywebsite\grocerywebsite\node_modules\scheduler\cjs\scheduler.development.js:533:21)
          at Timeout.task [as _onTimeout] (C:\Users\shubh\grocerywebsite\grocerywebsite\node_modules\jsdom\lib\jsdom\browser\Window.js:579:19)
          at listOnTimeout (node:internal/timers:608:17)
          at processTimers (node:internal/timers:543:7),
      type: 'unhandled exception'
    }

      at VirtualConsole.<anonymous> (node_modules/@jest/environment-jsdom-abstract/build/index.js:87:23)
      at reportException (node_modules/jsdom/lib/jsdom/living/helpers/runtime-script-errors.js:70:28)
      at innerInvokeEventListeners (node_modules/jsdom/lib/jsdom/living/events/EventTarget-impl.js:353:9)
      at invokeEventListeners (node_modules/jsdom/lib/jsdom/living/events/EventTarget-impl.js:286:3)
      at HTMLUnknownElementImpl._dispatch (node_modules/jsdom/lib/jsdom/living/events/EventTarget-impl.js:233:9)
      at HTMLUnknownElementImpl.dispatchEvent (node_modules/jsdom/lib/jsdom/living/events/EventTarget-impl.js:104:17)
      at HTMLUnknownElement.dispatchEvent (node_modules/jsdom/lib/jsdom/living/generated/EventTarget.js:241:34)
      at Object.invokeGuardedCallbackDev (node_modules/react-dom/cjs/react-dom.development.js:4213:16)
      at invokeGuardedCallback (node_modules/react-dom/cjs/react-dom.development.js:4277:31)
      at beginWork$1 (node_modules/react-dom/cjs/react-dom.development.js:27490:7)
      at performUnitOfWork (node_modules/react-dom/cjs/react-dom.development.js:26599:12)
      at workLoopSync (node_modules/react-dom/cjs/react-dom.development.js:26505:5)
      at renderRootSync (node_modules/react-dom/cjs/react-dom.development.js:26473:7)
      at recoverFromConcurrentError (node_modules/react-dom/cjs/react-dom.development.js:25889:20)
      at performConcurrentWorkOnRoot (node_modules/react-dom/cjs/react-dom.development.js:25789:22)
      at workLoop (node_modules/scheduler/cjs/scheduler.development.js:266:34)
      at flushWork (node_modules/scheduler/cjs/scheduler.development.js:239:14)
      at performWorkUntilDeadline (node_modules/scheduler/cjs/scheduler.development.js:533:21)
      at Timeout.task [as _onTimeout] (node_modules/jsdom/lib/jsdom/browser/Window.js:579:19)

  console.error
    The above error occurred in the <SubscriptionBanner> component:
    
        at SubscriptionBanner (C:\Users\shubh\grocerywebsite\grocerywebsite\components\SubscriptionBanner.tsx:5:31)
        at div
        at Suspense
        at main
        at HomePage (C:\Users\shubh\grocerywebsite\grocerywebsite\pages\HomePage.tsx:81:3)
        at Suspense
    
    Consider adding an error boundary to your tree to customize error handling behavior.
    Visit https://reactjs.org/link/error-boundaries to learn more about error boundaries.

      at logCapturedError (node_modules/react-dom/cjs/react-dom.development.js:18704:23)
      at update.callback (node_modules/react-dom/cjs/react-dom.development.js:18737:5)
      at callCallback (node_modules/react-dom/cjs/react-dom.development.js:15036:12)
      at commitUpdateQueue (node_modules/react-dom/cjs/react-dom.development.js:15057:9)
      at commitLayoutEffectOnFiber (node_modules/react-dom/cjs/react-dom.development.js:23430:13)
      at commitLayoutMountEffects_complete (node_modules/react-dom/cjs/react-dom.development.js:24727:9)
      at commitLayoutEffects_begin (node_modules/react-dom/cjs/react-dom.development.js:24713:7)
      at commitLayoutEffects (node_modules/react-dom/cjs/react-dom.development.js:24651:3)
      at commitRootImpl (node_modules/react-dom/cjs/react-dom.development.js:26862:5)
      at commitRoot (node_modules/react-dom/cjs/react-dom.development.js:26721:5)
      at finishConcurrentRender (node_modules/react-dom/cjs/react-dom.development.js:25931:9)
      at performConcurrentWorkOnRoot (node_modules/react-dom/cjs/react-dom.development.js:25848:7)
      at workLoop (node_modules/scheduler/cjs/scheduler.development.js:266:34)
      at flushWork (node_modules/scheduler/cjs/scheduler.development.js:239:14)
      at performWorkUntilDeadline (node_modules/scheduler/cjs/scheduler.development.js:533:21)
      at Timeout.task [as _onTimeout] (node_modules/jsdom/lib/jsdom/browser/Window.js:579:19)

  console.error
    The above error occurred in the <Link> component:
    
        at LinkWithRef (C:\Users\shubh\grocerywebsite\grocerywebsite\node_modules\react-router\dist\development\chunk-HMTWJNYB.js:381:5)
        at div
        at div
        at section
        at LoyaltyWidget (C:\Users\shubh\grocerywebsite\grocerywebsite\components\LoyaltyWidget.tsx:10:56)
        at Suspense
        at main
        at HomePage (C:\Users\shubh\grocerywebsite\grocerywebsite\pages\HomePage.tsx:81:3)
        at Suspense
    
    Consider adding an error boundary to your tree to customize error handling behavior.
    Visit https://reactjs.org/link/error-boundaries to learn more about error boundaries.

      at logCapturedError (node_modules/react-dom/cjs/react-dom.development.js:18704:23)
      at update.callback (node_modules/react-dom/cjs/react-dom.development.js:18737:5)
      at callCallback (node_modules/react-dom/cjs/react-dom.development.js:15036:12)
      at commitUpdateQueue (node_modules/react-dom/cjs/react-dom.development.js:15057:9)
      at commitLayoutEffectOnFiber (node_modules/react-dom/cjs/react-dom.development.js:23430:13)
      at commitLayoutMountEffects_complete (node_modules/react-dom/cjs/react-dom.development.js:24727:9)
      at commitLayoutEffects_begin (node_modules/react-dom/cjs/react-dom.development.js:24713:7)
      at commitLayoutEffects (node_modules/react-dom/cjs/react-dom.development.js:24651:3)
      at commitRootImpl (node_modules/react-dom/cjs/react-dom.development.js:26862:5)
      at commitRoot (node_modules/react-dom/cjs/react-dom.development.js:26721:5)
      at finishConcurrentRender (node_modules/react-dom/cjs/react-dom.development.js:25931:9)
      at performConcurrentWorkOnRoot (node_modules/react-dom/cjs/react-dom.development.js:25848:7)
      at workLoop (node_modules/scheduler/cjs/scheduler.development.js:266:34)
      at flushWork (node_modules/scheduler/cjs/scheduler.development.js:239:14)
      at performWorkUntilDeadline (node_modules/scheduler/cjs/scheduler.development.js:533:21)
      at Timeout.task [as _onTimeout] (node_modules/jsdom/lib/jsdom/browser/Window.js:579:19)

  console.error
    The above error occurred in the <Link> component:
    
        at LinkWithRef (C:\Users\shubh\grocerywebsite\grocerywebsite\node_modules\react-router\dist\development\chunk-HMTWJNYB.js:381:5)
        at p
        at div
        at div
        at section
        at LoyaltyWidget (C:\Users\shubh\grocerywebsite\grocerywebsite\components\LoyaltyWidget.tsx:10:56)
        at Suspense
        at main
        at HomePage (C:\Users\shubh\grocerywebsite\grocerywebsite\pages\HomePage.tsx:81:3)
        at Suspense
    
    Consider adding an error boundary to your tree to customize error handling behavior.
    Visit https://reactjs.org/link/error-boundaries to learn more about error boundaries.

      at logCapturedError (node_modules/react-dom/cjs/react-dom.development.js:18704:23)
      at update.callback (node_modules/react-dom/cjs/react-dom.development.js:18737:5)
      at callCallback (node_modules/react-dom/cjs/react-dom.development.js:15036:12)
      at commitUpdateQueue (node_modules/react-dom/cjs/react-dom.development.js:15057:9)
      at commitLayoutEffectOnFiber (node_modules/react-dom/cjs/react-dom.development.js:23430:13)
      at commitLayoutMountEffects_complete (node_modules/react-dom/cjs/react-dom.development.js:24727:9)
      at commitLayoutEffects_begin (node_modules/react-dom/cjs/react-dom.development.js:24713:7)
      at commitLayoutEffects (node_modules/react-dom/cjs/react-dom.development.js:24651:3)
      at commitRootImpl (node_modules/react-dom/cjs/react-dom.development.js:26862:5)
      at commitRoot (node_modules/react-dom/cjs/react-dom.development.js:26721:5)
      at finishConcurrentRender (node_modules/react-dom/cjs/react-dom.development.js:25931:9)
      at performConcurrentWorkOnRoot (node_modules/react-dom/cjs/react-dom.development.js:25848:7)
      at workLoop (node_modules/scheduler/cjs/scheduler.development.js:266:34)
      at flushWork (node_modules/scheduler/cjs/scheduler.development.js:239:14)
      at performWorkUntilDeadline (node_modules/scheduler/cjs/scheduler.development.js:533:21)
      at Timeout.task [as _onTimeout] (node_modules/jsdom/lib/jsdom/browser/Window.js:579:19)

  console.error
    Error: Uncaught [Error: useNavigate() may be used only in the context of a <Router> component.]
        at reportException (C:\Users\shubh\grocerywebsite\grocerywebsite\node_modules\jsdom\lib\jsdom\living\helpers\runtime-script-errors.js:66:24)
        at Timeout.task [as _onTimeout] (C:\Users\shubh\grocerywebsite\grocerywebsite\node_modules\jsdom\lib\jsdom\browser\Window.js:584:9)
        at listOnTimeout (node:internal/timers:608:17)
        at processTimers (node:internal/timers:543:7) {
      detail: Error: useNavigate() may be used only in the context of a <Router> component.
          at invariant (C:\Users\shubh\grocerywebsite\grocerywebsite\node_modules\react-router\dist\development\chunk-RBZI3ZHD.js:188:11)
          at useNavigateUnstable (C:\Users\shubh\grocerywebsite\grocerywebsite\node_modules\react-router\dist\development\chunk-RBZI3ZHD.js:6597:3)
          at useNavigate (C:\Users\shubh\grocerywebsite\grocerywebsite\node_modules\react-router\dist\development\chunk-RBZI3ZHD.js:6594:46)
          at SubscriptionBanner (C:\Users\shubh\grocerywebsite\grocerywebsite\components\SubscriptionBanner.tsx:5:31)
          at renderWithHooks (C:\Users\shubh\grocerywebsite\grocerywebsite\node_modules\react-dom\cjs\react-dom.development.js:15486:18)
          at updateFunctionComponent (C:\Users\shubh\grocerywebsite\grocerywebsite\node_modules\react-dom\cjs\react-dom.development.js:19617:20)
          at mountLazyComponent (C:\Users\shubh\grocerywebsite\grocerywebsite\node_modules\react-dom\cjs\react-dom.development.js:19988:17)
          at beginWork (C:\Users\shubh\grocerywebsite\grocerywebsite\node_modules\react-dom\cjs\react-dom.development.js:21632:16)
          at beginWork$1 (C:\Users\shubh\grocerywebsite\grocerywebsite\node_modules\react-dom\cjs\react-dom.development.js:27465:14)
          at performUnitOfWork (C:\Users\shubh\grocerywebsite\grocerywebsite\node_modules\react-dom\cjs\react-dom.development.js:26599:12)
          at workLoopSync (C:\Users\shubh\grocerywebsite\grocerywebsite\node_modules\react-dom\cjs\react-dom.development.js:26505:5)
          at renderRootSync (C:\Users\shubh\grocerywebsite\grocerywebsite\node_modules\react-dom\cjs\react-dom.development.js:26473:7)
          at recoverFromConcurrentError (C:\Users\shubh\grocerywebsite\grocerywebsite\node_modules\react-dom\cjs\react-dom.development.js:25889:20)
          at performConcurrentWorkOnRoot (C:\Users\shubh\grocerywebsite\grocerywebsite\node_modules\react-dom\cjs\react-dom.development.js:25789:22)
          at workLoop (C:\Users\shubh\grocerywebsite\grocerywebsite\node_modules\scheduler\cjs\scheduler.development.js:266:34)
          at flushWork (C:\Users\shubh\grocerywebsite\grocerywebsite\node_modules\scheduler\cjs\scheduler.development.js:239:14)
          at performWorkUntilDeadline (C:\Users\shubh\grocerywebsite\grocerywebsite\node_modules\scheduler\cjs\scheduler.development.js:533:21)
          at Timeout.task [as _onTimeout] (C:\Users\shubh\grocerywebsite\grocerywebsite\node_modules\jsdom\lib\jsdom\browser\Window.js:579:19)
          at listOnTimeout (node:internal/timers:608:17)
          at processTimers (node:internal/timers:543:7),
      type: 'unhandled exception'
    }

      at VirtualConsole.<anonymous> (node_modules/@jest/environment-jsdom-abstract/build/index.js:87:23)
      at reportException (node_modules/jsdom/lib/jsdom/living/helpers/runtime-script-errors.js:70:28)
      at Timeout.task [as _onTimeout] (node_modules/jsdom/lib/jsdom/browser/Window.js:584:9)

  console.error
    Error: Uncaught [Error: useNavigate() may be used only in the context of a <Router> component.]
        at reportException (C:\Users\shubh\grocerywebsite\grocerywebsite\node_modules\jsdom\lib\jsdom\living\helpers\runtime-script-errors.js:66:24)
        at innerInvokeEventListeners (C:\Users\shubh\grocerywebsite\grocerywebsite\node_modules\jsdom\lib\jsdom\living\events\EventTarget-impl.js:353:9)
        at invokeEventListeners (C:\Users\shubh\grocerywebsite\grocerywebsite\node_modules\jsdom\lib\jsdom\living\events\EventTarget-impl.js:286:3)
        at HTMLUnknownElementImpl._dispatch (C:\Users\shubh\grocerywebsite\grocerywebsite\node_modules\jsdom\lib\jsdom\living\events\EventTarget-impl.js:233:9)
        at HTMLUnknownElementImpl.dispatchEvent (C:\Users\shubh\grocerywebsite\grocerywebsite\node_modules\jsdom\lib\jsdom\living\events\EventTarget-impl.js:104:17)
        at HTMLUnknownElement.dispatchEvent (C:\Users\shubh\grocerywebsite\grocerywebsite\node_modules\jsdom\lib\jsdom\living\generated\EventTarget.js:241:34)
        at Object.invokeGuardedCallbackDev (C:\Users\shubh\grocerywebsite\grocerywebsite\node_modules\react-dom\cjs\react-dom.development.js:4213:16)
        at invokeGuardedCallback (C:\Users\shubh\grocerywebsite\grocerywebsite\node_modules\react-dom\cjs\react-dom.development.js:4277:31)
        at beginWork$1 (C:\Users\shubh\grocerywebsite\grocerywebsite\node_modules\react-dom\cjs\react-dom.development.js:27490:7)
        at performUnitOfWork (C:\Users\shubh\grocerywebsite\grocerywebsite\node_modules\react-dom\cjs\react-dom.development.js:26599:12)
        at workLoopSync (C:\Users\shubh\grocerywebsite\grocerywebsite\node_modules\react-dom\cjs\react-dom.development.js:26505:5)
        at renderRootSync (C:\Users\shubh\grocerywebsite\grocerywebsite\node_modules\react-dom\cjs\react-dom.development.js:26473:7)
        at performConcurrentWorkOnRoot (C:\Users\shubh\grocerywebsite\grocerywebsite\node_modules\react-dom\cjs\react-dom.development.js:25777:74)
        at flushActQueue (C:\Users\shubh\grocerywebsite\grocerywebsite\node_modules\react\cjs\react.development.js:2667:24)
        at act (C:\Users\shubh\grocerywebsite\grocerywebsite\node_modules\react\cjs\react.development.js:2582:11)
        at C:\Users\shubh\grocerywebsite\grocerywebsite\node_modules\@testing-library\react\dist\act-compat.js:47:25
        at renderRoot (C:\Users\shubh\grocerywebsite\grocerywebsite\node_modules\@testing-library\react\dist\pure.js:190:26)
        at render (C:\Users\shubh\grocerywebsite\grocerywebsite\node_modules\@testing-library\react\dist\pure.js:292:10)
        at Object.<anonymous> (C:\Users\shubh\grocerywebsite\grocerywebsite\components\__tests__\HomePage.test.tsx:116:11)
        at Promise.finally.completed (C:\Users\shubh\grocerywebsite\grocerywebsite\node_modules\jest-circus\build\jestAdapterInit.js:1557:28)
        at new Promise (<anonymous>)
        at callAsyncCircusFn (C:\Users\shubh\grocerywebsite\grocerywebsite\node_modules\jest-circus\build\jestAdapterInit.js:1497:10)
        at _callCircusTest (C:\Users\shubh\grocerywebsite\grocerywebsite\node_modules\jest-circus\build\jestAdapterInit.js:1007:40)
        at _runTest (C:\Users\shubh\grocerywebsite\grocerywebsite\node_modules\jest-circus\build\jestAdapterInit.js:947:3)
        at C:\Users\shubh\grocerywebsite\grocerywebsite\node_modules\jest-circus\build\jestAdapterInit.js:849:7
        at _runTestsForDescribeBlock (C:\Users\shubh\grocerywebsite\grocerywebsite\node_modules\jest-circus\build\jestAdapterInit.js:862:11)
        at _runTestsForDescribeBlock (C:\Users\shubh\grocerywebsite\grocerywebsite\node_modules\jest-circus\build\jestAdapterInit.js:857:11)
        at run (C:\Users\shubh\grocerywebsite\grocerywebsite\node_modules\jest-circus\build\jestAdapterInit.js:761:3)
        at runAndTransformResultsToJestFormat (C:\Users\shubh\grocerywebsite\grocerywebsite\node_modules\jest-circus\build\jestAdapterInit.js:1918:21)
        at jestAdapter (C:\Users\shubh\grocerywebsite\grocerywebsite\node_modules\jest-circus\build\runner.js:101:19)
        at runTestInternal (C:\Users\shubh\grocerywebsite\grocerywebsite\node_modules\jest-runner\build\index.js:275:16)
        at runTest (C:\Users\shubh\grocerywebsite\grocerywebsite\node_modules\jest-runner\build\index.js:343:7) {
      detail: Error: useNavigate() may be used only in the context of a <Router> component.
          at invariant (C:\Users\shubh\grocerywebsite\grocerywebsite\node_modules\react-router\dist\development\chunk-RBZI3ZHD.js:188:11)
          at useNavigateUnstable (C:\Users\shubh\grocerywebsite\grocerywebsite\node_modules\react-router\dist\development\chunk-RBZI3ZHD.js:6597:3)
          at useNavigate (C:\Users\shubh\grocerywebsite\grocerywebsite\node_modules\react-router\dist\development\chunk-RBZI3ZHD.js:6594:46)
          at SubscriptionBanner (C:\Users\shubh\grocerywebsite\grocerywebsite\components\SubscriptionBanner.tsx:5:31)
          at renderWithHooks (C:\Users\shubh\grocerywebsite\grocerywebsite\node_modules\react-dom\cjs\react-dom.development.js:15486:18)
          at updateFunctionComponent (C:\Users\shubh\grocerywebsite\grocerywebsite\node_modules\react-dom\cjs\react-dom.development.js:19617:20)
          at mountLazyComponent (C:\Users\shubh\grocerywebsite\grocerywebsite\node_modules\react-dom\cjs\react-dom.development.js:19988:17)
          at beginWork (C:\Users\shubh\grocerywebsite\grocerywebsite\node_modules\react-dom\cjs\react-dom.development.js:21632:16)
          at HTMLUnknownElement.callCallback (C:\Users\shubh\grocerywebsite\grocerywebsite\node_modules\react-dom\cjs\react-dom.development.js:4164:14)
          at HTMLUnknownElement.callTheUserObjectsOperation (C:\Users\shubh\grocerywebsite\grocerywebsite\node_modules\jsdom\lib\jsdom\living\generated\EventListener.js:26:30)
          at innerInvokeEventListeners (C:\Users\shubh\grocerywebsite\grocerywebsite\node_modules\jsdom\lib\jsdom\living\events\EventTarget-impl.js:350:25)
          at invokeEventListeners (C:\Users\shubh\grocerywebsite\grocerywebsite\node_modules\jsdom\lib\jsdom\living\events\EventTarget-impl.js:286:3)
          at HTMLUnknownElementImpl._dispatch (C:\Users\shubh\grocerywebsite\grocerywebsite\node_modules\jsdom\lib\jsdom\living\events\EventTarget-impl.js:233:9)
          at HTMLUnknownElementImpl.dispatchEvent (C:\Users\shubh\grocerywebsite\grocerywebsite\node_modules\jsdom\lib\jsdom\living\events\EventTarget-impl.js:104:17)
          at HTMLUnknownElement.dispatchEvent (C:\Users\shubh\grocerywebsite\grocerywebsite\node_modules\jsdom\lib\jsdom\living\generated\EventTarget.js:241:34)
          at Object.invokeGuardedCallbackDev (C:\Users\shubh\grocerywebsite\grocerywebsite\node_modules\react-dom\cjs\react-dom.development.js:4213:16)
          at invokeGuardedCallback (C:\Users\shubh\grocerywebsite\grocerywebsite\node_modules\react-dom\cjs\react-dom.development.js:4277:31)
          at beginWork$1 (C:\Users\shubh\grocerywebsite\grocerywebsite\node_modules\react-dom\cjs\react-dom.development.js:27490:7)
          at performUnitOfWork (C:\Users\shubh\grocerywebsite\grocerywebsite\node_modules\react-dom\cjs\react-dom.development.js:26599:12)
          at workLoopSync (C:\Users\shubh\grocerywebsite\grocerywebsite\node_modules\react-dom\cjs\react-dom.development.js:26505:5)
          at renderRootSync (C:\Users\shubh\grocerywebsite\grocerywebsite\node_modules\react-dom\cjs\react-dom.development.js:26473:7)
          at performConcurrentWorkOnRoot (C:\Users\shubh\grocerywebsite\grocerywebsite\node_modules\react-dom\cjs\react-dom.development.js:25777:74)
          at flushActQueue (C:\Users\shubh\grocerywebsite\grocerywebsite\node_modules\react\cjs\react.development.js:2667:24)
          at act (C:\Users\shubh\grocerywebsite\grocerywebsite\node_modules\react\cjs\react.development.js:2582:11)
          at C:\Users\shubh\grocerywebsite\grocerywebsite\node_modules\@testing-library\react\dist\act-compat.js:47:25
          at renderRoot (C:\Users\shubh\grocerywebsite\grocerywebsite\node_modules\@testing-library\react\dist\pure.js:190:26)
          at render (C:\Users\shubh\grocerywebsite\grocerywebsite\node_modules\@testing-library\react\dist\pure.js:292:10)
          at Object.<anonymous> (C:\Users\shubh\grocerywebsite\grocerywebsite\components\__tests__\HomePage.test.tsx:116:11)
          at Promise.finally.completed (C:\Users\shubh\grocerywebsite\grocerywebsite\node_modules\jest-circus\build\jestAdapterInit.js:1557:28)
          at new Promise (<anonymous>)
          at callAsyncCircusFn (C:\Users\shubh\grocerywebsite\grocerywebsite\node_modules\jest-circus\build\jestAdapterInit.js:1497:10)
          at _callCircusTest (C:\Users\shubh\grocerywebsite\grocerywebsite\node_modules\jest-circus\build\jestAdapterInit.js:1007:40)
          at _runTest (C:\Users\shubh\grocerywebsite\grocerywebsite\node_modules\jest-circus\build\jestAdapterInit.js:947:3)
          at C:\Users\shubh\grocerywebsite\grocerywebsite\node_modules\jest-circus\build\jestAdapterInit.js:849:7
          at _runTestsForDescribeBlock (C:\Users\shubh\grocerywebsite\grocerywebsite\node_modules\jest-circus\build\jestAdapterInit.js:862:11)
          at _runTestsForDescribeBlock (C:\Users\shubh\grocerywebsite\grocerywebsite\node_modules\jest-circus\build\jestAdapterInit.js:857:11)
          at run (C:\Users\shubh\grocerywebsite\grocerywebsite\node_modules\jest-circus\build\jestAdapterInit.js:761:3)
          at runAndTransformResultsToJestFormat (C:\Users\shubh\grocerywebsite\grocerywebsite\node_modules\jest-circus\build\jestAdapterInit.js:1918:21)
          at jestAdapter (C:\Users\shubh\grocerywebsite\grocerywebsite\node_modules\jest-circus\build\runner.js:101:19)
          at runTestInternal (C:\Users\shubh\grocerywebsite\grocerywebsite\node_modules\jest-runner\build\index.js:275:16)
          at runTest (C:\Users\shubh\grocerywebsite\grocerywebsite\node_modules\jest-runner\build\index.js:343:7),
      type: 'unhandled exception'
    }

    [0m [90m 114 |[39m
     [90m 115 |[39m   it([32m'renders core page sections'[39m[33m,[39m [36masync[39m () [33m=>[39m {
    [31m[1m>[22m[39m[90m 116 |[39m     render(
     [90m     |[39m           [31m[1m^[22m[39m
     [90m 117 |[39m       [33m<[39m[33mReact[39m[33m.[39m[33mSuspense[39m fallback[33m=[39m{[33m<[39m[33mdiv[39m[33m>[39m[33mLoading[39m[33m...[39m[33m<[39m[33m/[39m[33mdiv[39m[33m>[39m}[33m>[39m
     [90m 118 |[39m         [33m<[39m[33mHomePage[39m {[33m...[39mdefaultProps} [33m/[39m[33m>[39m
     [90m 119 |[39m       [33m<[39m[33m/[39m[33mReact[39m[33m.[39m[33mSuspense[39m[33m>[39m[0m

      at VirtualConsole.<anonymous> (node_modules/@jest/environment-jsdom-abstract/build/index.js:87:23)
      at reportException (node_modules/jsdom/lib/jsdom/living/helpers/runtime-script-errors.js:70:28)
      at innerInvokeEventListeners (node_modules/jsdom/lib/jsdom/living/events/EventTarget-impl.js:353:9)
      at invokeEventListeners (node_modules/jsdom/lib/jsdom/living/events/EventTarget-impl.js:286:3)
      at HTMLUnknownElementImpl._dispatch (node_modules/jsdom/lib/jsdom/living/events/EventTarget-impl.js:233:9)
      at HTMLUnknownElementImpl.dispatchEvent (node_modules/jsdom/lib/jsdom/living/events/EventTarget-impl.js:104:17)
      at HTMLUnknownElement.dispatchEvent (node_modules/jsdom/lib/jsdom/living/generated/EventTarget.js:241:34)
      at Object.invokeGuardedCallbackDev (node_modules/react-dom/cjs/react-dom.development.js:4213:16)
      at invokeGuardedCallback (node_modules/react-dom/cjs/react-dom.development.js:4277:31)
      at beginWork$1 (node_modules/react-dom/cjs/react-dom.development.js:27490:7)
      at performUnitOfWork (node_modules/react-dom/cjs/react-dom.development.js:26599:12)
      at workLoopSync (node_modules/react-dom/cjs/react-dom.development.js:26505:5)
      at renderRootSync (node_modules/react-dom/cjs/react-dom.development.js:26473:7)
      at performConcurrentWorkOnRoot (node_modules/react-dom/cjs/react-dom.development.js:25777:74)
      at flushActQueue (node_modules/react/cjs/react.development.js:2667:24)
      at act (node_modules/react/cjs/react.development.js:2582:11)
      at node_modules/@testing-library/react/dist/act-compat.js:47:25
      at renderRoot (node_modules/@testing-library/react/dist/pure.js:190:26)
      at render (node_modules/@testing-library/react/dist/pure.js:292:10)
      at Object.<anonymous> (components/__tests__/HomePage.test.tsx:116:11)

  console.error
    Error: Uncaught [TypeError: Cannot destructure property 'basename' of 'React.useContext(...)' as it is null.]
        at reportException (C:\Users\shubh\grocerywebsite\grocerywebsite\node_modules\jsdom\lib\jsdom\living\helpers\runtime-script-errors.js:66:24)
        at innerInvokeEventListeners (C:\Users\shubh\grocerywebsite\grocerywebsite\node_modules\jsdom\lib\jsdom\living\events\EventTarget-impl.js:353:9)
        at invokeEventListeners (C:\Users\shubh\grocerywebsite\grocerywebsite\node_modules\jsdom\lib\jsdom\living\events\EventTarget-impl.js:286:3)
        at HTMLUnknownElementImpl._dispatch (C:\Users\shubh\grocerywebsite\grocerywebsite\node_modules\jsdom\lib\jsdom\living\events\EventTarget-impl.js:233:9)
        at HTMLUnknownElementImpl.dispatchEvent (C:\Users\shubh\grocerywebsite\grocerywebsite\node_modules\jsdom\lib\jsdom\living\events\EventTarget-impl.js:104:17)
        at HTMLUnknownElement.dispatchEvent (C:\Users\shubh\grocerywebsite\grocerywebsite\node_modules\jsdom\lib\jsdom\living\generated\EventTarget.js:241:34)
        at Object.invokeGuardedCallbackDev (C:\Users\shubh\grocerywebsite\grocerywebsite\node_modules\react-dom\cjs\react-dom.development.js:4213:16)
        at invokeGuardedCallback (C:\Users\shubh\grocerywebsite\grocerywebsite\node_modules\react-dom\cjs\react-dom.development.js:4277:31)
        at beginWork$1 (C:\Users\shubh\grocerywebsite\grocerywebsite\node_modules\react-dom\cjs\react-dom.development.js:27490:7)
        at performUnitOfWork (C:\Users\shubh\grocerywebsite\grocerywebsite\node_modules\react-dom\cjs\react-dom.development.js:26599:12)
        at workLoopSync (C:\Users\shubh\grocerywebsite\grocerywebsite\node_modules\react-dom\cjs\react-dom.development.js:26505:5)
        at renderRootSync (C:\Users\shubh\grocerywebsite\grocerywebsite\node_modules\react-dom\cjs\react-dom.development.js:26473:7)
        at performConcurrentWorkOnRoot (C:\Users\shubh\grocerywebsite\grocerywebsite\node_modules\react-dom\cjs\react-dom.development.js:25777:74)
        at flushActQueue (C:\Users\shubh\grocerywebsite\grocerywebsite\node_modules\react\cjs\react.development.js:2667:24)
        at act (C:\Users\shubh\grocerywebsite\grocerywebsite\node_modules\react\cjs\react.development.js:2582:11)
        at C:\Users\shubh\grocerywebsite\grocerywebsite\node_modules\@testing-library\react\dist\act-compat.js:47:25
        at renderRoot (C:\Users\shubh\grocerywebsite\grocerywebsite\node_modules\@testing-library\react\dist\pure.js:190:26)
        at render (C:\Users\shubh\grocerywebsite\grocerywebsite\node_modules\@testing-library\react\dist\pure.js:292:10)
        at Object.<anonymous> (C:\Users\shubh\grocerywebsite\grocerywebsite\components\__tests__\HomePage.test.tsx:116:11)
        at Promise.finally.completed (C:\Users\shubh\grocerywebsite\grocerywebsite\node_modules\jest-circus\build\jestAdapterInit.js:1557:28)
        at new Promise (<anonymous>)
        at callAsyncCircusFn (C:\Users\shubh\grocerywebsite\grocerywebsite\node_modules\jest-circus\build\jestAdapterInit.js:1497:10)
        at _callCircusTest (C:\Users\shubh\grocerywebsite\grocerywebsite\node_modules\jest-circus\build\jestAdapterInit.js:1007:40)
        at _runTest (C:\Users\shubh\grocerywebsite\grocerywebsite\node_modules\jest-circus\build\jestAdapterInit.js:947:3)
        at C:\Users\shubh\grocerywebsite\grocerywebsite\node_modules\jest-circus\build\jestAdapterInit.js:849:7
        at _runTestsForDescribeBlock (C:\Users\shubh\grocerywebsite\grocerywebsite\node_modules\jest-circus\build\jestAdapterInit.js:862:11)
        at _runTestsForDescribeBlock (C:\Users\shubh\grocerywebsite\grocerywebsite\node_modules\jest-circus\build\jestAdapterInit.js:857:11)
        at run (C:\Users\shubh\grocerywebsite\grocerywebsite\node_modules\jest-circus\build\jestAdapterInit.js:761:3)
        at runAndTransformResultsToJestFormat (C:\Users\shubh\grocerywebsite\grocerywebsite\node_modules\jest-circus\build\jestAdapterInit.js:1918:21)
        at jestAdapter (C:\Users\shubh\grocerywebsite\grocerywebsite\node_modules\jest-circus\build\runner.js:101:19)
        at runTestInternal (C:\Users\shubh\grocerywebsite\grocerywebsite\node_modules\jest-runner\build\index.js:275:16)
        at runTest (C:\Users\shubh\grocerywebsite\grocerywebsite\node_modules\jest-runner\build\index.js:343:7) {
      detail: TypeError: Cannot destructure property 'basename' of 'React.useContext(...)' as it is null.
          at LinkWithRef (C:\Users\shubh\grocerywebsite\grocerywebsite\node_modules\react-router\dist\development\chunk-HMTWJNYB.js:394:11)
          at renderWithHooks (C:\Users\shubh\grocerywebsite\grocerywebsite\node_modules\react-dom\cjs\react-dom.development.js:15486:18)
          at updateForwardRef (C:\Users\shubh\grocerywebsite\grocerywebsite\node_modules\react-dom\cjs\react-dom.development.js:19245:20)
          at beginWork (C:\Users\shubh\grocerywebsite\grocerywebsite\node_modules\react-dom\cjs\react-dom.development.js:21675:16)
          at HTMLUnknownElement.callCallback (C:\Users\shubh\grocerywebsite\grocerywebsite\node_modules\react-dom\cjs\react-dom.development.js:4164:14)
          at HTMLUnknownElement.callTheUserObjectsOperation (C:\Users\shubh\grocerywebsite\grocerywebsite\node_modules\jsdom\lib\jsdom\living\generated\EventListener.js:26:30)
          at innerInvokeEventListeners (C:\Users\shubh\grocerywebsite\grocerywebsite\node_modules\jsdom\lib\jsdom\living\events\EventTarget-impl.js:350:25)
          at invokeEventListeners (C:\Users\shubh\grocerywebsite\grocerywebsite\node_modules\jsdom\lib\jsdom\living\events\EventTarget-impl.js:286:3)
          at HTMLUnknownElementImpl._dispatch (C:\Users\shubh\grocerywebsite\grocerywebsite\node_modules\jsdom\lib\jsdom\living\events\EventTarget-impl.js:233:9)
          at HTMLUnknownElementImpl.dispatchEvent (C:\Users\shubh\grocerywebsite\grocerywebsite\node_modules\jsdom\lib\jsdom\living\events\EventTarget-impl.js:104:17)
          at HTMLUnknownElement.dispatchEvent (C:\Users\shubh\grocerywebsite\grocerywebsite\node_modules\jsdom\lib\jsdom\living\generated\EventTarget.js:241:34)
          at Object.invokeGuardedCallbackDev (C:\Users\shubh\grocerywebsite\grocerywebsite\node_modules\react-dom\cjs\react-dom.development.js:4213:16)
          at invokeGuardedCallback (C:\Users\shubh\grocerywebsite\grocerywebsite\node_modules\react-dom\cjs\react-dom.development.js:4277:31)
          at beginWork$1 (C:\Users\shubh\grocerywebsite\grocerywebsite\node_modules\react-dom\cjs\react-dom.development.js:27490:7)
          at performUnitOfWork (C:\Users\shubh\grocerywebsite\grocerywebsite\node_modules\react-dom\cjs\react-dom.development.js:26599:12)
          at workLoopSync (C:\Users\shubh\grocerywebsite\grocerywebsite\node_modules\react-dom\cjs\react-dom.development.js:26505:5)
          at renderRootSync (C:\Users\shubh\grocerywebsite\grocerywebsite\node_modules\react-dom\cjs\react-dom.development.js:26473:7)
          at performConcurrentWorkOnRoot (C:\Users\shubh\grocerywebsite\grocerywebsite\node_modules\react-dom\cjs\react-dom.development.js:25777:74)
          at flushActQueue (C:\Users\shubh\grocerywebsite\grocerywebsite\node_modules\react\cjs\react.development.js:2667:24)
          at act (C:\Users\shubh\grocerywebsite\grocerywebsite\node_modules\react\cjs\react.development.js:2582:11)
          at C:\Users\shubh\grocerywebsite\grocerywebsite\node_modules\@testing-library\react\dist\act-compat.js:47:25
          at renderRoot (C:\Users\shubh\grocerywebsite\grocerywebsite\node_modules\@testing-library\react\dist\pure.js:190:26)
          at render (C:\Users\shubh\grocerywebsite\grocerywebsite\node_modules\@testing-library\react\dist\pure.js:292:10)
          at Object.<anonymous> (C:\Users\shubh\grocerywebsite\grocerywebsite\components\__tests__\HomePage.test.tsx:116:11)
          at Promise.finally.completed (C:\Users\shubh\grocerywebsite\grocerywebsite\node_modules\jest-circus\build\jestAdapterInit.js:1557:28)
          at new Promise (<anonymous>)
          at callAsyncCircusFn (C:\Users\shubh\grocerywebsite\grocerywebsite\node_modules\jest-circus\build\jestAdapterInit.js:1497:10)
          at _callCircusTest (C:\Users\shubh\grocerywebsite\grocerywebsite\node_modules\jest-circus\build\jestAdapterInit.js:1007:40)
          at _runTest (C:\Users\shubh\grocerywebsite\grocerywebsite\node_modules\jest-circus\build\jestAdapterInit.js:947:3)
          at C:\Users\shubh\grocerywebsite\grocerywebsite\node_modules\jest-circus\build\jestAdapterInit.js:849:7
          at _runTestsForDescribeBlock (C:\Users\shubh\grocerywebsite\grocerywebsite\node_modules\jest-circus\build\jestAdapterInit.js:862:11)
          at _runTestsForDescribeBlock (C:\Users\shubh\grocerywebsite\grocerywebsite\node_modules\jest-circus\build\jestAdapterInit.js:857:11)
          at run (C:\Users\shubh\grocerywebsite\grocerywebsite\node_modules\jest-circus\build\jestAdapterInit.js:761:3)
          at runAndTransformResultsToJestFormat (C:\Users\shubh\grocerywebsite\grocerywebsite\node_modules\jest-circus\build\jestAdapterInit.js:1918:21)
          at jestAdapter (C:\Users\shubh\grocerywebsite\grocerywebsite\node_modules\jest-circus\build\runner.js:101:19)
          at runTestInternal (C:\Users\shubh\grocerywebsite\grocerywebsite\node_modules\jest-runner\build\index.js:275:16)
          at runTest (C:\Users\shubh\grocerywebsite\grocerywebsite\node_modules\jest-runner\build\index.js:343:7),
      type: 'unhandled exception'
    }

    [0m [90m 114 |[39m
     [90m 115 |[39m   it([32m'renders core page sections'[39m[33m,[39m [36masync[39m () [33m=>[39m {
    [31m[1m>[22m[39m[90m 116 |[39m     render(
     [90m     |[39m           [31m[1m^[22m[39m
     [90m 117 |[39m       [33m<[39m[33mReact[39m[33m.[39m[33mSuspense[39m fallback[33m=[39m{[33m<[39m[33mdiv[39m[33m>[39m[33mLoading[39m[33m...[39m[33m<[39m[33m/[39m[33mdiv[39m[33m>[39m}[33m>[39m
     [90m 118 |[39m         [33m<[39m[33mHomePage[39m {[33m...[39mdefaultProps} [33m/[39m[33m>[39m
     [90m 119 |[39m       [33m<[39m[33m/[39m[33mReact[39m[33m.[39m[33mSuspense[39m[33m>[39m[0m

      at VirtualConsole.<anonymous> (node_modules/@jest/environment-jsdom-abstract/build/index.js:87:23)
      at reportException (node_modules/jsdom/lib/jsdom/living/helpers/runtime-script-errors.js:70:28)
      at innerInvokeEventListeners (node_modules/jsdom/lib/jsdom/living/events/EventTarget-impl.js:353:9)
      at invokeEventListeners (node_modules/jsdom/lib/jsdom/living/events/EventTarget-impl.js:286:3)
      at HTMLUnknownElementImpl._dispatch (node_modules/jsdom/lib/jsdom/living/events/EventTarget-impl.js:233:9)
      at HTMLUnknownElementImpl.dispatchEvent (node_modules/jsdom/lib/jsdom/living/events/EventTarget-impl.js:104:17)
      at HTMLUnknownElement.dispatchEvent (node_modules/jsdom/lib/jsdom/living/generated/EventTarget.js:241:34)
      at Object.invokeGuardedCallbackDev (node_modules/react-dom/cjs/react-dom.development.js:4213:16)
      at invokeGuardedCallback (node_modules/react-dom/cjs/react-dom.development.js:4277:31)
      at beginWork$1 (node_modules/react-dom/cjs/react-dom.development.js:27490:7)
      at performUnitOfWork (node_modules/react-dom/cjs/react-dom.development.js:26599:12)
      at workLoopSync (node_modules/react-dom/cjs/react-dom.development.js:26505:5)
      at renderRootSync (node_modules/react-dom/cjs/react-dom.development.js:26473:7)
      at performConcurrentWorkOnRoot (node_modules/react-dom/cjs/react-dom.development.js:25777:74)
      at flushActQueue (node_modules/react/cjs/react.development.js:2667:24)
      at act (node_modules/react/cjs/react.development.js:2582:11)
      at node_modules/@testing-library/react/dist/act-compat.js:47:25
      at renderRoot (node_modules/@testing-library/react/dist/pure.js:190:26)
      at render (node_modules/@testing-library/react/dist/pure.js:292:10)
      at Object.<anonymous> (components/__tests__/HomePage.test.tsx:116:11)

  console.error
    Error: Uncaught [TypeError: Cannot destructure property 'basename' of 'React.useContext(...)' as it is null.]
        at reportException (C:\Users\shubh\grocerywebsite\grocerywebsite\node_modules\jsdom\lib\jsdom\living\helpers\runtime-script-errors.js:66:24)
        at innerInvokeEventListeners (C:\Users\shubh\grocerywebsite\grocerywebsite\node_modules\jsdom\lib\jsdom\living\events\EventTarget-impl.js:353:9)
        at invokeEventListeners (C:\Users\shubh\grocerywebsite\grocerywebsite\node_modules\jsdom\lib\jsdom\living\events\EventTarget-impl.js:286:3)
        at HTMLUnknownElementImpl._dispatch (C:\Users\shubh\grocerywebsite\grocerywebsite\node_modules\jsdom\lib\jsdom\living\events\EventTarget-impl.js:233:9)
        at HTMLUnknownElementImpl.dispatchEvent (C:\Users\shubh\grocerywebsite\grocerywebsite\node_modules\jsdom\lib\jsdom\living\events\EventTarget-impl.js:104:17)
        at HTMLUnknownElement.dispatchEvent (C:\Users\shubh\grocerywebsite\grocerywebsite\node_modules\jsdom\lib\jsdom\living\generated\EventTarget.js:241:34)
        at Object.invokeGuardedCallbackDev (C:\Users\shubh\grocerywebsite\grocerywebsite\node_modules\react-dom\cjs\react-dom.development.js:4213:16)
        at invokeGuardedCallback (C:\Users\shubh\grocerywebsite\grocerywebsite\node_modules\react-dom\cjs\react-dom.development.js:4277:31)
        at beginWork$1 (C:\Users\shubh\grocerywebsite\grocerywebsite\node_modules\react-dom\cjs\react-dom.development.js:27490:7)
        at performUnitOfWork (C:\Users\shubh\grocerywebsite\grocerywebsite\node_modules\react-dom\cjs\react-dom.development.js:26599:12)
        at workLoopSync (C:\Users\shubh\grocerywebsite\grocerywebsite\node_modules\react-dom\cjs\react-dom.development.js:26505:5)
        at renderRootSync (C:\Users\shubh\grocerywebsite\grocerywebsite\node_modules\react-dom\cjs\react-dom.development.js:26473:7)
        at performConcurrentWorkOnRoot (C:\Users\shubh\grocerywebsite\grocerywebsite\node_modules\react-dom\cjs\react-dom.development.js:25777:74)
        at flushActQueue (C:\Users\shubh\grocerywebsite\grocerywebsite\node_modules\react\cjs\react.development.js:2667:24)
        at act (C:\Users\shubh\grocerywebsite\grocerywebsite\node_modules\react\cjs\react.development.js:2582:11)
        at C:\Users\shubh\grocerywebsite\grocerywebsite\node_modules\@testing-library\react\dist\act-compat.js:47:25
        at renderRoot (C:\Users\shubh\grocerywebsite\grocerywebsite\node_modules\@testing-library\react\dist\pure.js:190:26)
        at render (C:\Users\shubh\grocerywebsite\grocerywebsite\node_modules\@testing-library\react\dist\pure.js:292:10)
        at Object.<anonymous> (C:\Users\shubh\grocerywebsite\grocerywebsite\components\__tests__\HomePage.test.tsx:116:11)
        at Promise.finally.completed (C:\Users\shubh\grocerywebsite\grocerywebsite\node_modules\jest-circus\build\jestAdapterInit.js:1557:28)
        at new Promise (<anonymous>)
        at callAsyncCircusFn (C:\Users\shubh\grocerywebsite\grocerywebsite\node_modules\jest-circus\build\jestAdapterInit.js:1497:10)
        at _callCircusTest (C:\Users\shubh\grocerywebsite\grocerywebsite\node_modules\jest-circus\build\jestAdapterInit.js:1007:40)
        at _runTest (C:\Users\shubh\grocerywebsite\grocerywebsite\node_modules\jest-circus\build\jestAdapterInit.js:947:3)
        at C:\Users\shubh\grocerywebsite\grocerywebsite\node_modules\jest-circus\build\jestAdapterInit.js:849:7
        at _runTestsForDescribeBlock (C:\Users\shubh\grocerywebsite\grocerywebsite\node_modules\jest-circus\build\jestAdapterInit.js:862:11)
        at _runTestsForDescribeBlock (C:\Users\shubh\grocerywebsite\grocerywebsite\node_modules\jest-circus\build\jestAdapterInit.js:857:11)
        at run (C:\Users\shubh\grocerywebsite\grocerywebsite\node_modules\jest-circus\build\jestAdapterInit.js:761:3)
        at runAndTransformResultsToJestFormat (C:\Users\shubh\grocerywebsite\grocerywebsite\node_modules\jest-circus\build\jestAdapterInit.js:1918:21)
        at jestAdapter (C:\Users\shubh\grocerywebsite\grocerywebsite\node_modules\jest-circus\build\runner.js:101:19)
        at runTestInternal (C:\Users\shubh\grocerywebsite\grocerywebsite\node_modules\jest-runner\build\index.js:275:16)
        at runTest (C:\Users\shubh\grocerywebsite\grocerywebsite\node_modules\jest-runner\build\index.js:343:7) {
      detail: TypeError: Cannot destructure property 'basename' of 'React.useContext(...)' as it is null.
          at LinkWithRef (C:\Users\shubh\grocerywebsite\grocerywebsite\node_modules\react-router\dist\development\chunk-HMTWJNYB.js:394:11)
          at renderWithHooks (C:\Users\shubh\grocerywebsite\grocerywebsite\node_modules\react-dom\cjs\react-dom.development.js:15486:18)
          at updateForwardRef (C:\Users\shubh\grocerywebsite\grocerywebsite\node_modules\react-dom\cjs\react-dom.development.js:19245:20)
          at beginWork (C:\Users\shubh\grocerywebsite\grocerywebsite\node_modules\react-dom\cjs\react-dom.development.js:21675:16)
          at HTMLUnknownElement.callCallback (C:\Users\shubh\grocerywebsite\grocerywebsite\node_modules\react-dom\cjs\react-dom.development.js:4164:14)
          at HTMLUnknownElement.callTheUserObjectsOperation (C:\Users\shubh\grocerywebsite\grocerywebsite\node_modules\jsdom\lib\jsdom\living\generated\EventListener.js:26:30)
          at innerInvokeEventListeners (C:\Users\shubh\grocerywebsite\grocerywebsite\node_modules\jsdom\lib\jsdom\living\events\EventTarget-impl.js:350:25)
          at invokeEventListeners (C:\Users\shubh\grocerywebsite\grocerywebsite\node_modules\jsdom\lib\jsdom\living\events\EventTarget-impl.js:286:3)
          at HTMLUnknownElementImpl._dispatch (C:\Users\shubh\grocerywebsite\grocerywebsite\node_modules\jsdom\lib\jsdom\living\events\EventTarget-impl.js:233:9)
          at HTMLUnknownElementImpl.dispatchEvent (C:\Users\shubh\grocerywebsite\grocerywebsite\node_modules\jsdom\lib\jsdom\living\events\EventTarget-impl.js:104:17)
          at HTMLUnknownElement.dispatchEvent (C:\Users\shubh\grocerywebsite\grocerywebsite\node_modules\jsdom\lib\jsdom\living\generated\EventTarget.js:241:34)
          at Object.invokeGuardedCallbackDev (C:\Users\shubh\grocerywebsite\grocerywebsite\node_modules\react-dom\cjs\react-dom.development.js:4213:16)
          at invokeGuardedCallback (C:\Users\shubh\grocerywebsite\grocerywebsite\node_modules\react-dom\cjs\react-dom.development.js:4277:31)
          at beginWork$1 (C:\Users\shubh\grocerywebsite\grocerywebsite\node_modules\react-dom\cjs\react-dom.development.js:27490:7)
          at performUnitOfWork (C:\Users\shubh\grocerywebsite\grocerywebsite\node_modules\react-dom\cjs\react-dom.development.js:26599:12)
          at workLoopSync (C:\Users\shubh\grocerywebsite\grocerywebsite\node_modules\react-dom\cjs\react-dom.development.js:26505:5)
          at renderRootSync (C:\Users\shubh\grocerywebsite\grocerywebsite\node_modules\react-dom\cjs\react-dom.development.js:26473:7)
          at performConcurrentWorkOnRoot (C:\Users\shubh\grocerywebsite\grocerywebsite\node_modules\react-dom\cjs\react-dom.development.js:25777:74)
          at flushActQueue (C:\Users\shubh\grocerywebsite\grocerywebsite\node_modules\react\cjs\react.development.js:2667:24)
          at act (C:\Users\shubh\grocerywebsite\grocerywebsite\node_modules\react\cjs\react.development.js:2582:11)
          at C:\Users\shubh\grocerywebsite\grocerywebsite\node_modules\@testing-library\react\dist\act-compat.js:47:25
          at renderRoot (C:\Users\shubh\grocerywebsite\grocerywebsite\node_modules\@testing-library\react\dist\pure.js:190:26)
          at render (C:\Users\shubh\grocerywebsite\grocerywebsite\node_modules\@testing-library\react\dist\pure.js:292:10)
          at Object.<anonymous> (C:\Users\shubh\grocerywebsite\grocerywebsite\components\__tests__\HomePage.test.tsx:116:11)
          at Promise.finally.completed (C:\Users\shubh\grocerywebsite\grocerywebsite\node_modules\jest-circus\build\jestAdapterInit.js:1557:28)
          at new Promise (<anonymous>)
          at callAsyncCircusFn (C:\Users\shubh\grocerywebsite\grocerywebsite\node_modules\jest-circus\build\jestAdapterInit.js:1497:10)
          at _callCircusTest (C:\Users\shubh\grocerywebsite\grocerywebsite\node_modules\jest-circus\build\jestAdapterInit.js:1007:40)
          at _runTest (C:\Users\shubh\grocerywebsite\grocerywebsite\node_modules\jest-circus\build\jestAdapterInit.js:947:3)
          at C:\Users\shubh\grocerywebsite\grocerywebsite\node_modules\jest-circus\build\jestAdapterInit.js:849:7
          at _runTestsForDescribeBlock (C:\Users\shubh\grocerywebsite\grocerywebsite\node_modules\jest-circus\build\jestAdapterInit.js:862:11)
          at _runTestsForDescribeBlock (C:\Users\shubh\grocerywebsite\grocerywebsite\node_modules\jest-circus\build\jestAdapterInit.js:857:11)
          at run (C:\Users\shubh\grocerywebsite\grocerywebsite\node_modules\jest-circus\build\jestAdapterInit.js:761:3)
          at runAndTransformResultsToJestFormat (C:\Users\shubh\grocerywebsite\grocerywebsite\node_modules\jest-circus\build\jestAdapterInit.js:1918:21)
          at jestAdapter (C:\Users\shubh\grocerywebsite\grocerywebsite\node_modules\jest-circus\build\runner.js:101:19)
          at runTestInternal (C:\Users\shubh\grocerywebsite\grocerywebsite\node_modules\jest-runner\build\index.js:275:16)
          at runTest (C:\Users\shubh\grocerywebsite\grocerywebsite\node_modules\jest-runner\build\index.js:343:7),
      type: 'unhandled exception'
    }

    [0m [90m 114 |[39m
     [90m 115 |[39m   it([32m'renders core page sections'[39m[33m,[39m [36masync[39m () [33m=>[39m {
    [31m[1m>[22m[39m[90m 116 |[39m     render(
     [90m     |[39m           [31m[1m^[22m[39m
     [90m 117 |[39m       [33m<[39m[33mReact[39m[33m.[39m[33mSuspense[39m fallback[33m=[39m{[33m<[39m[33mdiv[39m[33m>[39m[33mLoading[39m[33m...[39m[33m<[39m[33m/[39m[33mdiv[39m[33m>[39m}[33m>[39m
     [90m 118 |[39m         [33m<[39m[33mHomePage[39m {[33m...[39mdefaultProps} [33m/[39m[33m>[39m
     [90m 119 |[39m       [33m<[39m[33m/[39m[33mReact[39m[33m.[39m[33mSuspense[39m[33m>[39m[0m

      at VirtualConsole.<anonymous> (node_modules/@jest/environment-jsdom-abstract/build/index.js:87:23)
      at reportException (node_modules/jsdom/lib/jsdom/living/helpers/runtime-script-errors.js:70:28)
      at innerInvokeEventListeners (node_modules/jsdom/lib/jsdom/living/events/EventTarget-impl.js:353:9)
      at invokeEventListeners (node_modules/jsdom/lib/jsdom/living/events/EventTarget-impl.js:286:3)
      at HTMLUnknownElementImpl._dispatch (node_modules/jsdom/lib/jsdom/living/events/EventTarget-impl.js:233:9)
      at HTMLUnknownElementImpl.dispatchEvent (node_modules/jsdom/lib/jsdom/living/events/EventTarget-impl.js:104:17)
      at HTMLUnknownElement.dispatchEvent (node_modules/jsdom/lib/jsdom/living/generated/EventTarget.js:241:34)
      at Object.invokeGuardedCallbackDev (node_modules/react-dom/cjs/react-dom.development.js:4213:16)
      at invokeGuardedCallback (node_modules/react-dom/cjs/react-dom.development.js:4277:31)
      at beginWork$1 (node_modules/react-dom/cjs/react-dom.development.js:27490:7)
      at performUnitOfWork (node_modules/react-dom/cjs/react-dom.development.js:26599:12)
      at workLoopSync (node_modules/react-dom/cjs/react-dom.development.js:26505:5)
      at renderRootSync (node_modules/react-dom/cjs/react-dom.development.js:26473:7)
      at performConcurrentWorkOnRoot (node_modules/react-dom/cjs/react-dom.development.js:25777:74)
      at flushActQueue (node_modules/react/cjs/react.development.js:2667:24)
      at act (node_modules/react/cjs/react.development.js:2582:11)
      at node_modules/@testing-library/react/dist/act-compat.js:47:25
      at renderRoot (node_modules/@testing-library/react/dist/pure.js:190:26)
      at render (node_modules/@testing-library/react/dist/pure.js:292:10)
      at Object.<anonymous> (components/__tests__/HomePage.test.tsx:116:11)

  console.error
    Error: Uncaught [Error: useNavigate() may be used only in the context of a <Router> component.]
        at reportException (C:\Users\shubh\grocerywebsite\grocerywebsite\node_modules\jsdom\lib\jsdom\living\helpers\runtime-script-errors.js:66:24)
        at innerInvokeEventListeners (C:\Users\shubh\grocerywebsite\grocerywebsite\node_modules\jsdom\lib\jsdom\living\events\EventTarget-impl.js:353:9)
        at invokeEventListeners (C:\Users\shubh\grocerywebsite\grocerywebsite\node_modules\jsdom\lib\jsdom\living\events\EventTarget-impl.js:286:3)
        at HTMLUnknownElementImpl._dispatch (C:\Users\shubh\grocerywebsite\grocerywebsite\node_modules\jsdom\lib\jsdom\living\events\EventTarget-impl.js:233:9)
        at HTMLUnknownElementImpl.dispatchEvent (C:\Users\shubh\grocerywebsite\grocerywebsite\node_modules\jsdom\lib\jsdom\living\events\EventTarget-impl.js:104:17)
        at HTMLUnknownElement.dispatchEvent (C:\Users\shubh\grocerywebsite\grocerywebsite\node_modules\jsdom\lib\jsdom\living\generated\EventTarget.js:241:34)
        at Object.invokeGuardedCallbackDev (C:\Users\shubh\grocerywebsite\grocerywebsite\node_modules\react-dom\cjs\react-dom.development.js:4213:16)
        at invokeGuardedCallback (C:\Users\shubh\grocerywebsite\grocerywebsite\node_modules\react-dom\cjs\react-dom.development.js:4277:31)
        at beginWork$1 (C:\Users\shubh\grocerywebsite\grocerywebsite\node_modules\react-dom\cjs\react-dom.development.js:27490:7)
        at performUnitOfWork (C:\Users\shubh\grocerywebsite\grocerywebsite\node_modules\react-dom\cjs\react-dom.development.js:26599:12)
        at workLoopSync (C:\Users\shubh\grocerywebsite\grocerywebsite\node_modules\react-dom\cjs\react-dom.development.js:26505:5)
        at renderRootSync (C:\Users\shubh\grocerywebsite\grocerywebsite\node_modules\react-dom\cjs\react-dom.development.js:26473:7)
        at recoverFromConcurrentError (C:\Users\shubh\grocerywebsite\grocerywebsite\node_modules\react-dom\cjs\react-dom.development.js:25889:20)
        at performConcurrentWorkOnRoot (C:\Users\shubh\grocerywebsite\grocerywebsite\node_modules\react-dom\cjs\react-dom.development.js:25789:22)
        at flushActQueue (C:\Users\shubh\grocerywebsite\grocerywebsite\node_modules\react\cjs\react.development.js:2667:24)
        at act (C:\Users\shubh\grocerywebsite\grocerywebsite\node_modules\react\cjs\react.development.js:2582:11)
        at C:\Users\shubh\grocerywebsite\grocerywebsite\node_modules\@testing-library\react\dist\act-compat.js:47:25
        at renderRoot (C:\Users\shubh\grocerywebsite\grocerywebsite\node_modules\@testing-library\react\dist\pure.js:190:26)
        at render (C:\Users\shubh\grocerywebsite\grocerywebsite\node_modules\@testing-library\react\dist\pure.js:292:10)
        at Object.<anonymous> (C:\Users\shubh\grocerywebsite\grocerywebsite\components\__tests__\HomePage.test.tsx:116:11)
        at Promise.finally.completed (C:\Users\shubh\grocerywebsite\grocerywebsite\node_modules\jest-circus\build\jestAdapterInit.js:1557:28)
        at new Promise (<anonymous>)
        at callAsyncCircusFn (C:\Users\shubh\grocerywebsite\grocerywebsite\node_modules\jest-circus\build\jestAdapterInit.js:1497:10)
        at _callCircusTest (C:\Users\shubh\grocerywebsite\grocerywebsite\node_modules\jest-circus\build\jestAdapterInit.js:1007:40)
        at _runTest (C:\Users\shubh\grocerywebsite\grocerywebsite\node_modules\jest-circus\build\jestAdapterInit.js:947:3)
        at C:\Users\shubh\grocerywebsite\grocerywebsite\node_modules\jest-circus\build\jestAdapterInit.js:849:7
        at _runTestsForDescribeBlock (C:\Users\shubh\grocerywebsite\grocerywebsite\node_modules\jest-circus\build\jestAdapterInit.js:862:11)
        at _runTestsForDescribeBlock (C:\Users\shubh\grocerywebsite\grocerywebsite\node_modules\jest-circus\build\jestAdapterInit.js:857:11)
        at run (C:\Users\shubh\grocerywebsite\grocerywebsite\node_modules\jest-circus\build\jestAdapterInit.js:761:3)
        at runAndTransformResultsToJestFormat (C:\Users\shubh\grocerywebsite\grocerywebsite\node_modules\jest-circus\build\jestAdapterInit.js:1918:21)
        at jestAdapter (C:\Users\shubh\grocerywebsite\grocerywebsite\node_modules\jest-circus\build\runner.js:101:19)
        at runTestInternal (C:\Users\shubh\grocerywebsite\grocerywebsite\node_modules\jest-runner\build\index.js:275:16)
        at runTest (C:\Users\shubh\grocerywebsite\grocerywebsite\node_modules\jest-runner\build\index.js:343:7) {
      detail: Error: useNavigate() may be used only in the context of a <Router> component.
          at invariant (C:\Users\shubh\grocerywebsite\grocerywebsite\node_modules\react-router\dist\development\chunk-RBZI3ZHD.js:188:11)
          at useNavigateUnstable (C:\Users\shubh\grocerywebsite\grocerywebsite\node_modules\react-router\dist\development\chunk-RBZI3ZHD.js:6597:3)
          at useNavigate (C:\Users\shubh\grocerywebsite\grocerywebsite\node_modules\react-router\dist\development\chunk-RBZI3ZHD.js:6594:46)
          at SubscriptionBanner (C:\Users\shubh\grocerywebsite\grocerywebsite\components\SubscriptionBanner.tsx:5:31)
          at renderWithHooks (C:\Users\shubh\grocerywebsite\grocerywebsite\node_modules\react-dom\cjs\react-dom.development.js:15486:18)
          at updateFunctionComponent (C:\Users\shubh\grocerywebsite\grocerywebsite\node_modules\react-dom\cjs\react-dom.development.js:19617:20)
          at mountLazyComponent (C:\Users\shubh\grocerywebsite\grocerywebsite\node_modules\react-dom\cjs\react-dom.development.js:19988:17)
          at beginWork (C:\Users\shubh\grocerywebsite\grocerywebsite\node_modules\react-dom\cjs\react-dom.development.js:21632:16)
          at HTMLUnknownElement.callCallback (C:\Users\shubh\grocerywebsite\grocerywebsite\node_modules\react-dom\cjs\react-dom.development.js:4164:14)
          at HTMLUnknownElement.callTheUserObjectsOperation (C:\Users\shubh\grocerywebsite\grocerywebsite\node_modules\jsdom\lib\jsdom\living\generated\EventListener.js:26:30)
          at innerInvokeEventListeners (C:\Users\shubh\grocerywebsite\grocerywebsite\node_modules\jsdom\lib\jsdom\living\events\EventTarget-impl.js:350:25)
          at invokeEventListeners (C:\Users\shubh\grocerywebsite\grocerywebsite\node_modules\jsdom\lib\jsdom\living\events\EventTarget-impl.js:286:3)
          at HTMLUnknownElementImpl._dispatch (C:\Users\shubh\grocerywebsite\grocerywebsite\node_modules\jsdom\lib\jsdom\living\events\EventTarget-impl.js:233:9)
          at HTMLUnknownElementImpl.dispatchEvent (C:\Users\shubh\grocerywebsite\grocerywebsite\node_modules\jsdom\lib\jsdom\living\events\EventTarget-impl.js:104:17)
          at HTMLUnknownElement.dispatchEvent (C:\Users\shubh\grocerywebsite\grocerywebsite\node_modules\jsdom\lib\jsdom\living\generated\EventTarget.js:241:34)
          at Object.invokeGuardedCallbackDev (C:\Users\shubh\grocerywebsite\grocerywebsite\node_modules\react-dom\cjs\react-dom.development.js:4213:16)
          at invokeGuardedCallback (C:\Users\shubh\grocerywebsite\grocerywebsite\node_modules\react-dom\cjs\react-dom.development.js:4277:31)
          at beginWork$1 (C:\Users\shubh\grocerywebsite\grocerywebsite\node_modules\react-dom\cjs\react-dom.development.js:27490:7)
          at performUnitOfWork (C:\Users\shubh\grocerywebsite\grocerywebsite\node_modules\react-dom\cjs\react-dom.development.js:26599:12)
          at workLoopSync (C:\Users\shubh\grocerywebsite\grocerywebsite\node_modules\react-dom\cjs\react-dom.development.js:26505:5)
          at renderRootSync (C:\Users\shubh\grocerywebsite\grocerywebsite\node_modules\react-dom\cjs\react-dom.development.js:26473:7)
          at recoverFromConcurrentError (C:\Users\shubh\grocerywebsite\grocerywebsite\node_modules\react-dom\cjs\react-dom.development.js:25889:20)
          at performConcurrentWorkOnRoot (C:\Users\shubh\grocerywebsite\grocerywebsite\node_modules\react-dom\cjs\react-dom.development.js:25789:22)
          at flushActQueue (C:\Users\shubh\grocerywebsite\grocerywebsite\node_modules\react\cjs\react.development.js:2667:24)
          at act (C:\Users\shubh\grocerywebsite\grocerywebsite\node_modules\react\cjs\react.development.js:2582:11)
          at C:\Users\shubh\grocerywebsite\grocerywebsite\node_modules\@testing-library\react\dist\act-compat.js:47:25
          at renderRoot (C:\Users\shubh\grocerywebsite\grocerywebsite\node_modules\@testing-library\react\dist\pure.js:190:26)
          at render (C:\Users\shubh\grocerywebsite\grocerywebsite\node_modules\@testing-library\react\dist\pure.js:292:10)
          at Object.<anonymous> (C:\Users\shubh\grocerywebsite\grocerywebsite\components\__tests__\HomePage.test.tsx:116:11)
          at Promise.finally.completed (C:\Users\shubh\grocerywebsite\grocerywebsite\node_modules\jest-circus\build\jestAdapterInit.js:1557:28)
          at new Promise (<anonymous>)
          at callAsyncCircusFn (C:\Users\shubh\grocerywebsite\grocerywebsite\node_modules\jest-circus\build\jestAdapterInit.js:1497:10)
          at _callCircusTest (C:\Users\shubh\grocerywebsite\grocerywebsite\node_modules\jest-circus\build\jestAdapterInit.js:1007:40)
          at _runTest (C:\Users\shubh\grocerywebsite\grocerywebsite\node_modules\jest-circus\build\jestAdapterInit.js:947:3)
          at C:\Users\shubh\grocerywebsite\grocerywebsite\node_modules\jest-circus\build\jestAdapterInit.js:849:7
          at _runTestsForDescribeBlock (C:\Users\shubh\grocerywebsite\grocerywebsite\node_modules\jest-circus\build\jestAdapterInit.js:862:11)
          at _runTestsForDescribeBlock (C:\Users\shubh\grocerywebsite\grocerywebsite\node_modules\jest-circus\build\jestAdapterInit.js:857:11)
          at run (C:\Users\shubh\grocerywebsite\grocerywebsite\node_modules\jest-circus\build\jestAdapterInit.js:761:3)
          at runAndTransformResultsToJestFormat (C:\Users\shubh\grocerywebsite\grocerywebsite\node_modules\jest-circus\build\jestAdapterInit.js:1918:21)
          at jestAdapter (C:\Users\shubh\grocerywebsite\grocerywebsite\node_modules\jest-circus\build\runner.js:101:19)
          at runTestInternal (C:\Users\shubh\grocerywebsite\grocerywebsite\node_modules\jest-runner\build\index.js:275:16)
          at runTest (C:\Users\shubh\grocerywebsite\grocerywebsite\node_modules\jest-runner\build\index.js:343:7),
      type: 'unhandled exception'
    }

    [0m [90m 114 |[39m
     [90m 115 |[39m   it([32m'renders core page sections'[39m[33m,[39m [36masync[39m () [33m=>[39m {
    [31m[1m>[22m[39m[90m 116 |[39m     render(
     [90m     |[39m           [31m[1m^[22m[39m
     [90m 117 |[39m       [33m<[39m[33mReact[39m[33m.[39m[33mSuspense[39m fallback[33m=[39m{[33m<[39m[33mdiv[39m[33m>[39m[33mLoading[39m[33m...[39m[33m<[39m[33m/[39m[33mdiv[39m[33m>[39m}[33m>[39m
     [90m 118 |[39m         [33m<[39m[33mHomePage[39m {[33m...[39mdefaultProps} [33m/[39m[33m>[39m
     [90m 119 |[39m       [33m<[39m[33m/[39m[33mReact[39m[33m.[39m[33mSuspense[39m[33m>[39m[0m

      at VirtualConsole.<anonymous> (node_modules/@jest/environment-jsdom-abstract/build/index.js:87:23)
      at reportException (node_modules/jsdom/lib/jsdom/living/helpers/runtime-script-errors.js:70:28)
      at innerInvokeEventListeners (node_modules/jsdom/lib/jsdom/living/events/EventTarget-impl.js:353:9)
      at invokeEventListeners (node_modules/jsdom/lib/jsdom/living/events/EventTarget-impl.js:286:3)
      at HTMLUnknownElementImpl._dispatch (node_modules/jsdom/lib/jsdom/living/events/EventTarget-impl.js:233:9)
      at HTMLUnknownElementImpl.dispatchEvent (node_modules/jsdom/lib/jsdom/living/events/EventTarget-impl.js:104:17)
      at HTMLUnknownElement.dispatchEvent (node_modules/jsdom/lib/jsdom/living/generated/EventTarget.js:241:34)
      at Object.invokeGuardedCallbackDev (node_modules/react-dom/cjs/react-dom.development.js:4213:16)
      at invokeGuardedCallback (node_modules/react-dom/cjs/react-dom.development.js:4277:31)
      at beginWork$1 (node_modules/react-dom/cjs/react-dom.development.js:27490:7)
      at performUnitOfWork (node_modules/react-dom/cjs/react-dom.development.js:26599:12)
      at workLoopSync (node_modules/react-dom/cjs/react-dom.development.js:26505:5)
      at renderRootSync (node_modules/react-dom/cjs/react-dom.development.js:26473:7)
      at recoverFromConcurrentError (node_modules/react-dom/cjs/react-dom.development.js:25889:20)
      at performConcurrentWorkOnRoot (node_modules/react-dom/cjs/react-dom.development.js:25789:22)
      at flushActQueue (node_modules/react/cjs/react.development.js:2667:24)
      at act (node_modules/react/cjs/react.development.js:2582:11)
      at node_modules/@testing-library/react/dist/act-compat.js:47:25
      at renderRoot (node_modules/@testing-library/react/dist/pure.js:190:26)
      at render (node_modules/@testing-library/react/dist/pure.js:292:10)
      at Object.<anonymous> (components/__tests__/HomePage.test.tsx:116:11)

  console.error
    Error: Uncaught [TypeError: Cannot destructure property 'basename' of 'React.useContext(...)' as it is null.]
        at reportException (C:\Users\shubh\grocerywebsite\grocerywebsite\node_modules\jsdom\lib\jsdom\living\helpers\runtime-script-errors.js:66:24)
        at innerInvokeEventListeners (C:\Users\shubh\grocerywebsite\grocerywebsite\node_modules\jsdom\lib\jsdom\living\events\EventTarget-impl.js:353:9)
        at invokeEventListeners (C:\Users\shubh\grocerywebsite\grocerywebsite\node_modules\jsdom\lib\jsdom\living\events\EventTarget-impl.js:286:3)
        at HTMLUnknownElementImpl._dispatch (C:\Users\shubh\grocerywebsite\grocerywebsite\node_modules\jsdom\lib\jsdom\living\events\EventTarget-impl.js:233:9)
        at HTMLUnknownElementImpl.dispatchEvent (C:\Users\shubh\grocerywebsite\grocerywebsite\node_modules\jsdom\lib\jsdom\living\events\EventTarget-impl.js:104:17)
        at HTMLUnknownElement.dispatchEvent (C:\Users\shubh\grocerywebsite\grocerywebsite\node_modules\jsdom\lib\jsdom\living\generated\EventTarget.js:241:34)
        at Object.invokeGuardedCallbackDev (C:\Users\shubh\grocerywebsite\grocerywebsite\node_modules\react-dom\cjs\react-dom.development.js:4213:16)
        at invokeGuardedCallback (C:\Users\shubh\grocerywebsite\grocerywebsite\node_modules\react-dom\cjs\react-dom.development.js:4277:31)
        at beginWork$1 (C:\Users\shubh\grocerywebsite\grocerywebsite\node_modules\react-dom\cjs\react-dom.development.js:27490:7)
        at performUnitOfWork (C:\Users\shubh\grocerywebsite\grocerywebsite\node_modules\react-dom\cjs\react-dom.development.js:26599:12)
        at workLoopSync (C:\Users\shubh\grocerywebsite\grocerywebsite\node_modules\react-dom\cjs\react-dom.development.js:26505:5)
        at renderRootSync (C:\Users\shubh\grocerywebsite\grocerywebsite\node_modules\react-dom\cjs\react-dom.development.js:26473:7)
        at recoverFromConcurrentError (C:\Users\shubh\grocerywebsite\grocerywebsite\node_modules\react-dom\cjs\react-dom.development.js:25889:20)
        at performConcurrentWorkOnRoot (C:\Users\shubh\grocerywebsite\grocerywebsite\node_modules\react-dom\cjs\react-dom.development.js:25789:22)
        at flushActQueue (C:\Users\shubh\grocerywebsite\grocerywebsite\node_modules\react\cjs\react.development.js:2667:24)
        at act (C:\Users\shubh\grocerywebsite\grocerywebsite\node_modules\react\cjs\react.development.js:2582:11)
        at C:\Users\shubh\grocerywebsite\grocerywebsite\node_modules\@testing-library\react\dist\act-compat.js:47:25
        at renderRoot (C:\Users\shubh\grocerywebsite\grocerywebsite\node_modules\@testing-library\react\dist\pure.js:190:26)
        at render (C:\Users\shubh\grocerywebsite\grocerywebsite\node_modules\@testing-library\react\dist\pure.js:292:10)
        at Object.<anonymous> (C:\Users\shubh\grocerywebsite\grocerywebsite\components\__tests__\HomePage.test.tsx:116:11)
        at Promise.finally.completed (C:\Users\shubh\grocerywebsite\grocerywebsite\node_modules\jest-circus\build\jestAdapterInit.js:1557:28)
        at new Promise (<anonymous>)
        at callAsyncCircusFn (C:\Users\shubh\grocerywebsite\grocerywebsite\node_modules\jest-circus\build\jestAdapterInit.js:1497:10)
        at _callCircusTest (C:\Users\shubh\grocerywebsite\grocerywebsite\node_modules\jest-circus\build\jestAdapterInit.js:1007:40)
        at _runTest (C:\Users\shubh\grocerywebsite\grocerywebsite\node_modules\jest-circus\build\jestAdapterInit.js:947:3)
        at C:\Users\shubh\grocerywebsite\grocerywebsite\node_modules\jest-circus\build\jestAdapterInit.js:849:7
        at _runTestsForDescribeBlock (C:\Users\shubh\grocerywebsite\grocerywebsite\node_modules\jest-circus\build\jestAdapterInit.js:862:11)
        at _runTestsForDescribeBlock (C:\Users\shubh\grocerywebsite\grocerywebsite\node_modules\jest-circus\build\jestAdapterInit.js:857:11)
        at run (C:\Users\shubh\grocerywebsite\grocerywebsite\node_modules\jest-circus\build\jestAdapterInit.js:761:3)
        at runAndTransformResultsToJestFormat (C:\Users\shubh\grocerywebsite\grocerywebsite\node_modules\jest-circus\build\jestAdapterInit.js:1918:21)
        at jestAdapter (C:\Users\shubh\grocerywebsite\grocerywebsite\node_modules\jest-circus\build\runner.js:101:19)
        at runTestInternal (C:\Users\shubh\grocerywebsite\grocerywebsite\node_modules\jest-runner\build\index.js:275:16)
        at runTest (C:\Users\shubh\grocerywebsite\grocerywebsite\node_modules\jest-runner\build\index.js:343:7) {
      detail: TypeError: Cannot destructure property 'basename' of 'React.useContext(...)' as it is null.
          at LinkWithRef (C:\Users\shubh\grocerywebsite\grocerywebsite\node_modules\react-router\dist\development\chunk-HMTWJNYB.js:394:11)
          at renderWithHooks (C:\Users\shubh\grocerywebsite\grocerywebsite\node_modules\react-dom\cjs\react-dom.development.js:15486:18)
          at updateForwardRef (C:\Users\shubh\grocerywebsite\grocerywebsite\node_modules\react-dom\cjs\react-dom.development.js:19245:20)
          at beginWork (C:\Users\shubh\grocerywebsite\grocerywebsite\node_modules\react-dom\cjs\react-dom.development.js:21675:16)
          at HTMLUnknownElement.callCallback (C:\Users\shubh\grocerywebsite\grocerywebsite\node_modules\react-dom\cjs\react-dom.development.js:4164:14)
          at HTMLUnknownElement.callTheUserObjectsOperation (C:\Users\shubh\grocerywebsite\grocerywebsite\node_modules\jsdom\lib\jsdom\living\generated\EventListener.js:26:30)
          at innerInvokeEventListeners (C:\Users\shubh\grocerywebsite\grocerywebsite\node_modules\jsdom\lib\jsdom\living\events\EventTarget-impl.js:350:25)
          at invokeEventListeners (C:\Users\shubh\grocerywebsite\grocerywebsite\node_modules\jsdom\lib\jsdom\living\events\EventTarget-impl.js:286:3)
          at HTMLUnknownElementImpl._dispatch (C:\Users\shubh\grocerywebsite\grocerywebsite\node_modules\jsdom\lib\jsdom\living\events\EventTarget-impl.js:233:9)
          at HTMLUnknownElementImpl.dispatchEvent (C:\Users\shubh\grocerywebsite\grocerywebsite\node_modules\jsdom\lib\jsdom\living\events\EventTarget-impl.js:104:17)
          at HTMLUnknownElement.dispatchEvent (C:\Users\shubh\grocerywebsite\grocerywebsite\node_modules\jsdom\lib\jsdom\living\generated\EventTarget.js:241:34)
          at Object.invokeGuardedCallbackDev (C:\Users\shubh\grocerywebsite\grocerywebsite\node_modules\react-dom\cjs\react-dom.development.js:4213:16)
          at invokeGuardedCallback (C:\Users\shubh\grocerywebsite\grocerywebsite\node_modules\react-dom\cjs\react-dom.development.js:4277:31)
          at beginWork$1 (C:\Users\shubh\grocerywebsite\grocerywebsite\node_modules\react-dom\cjs\react-dom.development.js:27490:7)
          at performUnitOfWork (C:\Users\shubh\grocerywebsite\grocerywebsite\node_modules\react-dom\cjs\react-dom.development.js:26599:12)
          at workLoopSync (C:\Users\shubh\grocerywebsite\grocerywebsite\node_modules\react-dom\cjs\react-dom.development.js:26505:5)
          at renderRootSync (C:\Users\shubh\grocerywebsite\grocerywebsite\node_modules\react-dom\cjs\react-dom.development.js:26473:7)
          at recoverFromConcurrentError (C:\Users\shubh\grocerywebsite\grocerywebsite\node_modules\react-dom\cjs\react-dom.development.js:25889:20)
          at performConcurrentWorkOnRoot (C:\Users\shubh\grocerywebsite\grocerywebsite\node_modules\react-dom\cjs\react-dom.development.js:25789:22)
          at flushActQueue (C:\Users\shubh\grocerywebsite\grocerywebsite\node_modules\react\cjs\react.development.js:2667:24)
          at act (C:\Users\shubh\grocerywebsite\grocerywebsite\node_modules\react\cjs\react.development.js:2582:11)
          at C:\Users\shubh\grocerywebsite\grocerywebsite\node_modules\@testing-library\react\dist\act-compat.js:47:25
          at renderRoot (C:\Users\shubh\grocerywebsite\grocerywebsite\node_modules\@testing-library\react\dist\pure.js:190:26)
          at render (C:\Users\shubh\grocerywebsite\grocerywebsite\node_modules\@testing-library\react\dist\pure.js:292:10)
          at Object.<anonymous> (C:\Users\shubh\grocerywebsite\grocerywebsite\components\__tests__\HomePage.test.tsx:116:11)
          at Promise.finally.completed (C:\Users\shubh\grocerywebsite\grocerywebsite\node_modules\jest-circus\build\jestAdapterInit.js:1557:28)
          at new Promise (<anonymous>)
          at callAsyncCircusFn (C:\Users\shubh\grocerywebsite\grocerywebsite\node_modules\jest-circus\build\jestAdapterInit.js:1497:10)
          at _callCircusTest (C:\Users\shubh\grocerywebsite\grocerywebsite\node_modules\jest-circus\build\jestAdapterInit.js:1007:40)
          at _runTest (C:\Users\shubh\grocerywebsite\grocerywebsite\node_modules\jest-circus\build\jestAdapterInit.js:947:3)
          at C:\Users\shubh\grocerywebsite\grocerywebsite\node_modules\jest-circus\build\jestAdapterInit.js:849:7
          at _runTestsForDescribeBlock (C:\Users\shubh\grocerywebsite\grocerywebsite\node_modules\jest-circus\build\jestAdapterInit.js:862:11)
          at _runTestsForDescribeBlock (C:\Users\shubh\grocerywebsite\grocerywebsite\node_modules\jest-circus\build\jestAdapterInit.js:857:11)
          at run (C:\Users\shubh\grocerywebsite\grocerywebsite\node_modules\jest-circus\build\jestAdapterInit.js:761:3)
          at runAndTransformResultsToJestFormat (C:\Users\shubh\grocerywebsite\grocerywebsite\node_modules\jest-circus\build\jestAdapterInit.js:1918:21)
          at jestAdapter (C:\Users\shubh\grocerywebsite\grocerywebsite\node_modules\jest-circus\build\runner.js:101:19)
          at runTestInternal (C:\Users\shubh\grocerywebsite\grocerywebsite\node_modules\jest-runner\build\index.js:275:16)
          at runTest (C:\Users\shubh\grocerywebsite\grocerywebsite\node_modules\jest-runner\build\index.js:343:7),
      type: 'unhandled exception'
    }

    [0m [90m 114 |[39m
     [90m 115 |[39m   it([32m'renders core page sections'[39m[33m,[39m [36masync[39m () [33m=>[39m {
    [31m[1m>[22m[39m[90m 116 |[39m     render(
     [90m     |[39m           [31m[1m^[22m[39m
     [90m 117 |[39m       [33m<[39m[33mReact[39m[33m.[39m[33mSuspense[39m fallback[33m=[39m{[33m<[39m[33mdiv[39m[33m>[39m[33mLoading[39m[33m...[39m[33m<[39m[33m/[39m[33mdiv[39m[33m>[39m}[33m>[39m
     [90m 118 |[39m         [33m<[39m[33mHomePage[39m {[33m...[39mdefaultProps} [33m/[39m[33m>[39m
     [90m 119 |[39m       [33m<[39m[33m/[39m[33mReact[39m[33m.[39m[33mSuspense[39m[33m>[39m[0m

      at VirtualConsole.<anonymous> (node_modules/@jest/environment-jsdom-abstract/build/index.js:87:23)
      at reportException (node_modules/jsdom/lib/jsdom/living/helpers/runtime-script-errors.js:70:28)
      at innerInvokeEventListeners (node_modules/jsdom/lib/jsdom/living/events/EventTarget-impl.js:353:9)
      at invokeEventListeners (node_modules/jsdom/lib/jsdom/living/events/EventTarget-impl.js:286:3)
      at HTMLUnknownElementImpl._dispatch (node_modules/jsdom/lib/jsdom/living/events/EventTarget-impl.js:233:9)
      at HTMLUnknownElementImpl.dispatchEvent (node_modules/jsdom/lib/jsdom/living/events/EventTarget-impl.js:104:17)
      at HTMLUnknownElement.dispatchEvent (node_modules/jsdom/lib/jsdom/living/generated/EventTarget.js:241:34)
      at Object.invokeGuardedCallbackDev (node_modules/react-dom/cjs/react-dom.development.js:4213:16)
      at invokeGuardedCallback (node_modules/react-dom/cjs/react-dom.development.js:4277:31)
      at beginWork$1 (node_modules/react-dom/cjs/react-dom.development.js:27490:7)
      at performUnitOfWork (node_modules/react-dom/cjs/react-dom.development.js:26599:12)
      at workLoopSync (node_modules/react-dom/cjs/react-dom.development.js:26505:5)
      at renderRootSync (node_modules/react-dom/cjs/react-dom.development.js:26473:7)
      at recoverFromConcurrentError (node_modules/react-dom/cjs/react-dom.development.js:25889:20)
      at performConcurrentWorkOnRoot (node_modules/react-dom/cjs/react-dom.development.js:25789:22)
      at flushActQueue (node_modules/react/cjs/react.development.js:2667:24)
      at act (node_modules/react/cjs/react.development.js:2582:11)
      at node_modules/@testing-library/react/dist/act-compat.js:47:25
      at renderRoot (node_modules/@testing-library/react/dist/pure.js:190:26)
      at render (node_modules/@testing-library/react/dist/pure.js:292:10)
      at Object.<anonymous> (components/__tests__/HomePage.test.tsx:116:11)

  console.error
    Error: Uncaught [TypeError: Cannot destructure property 'basename' of 'React.useContext(...)' as it is null.]
        at reportException (C:\Users\shubh\grocerywebsite\grocerywebsite\node_modules\jsdom\lib\jsdom\living\helpers\runtime-script-errors.js:66:24)
        at innerInvokeEventListeners (C:\Users\shubh\grocerywebsite\grocerywebsite\node_modules\jsdom\lib\jsdom\living\events\EventTarget-impl.js:353:9)
        at invokeEventListeners (C:\Users\shubh\grocerywebsite\grocerywebsite\node_modules\jsdom\lib\jsdom\living\events\EventTarget-impl.js:286:3)
        at HTMLUnknownElementImpl._dispatch (C:\Users\shubh\grocerywebsite\grocerywebsite\node_modules\jsdom\lib\jsdom\living\events\EventTarget-impl.js:233:9)
        at HTMLUnknownElementImpl.dispatchEvent (C:\Users\shubh\grocerywebsite\grocerywebsite\node_modules\jsdom\lib\jsdom\living\events\EventTarget-impl.js:104:17)
        at HTMLUnknownElement.dispatchEvent (C:\Users\shubh\grocerywebsite\grocerywebsite\node_modules\jsdom\lib\jsdom\living\generated\EventTarget.js:241:34)
        at Object.invokeGuardedCallbackDev (C:\Users\shubh\grocerywebsite\grocerywebsite\node_modules\react-dom\cjs\react-dom.development.js:4213:16)
        at invokeGuardedCallback (C:\Users\shubh\grocerywebsite\grocerywebsite\node_modules\react-dom\cjs\react-dom.development.js:4277:31)
        at beginWork$1 (C:\Users\shubh\grocerywebsite\grocerywebsite\node_modules\react-dom\cjs\react-dom.development.js:27490:7)
        at performUnitOfWork (C:\Users\shubh\grocerywebsite\grocerywebsite\node_modules\react-dom\cjs\react-dom.development.js:26599:12)
        at workLoopSync (C:\Users\shubh\grocerywebsite\grocerywebsite\node_modules\react-dom\cjs\react-dom.development.js:26505:5)
        at renderRootSync (C:\Users\shubh\grocerywebsite\grocerywebsite\node_modules\react-dom\cjs\react-dom.development.js:26473:7)
        at recoverFromConcurrentError (C:\Users\shubh\grocerywebsite\grocerywebsite\node_modules\react-dom\cjs\react-dom.development.js:25889:20)
        at performConcurrentWorkOnRoot (C:\Users\shubh\grocerywebsite\grocerywebsite\node_modules\react-dom\cjs\react-dom.development.js:25789:22)
        at flushActQueue (C:\Users\shubh\grocerywebsite\grocerywebsite\node_modules\react\cjs\react.development.js:2667:24)
        at act (C:\Users\shubh\grocerywebsite\grocerywebsite\node_modules\react\cjs\react.development.js:2582:11)
        at C:\Users\shubh\grocerywebsite\grocerywebsite\node_modules\@testing-library\react\dist\act-compat.js:47:25
        at renderRoot (C:\Users\shubh\grocerywebsite\grocerywebsite\node_modules\@testing-library\react\dist\pure.js:190:26)
        at render (C:\Users\shubh\grocerywebsite\grocerywebsite\node_modules\@testing-library\react\dist\pure.js:292:10)
        at Object.<anonymous> (C:\Users\shubh\grocerywebsite\grocerywebsite\components\__tests__\HomePage.test.tsx:116:11)
        at Promise.finally.completed (C:\Users\shubh\grocerywebsite\grocerywebsite\node_modules\jest-circus\build\jestAdapterInit.js:1557:28)
        at new Promise (<anonymous>)
        at callAsyncCircusFn (C:\Users\shubh\grocerywebsite\grocerywebsite\node_modules\jest-circus\build\jestAdapterInit.js:1497:10)
        at _callCircusTest (C:\Users\shubh\grocerywebsite\grocerywebsite\node_modules\jest-circus\build\jestAdapterInit.js:1007:40)
        at _runTest (C:\Users\shubh\grocerywebsite\grocerywebsite\node_modules\jest-circus\build\jestAdapterInit.js:947:3)
        at C:\Users\shubh\grocerywebsite\grocerywebsite\node_modules\jest-circus\build\jestAdapterInit.js:849:7
        at _runTestsForDescribeBlock (C:\Users\shubh\grocerywebsite\grocerywebsite\node_modules\jest-circus\build\jestAdapterInit.js:862:11)
        at _runTestsForDescribeBlock (C:\Users\shubh\grocerywebsite\grocerywebsite\node_modules\jest-circus\build\jestAdapterInit.js:857:11)
        at run (C:\Users\shubh\grocerywebsite\grocerywebsite\node_modules\jest-circus\build\jestAdapterInit.js:761:3)
        at runAndTransformResultsToJestFormat (C:\Users\shubh\grocerywebsite\grocerywebsite\node_modules\jest-circus\build\jestAdapterInit.js:1918:21)
        at jestAdapter (C:\Users\shubh\grocerywebsite\grocerywebsite\node_modules\jest-circus\build\runner.js:101:19)
        at runTestInternal (C:\Users\shubh\grocerywebsite\grocerywebsite\node_modules\jest-runner\build\index.js:275:16)
        at runTest (C:\Users\shubh\grocerywebsite\grocerywebsite\node_modules\jest-runner\build\index.js:343:7) {
      detail: TypeError: Cannot destructure property 'basename' of 'React.useContext(...)' as it is null.
          at LinkWithRef (C:\Users\shubh\grocerywebsite\grocerywebsite\node_modules\react-router\dist\development\chunk-HMTWJNYB.js:394:11)
          at renderWithHooks (C:\Users\shubh\grocerywebsite\grocerywebsite\node_modules\react-dom\cjs\react-dom.development.js:15486:18)
          at updateForwardRef (C:\Users\shubh\grocerywebsite\grocerywebsite\node_modules\react-dom\cjs\react-dom.development.js:19245:20)
          at beginWork (C:\Users\shubh\grocerywebsite\grocerywebsite\node_modules\react-dom\cjs\react-dom.development.js:21675:16)
          at HTMLUnknownElement.callCallback (C:\Users\shubh\grocerywebsite\grocerywebsite\node_modules\react-dom\cjs\react-dom.development.js:4164:14)
          at HTMLUnknownElement.callTheUserObjectsOperation (C:\Users\shubh\grocerywebsite\grocerywebsite\node_modules\jsdom\lib\jsdom\living\generated\EventListener.js:26:30)
          at innerInvokeEventListeners (C:\Users\shubh\grocerywebsite\grocerywebsite\node_modules\jsdom\lib\jsdom\living\events\EventTarget-impl.js:350:25)
          at invokeEventListeners (C:\Users\shubh\grocerywebsite\grocerywebsite\node_modules\jsdom\lib\jsdom\living\events\EventTarget-impl.js:286:3)
          at HTMLUnknownElementImpl._dispatch (C:\Users\shubh\grocerywebsite\grocerywebsite\node_modules\jsdom\lib\jsdom\living\events\EventTarget-impl.js:233:9)
          at HTMLUnknownElementImpl.dispatchEvent (C:\Users\shubh\grocerywebsite\grocerywebsite\node_modules\jsdom\lib\jsdom\living\events\EventTarget-impl.js:104:17)
          at HTMLUnknownElement.dispatchEvent (C:\Users\shubh\grocerywebsite\grocerywebsite\node_modules\jsdom\lib\jsdom\living\generated\EventTarget.js:241:34)
          at Object.invokeGuardedCallbackDev (C:\Users\shubh\grocerywebsite\grocerywebsite\node_modules\react-dom\cjs\react-dom.development.js:4213:16)
          at invokeGuardedCallback (C:\Users\shubh\grocerywebsite\grocerywebsite\node_modules\react-dom\cjs\react-dom.development.js:4277:31)
          at beginWork$1 (C:\Users\shubh\grocerywebsite\grocerywebsite\node_modules\react-dom\cjs\react-dom.development.js:27490:7)
          at performUnitOfWork (C:\Users\shubh\grocerywebsite\grocerywebsite\node_modules\react-dom\cjs\react-dom.development.js:26599:12)
          at workLoopSync (C:\Users\shubh\grocerywebsite\grocerywebsite\node_modules\react-dom\cjs\react-dom.development.js:26505:5)
          at renderRootSync (C:\Users\shubh\grocerywebsite\grocerywebsite\node_modules\react-dom\cjs\react-dom.development.js:26473:7)
          at recoverFromConcurrentError (C:\Users\shubh\grocerywebsite\grocerywebsite\node_modules\react-dom\cjs\react-dom.development.js:25889:20)
          at performConcurrentWorkOnRoot (C:\Users\shubh\grocerywebsite\grocerywebsite\node_modules\react-dom\cjs\react-dom.development.js:25789:22)
          at flushActQueue (C:\Users\shubh\grocerywebsite\grocerywebsite\node_modules\react\cjs\react.development.js:2667:24)
          at act (C:\Users\shubh\grocerywebsite\grocerywebsite\node_modules\react\cjs\react.development.js:2582:11)
          at C:\Users\shubh\grocerywebsite\grocerywebsite\node_modules\@testing-library\react\dist\act-compat.js:47:25
          at renderRoot (C:\Users\shubh\grocerywebsite\grocerywebsite\node_modules\@testing-library\react\dist\pure.js:190:26)
          at render (C:\Users\shubh\grocerywebsite\grocerywebsite\node_modules\@testing-library\react\dist\pure.js:292:10)
          at Object.<anonymous> (C:\Users\shubh\grocerywebsite\grocerywebsite\components\__tests__\HomePage.test.tsx:116:11)
          at Promise.finally.completed (C:\Users\shubh\grocerywebsite\grocerywebsite\node_modules\jest-circus\build\jestAdapterInit.js:1557:28)
          at new Promise (<anonymous>)
          at callAsyncCircusFn (C:\Users\shubh\grocerywebsite\grocerywebsite\node_modules\jest-circus\build\jestAdapterInit.js:1497:10)
          at _callCircusTest (C:\Users\shubh\grocerywebsite\grocerywebsite\node_modules\jest-circus\build\jestAdapterInit.js:1007:40)
          at _runTest (C:\Users\shubh\grocerywebsite\grocerywebsite\node_modules\jest-circus\build\jestAdapterInit.js:947:3)
          at C:\Users\shubh\grocerywebsite\grocerywebsite\node_modules\jest-circus\build\jestAdapterInit.js:849:7
          at _runTestsForDescribeBlock (C:\Users\shubh\grocerywebsite\grocerywebsite\node_modules\jest-circus\build\jestAdapterInit.js:862:11)
          at _runTestsForDescribeBlock (C:\Users\shubh\grocerywebsite\grocerywebsite\node_modules\jest-circus\build\jestAdapterInit.js:857:11)
          at run (C:\Users\shubh\grocerywebsite\grocerywebsite\node_modules\jest-circus\build\jestAdapterInit.js:761:3)
          at runAndTransformResultsToJestFormat (C:\Users\shubh\grocerywebsite\grocerywebsite\node_modules\jest-circus\build\jestAdapterInit.js:1918:21)
          at jestAdapter (C:\Users\shubh\grocerywebsite\grocerywebsite\node_modules\jest-circus\build\runner.js:101:19)
          at runTestInternal (C:\Users\shubh\grocerywebsite\grocerywebsite\node_modules\jest-runner\build\index.js:275:16)
          at runTest (C:\Users\shubh\grocerywebsite\grocerywebsite\node_modules\jest-runner\build\index.js:343:7),
      type: 'unhandled exception'
    }

    [0m [90m 114 |[39m
     [90m 115 |[39m   it([32m'renders core page sections'[39m[33m,[39m [36masync[39m () [33m=>[39m {
    [31m[1m>[22m[39m[90m 116 |[39m     render(
     [90m     |[39m           [31m[1m^[22m[39m
     [90m 117 |[39m       [33m<[39m[33mReact[39m[33m.[39m[33mSuspense[39m fallback[33m=[39m{[33m<[39m[33mdiv[39m[33m>[39m[33mLoading[39m[33m...[39m[33m<[39m[33m/[39m[33mdiv[39m[33m>[39m}[33m>[39m
     [90m 118 |[39m         [33m<[39m[33mHomePage[39m {[33m...[39mdefaultProps} [33m/[39m[33m>[39m
     [90m 119 |[39m       [33m<[39m[33m/[39m[33mReact[39m[33m.[39m[33mSuspense[39m[33m>[39m[0m

      at VirtualConsole.<anonymous> (node_modules/@jest/environment-jsdom-abstract/build/index.js:87:23)
      at reportException (node_modules/jsdom/lib/jsdom/living/helpers/runtime-script-errors.js:70:28)
      at innerInvokeEventListeners (node_modules/jsdom/lib/jsdom/living/events/EventTarget-impl.js:353:9)
      at invokeEventListeners (node_modules/jsdom/lib/jsdom/living/events/EventTarget-impl.js:286:3)
      at HTMLUnknownElementImpl._dispatch (node_modules/jsdom/lib/jsdom/living/events/EventTarget-impl.js:233:9)
      at HTMLUnknownElementImpl.dispatchEvent (node_modules/jsdom/lib/jsdom/living/events/EventTarget-impl.js:104:17)
      at HTMLUnknownElement.dispatchEvent (node_modules/jsdom/lib/jsdom/living/generated/EventTarget.js:241:34)
      at Object.invokeGuardedCallbackDev (node_modules/react-dom/cjs/react-dom.development.js:4213:16)
      at invokeGuardedCallback (node_modules/react-dom/cjs/react-dom.development.js:4277:31)
      at beginWork$1 (node_modules/react-dom/cjs/react-dom.development.js:27490:7)
      at performUnitOfWork (node_modules/react-dom/cjs/react-dom.development.js:26599:12)
      at workLoopSync (node_modules/react-dom/cjs/react-dom.development.js:26505:5)
      at renderRootSync (node_modules/react-dom/cjs/react-dom.development.js:26473:7)
      at recoverFromConcurrentError (node_modules/react-dom/cjs/react-dom.development.js:25889:20)
      at performConcurrentWorkOnRoot (node_modules/react-dom/cjs/react-dom.development.js:25789:22)
      at flushActQueue (node_modules/react/cjs/react.development.js:2667:24)
      at act (node_modules/react/cjs/react.development.js:2582:11)
      at node_modules/@testing-library/react/dist/act-compat.js:47:25
      at renderRoot (node_modules/@testing-library/react/dist/pure.js:190:26)
      at render (node_modules/@testing-library/react/dist/pure.js:292:10)
      at Object.<anonymous> (components/__tests__/HomePage.test.tsx:116:11)

  console.error
    The above error occurred in the <SubscriptionBanner> component:
    
        at SubscriptionBanner (C:\Users\shubh\grocerywebsite\grocerywebsite\components\SubscriptionBanner.tsx:5:31)
        at div
        at Suspense
        at main
        at HomePage (C:\Users\shubh\grocerywebsite\grocerywebsite\pages\HomePage.tsx:81:3)
        at Suspense
    
    Consider adding an error boundary to your tree to customize error handling behavior.
    Visit https://reactjs.org/link/error-boundaries to learn more about error boundaries.

    [0m [90m 114 |[39m
     [90m 115 |[39m   it([32m'renders core page sections'[39m[33m,[39m [36masync[39m () [33m=>[39m {
    [31m[1m>[22m[39m[90m 116 |[39m     render(
     [90m     |[39m           [31m[1m^[22m[39m
     [90m 117 |[39m       [33m<[39m[33mReact[39m[33m.[39m[33mSuspense[39m fallback[33m=[39m{[33m<[39m[33mdiv[39m[33m>[39m[33mLoading[39m[33m...[39m[33m<[39m[33m/[39m[33mdiv[39m[33m>[39m}[33m>[39m
     [90m 118 |[39m         [33m<[39m[33mHomePage[39m {[33m...[39mdefaultProps} [33m/[39m[33m>[39m
     [90m 119 |[39m       [33m<[39m[33m/[39m[33mReact[39m[33m.[39m[33mSuspense[39m[33m>[39m[0m

      at logCapturedError (node_modules/react-dom/cjs/react-dom.development.js:18704:23)
      at update.callback (node_modules/react-dom/cjs/react-dom.development.js:18737:5)
      at callCallback (node_modules/react-dom/cjs/react-dom.development.js:15036:12)
      at commitUpdateQueue (node_modules/react-dom/cjs/react-dom.development.js:15057:9)
      at commitLayoutEffectOnFiber (node_modules/react-dom/cjs/react-dom.development.js:23430:13)
      at commitLayoutMountEffects_complete (node_modules/react-dom/cjs/react-dom.development.js:24727:9)
      at commitLayoutEffects_begin (node_modules/react-dom/cjs/react-dom.development.js:24713:7)
      at commitLayoutEffects (node_modules/react-dom/cjs/react-dom.development.js:24651:3)
      at commitRootImpl (node_modules/react-dom/cjs/react-dom.development.js:26862:5)
      at commitRoot (node_modules/react-dom/cjs/react-dom.development.js:26721:5)
      at finishConcurrentRender (node_modules/react-dom/cjs/react-dom.development.js:25931:9)
      at performConcurrentWorkOnRoot (node_modules/react-dom/cjs/react-dom.development.js:25848:7)
      at flushActQueue (node_modules/react/cjs/react.development.js:2667:24)
      at act (node_modules/react/cjs/react.development.js:2582:11)
      at node_modules/@testing-library/react/dist/act-compat.js:47:25
      at renderRoot (node_modules/@testing-library/react/dist/pure.js:190:26)
      at render (node_modules/@testing-library/react/dist/pure.js:292:10)
      at Object.<anonymous> (components/__tests__/HomePage.test.tsx:116:11)

  console.error
    The above error occurred in the <Link> component:
    
        at LinkWithRef (C:\Users\shubh\grocerywebsite\grocerywebsite\node_modules\react-router\dist\development\chunk-HMTWJNYB.js:381:5)
        at div
        at div
        at section
        at LoyaltyWidget (C:\Users\shubh\grocerywebsite\grocerywebsite\components\LoyaltyWidget.tsx:10:56)
        at Suspense
        at main
        at HomePage (C:\Users\shubh\grocerywebsite\grocerywebsite\pages\HomePage.tsx:81:3)
        at Suspense
    
    Consider adding an error boundary to your tree to customize error handling behavior.
    Visit https://reactjs.org/link/error-boundaries to learn more about error boundaries.

    [0m [90m 114 |[39m
     [90m 115 |[39m   it([32m'renders core page sections'[39m[33m,[39m [36masync[39m () [33m=>[39m {
    [31m[1m>[22m[39m[90m 116 |[39m     render(
     [90m     |[39m           [31m[1m^[22m[39m
     [90m 117 |[39m       [33m<[39m[33mReact[39m[33m.[39m[33mSuspense[39m fallback[33m=[39m{[33m<[39m[33mdiv[39m[33m>[39m[33mLoading[39m[33m...[39m[33m<[39m[33m/[39m[33mdiv[39m[33m>[39m}[33m>[39m
     [90m 118 |[39m         [33m<[39m[33mHomePage[39m {[33m...[39mdefaultProps} [33m/[39m[33m>[39m
     [90m 119 |[39m       [33m<[39m[33m/[39m[33mReact[39m[33m.[39m[33mSuspense[39m[33m>[39m[0m

      at logCapturedError (node_modules/react-dom/cjs/react-dom.development.js:18704:23)
      at update.callback (node_modules/react-dom/cjs/react-dom.development.js:18737:5)
      at callCallback (node_modules/react-dom/cjs/react-dom.development.js:15036:12)
      at commitUpdateQueue (node_modules/react-dom/cjs/react-dom.development.js:15057:9)
      at commitLayoutEffectOnFiber (node_modules/react-dom/cjs/react-dom.development.js:23430:13)
      at commitLayoutMountEffects_complete (node_modules/react-dom/cjs/react-dom.development.js:24727:9)
      at commitLayoutEffects_begin (node_modules/react-dom/cjs/react-dom.development.js:24713:7)
      at commitLayoutEffects (node_modules/react-dom/cjs/react-dom.development.js:24651:3)
      at commitRootImpl (node_modules/react-dom/cjs/react-dom.development.js:26862:5)
      at commitRoot (node_modules/react-dom/cjs/react-dom.development.js:26721:5)
      at finishConcurrentRender (node_modules/react-dom/cjs/react-dom.development.js:25931:9)
      at performConcurrentWorkOnRoot (node_modules/react-dom/cjs/react-dom.development.js:25848:7)
      at flushActQueue (node_modules/react/cjs/react.development.js:2667:24)
      at act (node_modules/react/cjs/react.development.js:2582:11)
      at node_modules/@testing-library/react/dist/act-compat.js:47:25
      at renderRoot (node_modules/@testing-library/react/dist/pure.js:190:26)
      at render (node_modules/@testing-library/react/dist/pure.js:292:10)
      at Object.<anonymous> (components/__tests__/HomePage.test.tsx:116:11)

  console.error
    The above error occurred in the <Link> component:
    
        at LinkWithRef (C:\Users\shubh\grocerywebsite\grocerywebsite\node_modules\react-router\dist\development\chunk-HMTWJNYB.js:381:5)
        at p
        at div
        at div
        at section
        at LoyaltyWidget (C:\Users\shubh\grocerywebsite\grocerywebsite\components\LoyaltyWidget.tsx:10:56)
        at Suspense
        at main
        at HomePage (C:\Users\shubh\grocerywebsite\grocerywebsite\pages\HomePage.tsx:81:3)
        at Suspense
    
    Consider adding an error boundary to your tree to customize error handling behavior.
    Visit https://reactjs.org/link/error-boundaries to learn more about error boundaries.

    [0m [90m 114 |[39m
     [90m 115 |[39m   it([32m'renders core page sections'[39m[33m,[39m [36masync[39m () [33m=>[39m {
    [31m[1m>[22m[39m[90m 116 |[39m     render(
     [90m     |[39m           [31m[1m^[22m[39m
     [90m 117 |[39m       [33m<[39m[33mReact[39m[33m.[39m[33mSuspense[39m fallback[33m=[39m{[33m<[39m[33mdiv[39m[33m>[39m[33mLoading[39m[33m...[39m[33m<[39m[33m/[39m[33mdiv[39m[33m>[39m}[33m>[39m
     [90m 118 |[39m         [33m<[39m[33mHomePage[39m {[33m...[39mdefaultProps} [33m/[39m[33m>[39m
     [90m 119 |[39m       [33m<[39m[33m/[39m[33mReact[39m[33m.[39m[33mSuspense[39m[33m>[39m[0m

      at logCapturedError (node_modules/react-dom/cjs/react-dom.development.js:18704:23)
      at update.callback (node_modules/react-dom/cjs/react-dom.development.js:18737:5)
      at callCallback (node_modules/react-dom/cjs/react-dom.development.js:15036:12)
      at commitUpdateQueue (node_modules/react-dom/cjs/react-dom.development.js:15057:9)
      at commitLayoutEffectOnFiber (node_modules/react-dom/cjs/react-dom.development.js:23430:13)
      at commitLayoutMountEffects_complete (node_modules/react-dom/cjs/react-dom.development.js:24727:9)
      at commitLayoutEffects_begin (node_modules/react-dom/cjs/react-dom.development.js:24713:7)
      at commitLayoutEffects (node_modules/react-dom/cjs/react-dom.development.js:24651:3)
      at commitRootImpl (node_modules/react-dom/cjs/react-dom.development.js:26862:5)
      at commitRoot (node_modules/react-dom/cjs/react-dom.development.js:26721:5)
      at finishConcurrentRender (node_modules/react-dom/cjs/react-dom.development.js:25931:9)
      at performConcurrentWorkOnRoot (node_modules/react-dom/cjs/react-dom.development.js:25848:7)
      at flushActQueue (node_modules/react/cjs/react.development.js:2667:24)
      at act (node_modules/react/cjs/react.development.js:2582:11)
      at node_modules/@testing-library/react/dist/act-compat.js:47:25
      at renderRoot (node_modules/@testing-library/react/dist/pure.js:190:26)
      at render (node_modules/@testing-library/react/dist/pure.js:292:10)
      at Object.<anonymous> (components/__tests__/HomePage.test.tsx:116:11)

node.exe : FAIL compone
nts/__tests__/HomePage.
test.tsx
At line:1 char:1
+ & "C:\Program 
Files\nodejs/node.exe" 
"C:\Users\shubh\AppData
\Roaming\ ...
+ ~~~~~~~~~~~~~~~~~~~~~
~~~~~~~~~~~~~~~~~~~~~~~
~~~~~~~~~~~~~~~~~~~~~~~
~~
    + CategoryInfo     
         : NotSpecifi  
  ed: (FAIL componen   
 ts...mePage.test.t    
sx:String) [], Rem    
oteException
    + FullyQualifiedEr 
   rorId : NativeComm  
  andError
 
  HomePage UX Redesign 
Verification
    ├ù renders the 
harvest collection 
sections (1064 ms)
    ├ù renders core 
page sections (164 ms)

  ΓùÅ HomePage UX 
Redesign Verification 
ΓÇ║ renders the 
harvest collection 
sections

    useNavigate() may 
be used only in the 
context of a <Router> 
component.

    [0m [90m 3 |[39m
     [90m 4 |[39m 
[36mconst[39m [33mSu
bscriptionBanner[39m[
33m:[39m [33mReact[3
9m[33m.[39m[33mFC[3
9m [33m=[39m () 
[33m=>[39m {
    [31m[1m>[22m[39
m[90m 5 |[39m   
[36mconst[39m 
navigate [33m=[39m us
eNavigate()[33m;[39m
     [90m   |[39m    
                       
    
[31m[1m^[22m[39m
     [90m 6 |[39m
     [90m 7 |[39m   
[36mreturn[39m (
     [90m 8 |[39m    
 [33m<[39m[33mdiv[3
9m className[33m=[39m
[32m"bg-[#fff7ed] 
border-y 
border-[#ffedd5] py-16"
[39m[33m>[39m[0m

      at invariant (nod
e_modules/react-router/
dist/development/chunk-
RBZI3ZHD.js:188:11)
      at 
useNavigateUnstable (no
de_modules/react-router
/dist/development/chunk
-RBZI3ZHD.js:6597:3)
      at useNavigate (n
ode_modules/react-route
r/dist/development/chun
k-RBZI3ZHD.js:6594:46)
      at 
SubscriptionBanner (com
ponents/SubscriptionBan
ner.tsx:5:31)
      at 
renderWithHooks (node_m
odules/react-dom/cjs/re
act-dom.development.js:
15486:18)
      at updateFunction
Component (node_modules
/react-dom/cjs/react-do
m.development.js:19617:
20)
      at 
mountLazyComponent (nod
e_modules/react-dom/cjs
/react-dom.development.
js:19988:17)
      at beginWork (nod
e_modules/react-dom/cjs
/react-dom.development.
js:21632:16)
      at beginWork$1 (n
ode_modules/react-dom/c
js/react-dom.developmen
t.js:27465:14)
      at 
performUnitOfWork (node
_modules/react-dom/cjs/
react-dom.development.j
s:26599:12)
      at workLoopSync (
node_modules/react-dom/
cjs/react-dom.developme
nt.js:26505:5)
      at 
renderRootSync (node_mo
dules/react-dom/cjs/rea
ct-dom.development.js:2
6473:7)
      at recoverFromCon
currentError (node_modu
les/react-dom/cjs/react
-dom.development.js:258
89:20)
      at performConcurr
entWorkOnRoot (node_mod
ules/react-dom/cjs/reac
t-dom.development.js:25
789:22)
      at workLoop (node
_modules/scheduler/cjs/
scheduler.development.j
s:266:34)
      at flushWork (nod
e_modules/scheduler/cjs
/scheduler.development.
js:239:14)
      at performWorkUnt
ilDeadline (node_module
s/scheduler/cjs/schedul
er.development.js:533:2
1)
      at Timeout.task 
[as _onTimeout] (node_m
odules/jsdom/lib/jsdom/
browser/Window.js:579:1
9)

  ΓùÅ HomePage UX 
Redesign Verification 
ΓÇ║ renders the 
harvest collection 
sections

    Unable to find an 
element by: [data-testi
d="harvest-collection"]

    Ignored nodes: 
comments, script, style
    [36m<body>[39m
      [36m<div />[39m
    [36m</body>[39m

    [0m [90m 109 
|[39m       [33m<[39
m[33m/[39m[33mReact
[39m[33m.[39m[33mSus
pense[39m[33m>[39m
     [90m 110 |[39m  
   )[33m;[39m
    [31m[1m>[22m[39
m[90m 111 |[39m     
[36mconst[39m 
collections 
[33m=[39m 
[36mawait[39m screen
[33m.[39mfindAllByTest
Id([32m'harvest-collec
tion'[39m)[33m;[39m
     [90m     |[39m  
                       
             
[31m[1m^[22m[39m
     [90m 112 |[39m  
   expect(collections[
33m.[39mlength)[33m.
[39mtoBe([35m2[39m)[
33m;[39m [90m// Best 
Sellers + New 
Arrivals[39m
     [90m 113 |[39m  
 })[33m;[39m
     [90m 114 
|[39m[0m

      at 
waitForWrapper (node_mo
dules/@testing-library/
dom/dist/wait-for.js:16
3:27)
      at node_modules/@
testing-library/dom/dis
t/query-helpers.js:86:3
3
      at 
Object.<anonymous> (com
ponents/__tests__/HomeP
age.test.tsx:111:38)

  ΓùÅ HomePage UX 
Redesign Verification 
ΓÇ║ renders core page 
sections

    useNavigate() may 
be used only in the 
context of a <Router> 
component.

    [0m [90m 3 |[39m
     [90m 4 |[39m 
[36mconst[39m [33mSu
bscriptionBanner[39m[
33m:[39m [33mReact[3
9m[33m.[39m[33mFC[3
9m [33m=[39m () 
[33m=>[39m {
    [31m[1m>[22m[39
m[90m 5 |[39m   
[36mconst[39m 
navigate [33m=[39m us
eNavigate()[33m;[39m
     [90m   |[39m    
                       
    
[31m[1m^[22m[39m
     [90m 6 |[39m
     [90m 7 |[39m   
[36mreturn[39m (
     [90m 8 |[39m    
 [33m<[39m[33mdiv[3
9m className[33m=[39m
[32m"bg-[#fff7ed] 
border-y 
border-[#ffedd5] py-16"
[39m[33m>[39m[0m

      at invariant (nod
e_modules/react-router/
dist/development/chunk-
RBZI3ZHD.js:188:11)
      at 
useNavigateUnstable (no
de_modules/react-router
/dist/development/chunk
-RBZI3ZHD.js:6597:3)
      at useNavigate (n
ode_modules/react-route
r/dist/development/chun
k-RBZI3ZHD.js:6594:46)
      at 
SubscriptionBanner (com
ponents/SubscriptionBan
ner.tsx:5:31)
      at 
renderWithHooks (node_m
odules/react-dom/cjs/re
act-dom.development.js:
15486:18)
      at updateFunction
Component (node_modules
/react-dom/cjs/react-do
m.development.js:19617:
20)
      at 
mountLazyComponent (nod
e_modules/react-dom/cjs
/react-dom.development.
js:19988:17)
      at beginWork (nod
e_modules/react-dom/cjs
/react-dom.development.
js:21632:16)
      at beginWork$1 (n
ode_modules/react-dom/c
js/react-dom.developmen
t.js:27465:14)
      at 
performUnitOfWork (node
_modules/react-dom/cjs/
react-dom.development.j
s:26599:12)
      at workLoopSync (
node_modules/react-dom/
cjs/react-dom.developme
nt.js:26505:5)
      at 
renderRootSync (node_mo
dules/react-dom/cjs/rea
ct-dom.development.js:2
6473:7)
      at recoverFromCon
currentError (node_modu
les/react-dom/cjs/react
-dom.development.js:258
89:20)
      at performConcurr
entWorkOnRoot (node_mod
ules/react-dom/cjs/reac
t-dom.development.js:25
789:22)
      at flushActQueue 
(node_modules/react/cjs
/react.development.js:2
667:24)
      at act (node_modu
les/react/cjs/react.dev
elopment.js:2582:11)
      at node_modules/@
testing-library/react/d
ist/act-compat.js:47:25
      at renderRoot (no
de_modules/@testing-lib
rary/react/dist/pure.js
:190:26)
      at render (node_m
odules/@testing-library
/react/dist/pure.js:292
:10)
      at 
Object.<anonymous> (com
ponents/__tests__/HomeP
age.test.tsx:116:11)

Test Suites: 1 failed, 
1 total
Tests:       2 failed, 
2 total
Snapshots:   0 total
Time:        6.894 s
Ran all test suites 
matching components/__t
ests__/HomePage.test.ts
x.
